=============================================
Dataset: HAR
Mode:    ft_1p
=============================================
Data loaded ...
Training started ....

Epoch : 1
Train Loss     : 1.8632	 | 	Train Accuracy     : 0.2812
Valid Loss     : 1.5837	 | 	Valid Accuracy     : 0.4780

Epoch : 2
Train Loss     : 1.2470	 | 	Train Accuracy     : 0.5781
Valid Loss     : 1.2791	 | 	Valid Accuracy     : 0.5391

Epoch : 3
Train Loss     : 0.8613	 | 	Train Accuracy     : 0.7031
Valid Loss     : 1.0436	 | 	Valid Accuracy     : 0.6023

Epoch : 4
Train Loss     : 0.6354	 | 	Train Accuracy     : 0.8125
Valid Loss     : 0.8769	 | 	Valid Accuracy     : 0.6710

Epoch : 5
Train Loss     : 0.5244	 | 	Train Accuracy     : 0.9062
Valid Loss     : 0.7744	 | 	Valid Accuracy     : 0.7088

Epoch : 6
Train Loss     : 0.4114	 | 	Train Accuracy     : 0.9531
Valid Loss     : 0.7041	 | 	Valid Accuracy     : 0.7225

Epoch : 7
Train Loss     : 0.3967	 | 	Train Accuracy     : 0.9219
Valid Loss     : 0.6442	 | 	Valid Accuracy     : 0.7493

Epoch : 8
Train Loss     : 0.2620	 | 	Train Accuracy     : 0.9531
Valid Loss     : 0.6105	 | 	Valid Accuracy     : 0.7534

Epoch : 9
Train Loss     : 0.2610	 | 	Train Accuracy     : 0.9375
Valid Loss     : 0.6001	 | 	Valid Accuracy     : 0.7527

Epoch : 10
Train Loss     : 0.2746	 | 	Train Accuracy     : 0.9375
Valid Loss     : 0.5995	 | 	Valid Accuracy     : 0.7582

Epoch : 11
Train Loss     : 0.2559	 | 	Train Accuracy     : 0.9219
Valid Loss     : 0.5989	 | 	Valid Accuracy     : 0.7685

Epoch : 12
Train Loss     : 0.2150	 | 	Train Accuracy     : 0.9531
Valid Loss     : 0.5972	 | 	Valid Accuracy     : 0.7617

Epoch : 13
Train Loss     : 0.2252	 | 	Train Accuracy     : 0.9375
Valid Loss     : 0.6105	 | 	Valid Accuracy     : 0.7527

Epoch : 14
Train Loss     : 0.1693	 | 	Train Accuracy     : 0.9531
Valid Loss     : 0.5934	 | 	Valid Accuracy     : 0.7624

Epoch : 15
Train Loss     : 0.1849	 | 	Train Accuracy     : 0.9531
Valid Loss     : 0.5606	 | 	Valid Accuracy     : 0.7802

Epoch : 16
Train Loss     : 0.1669	 | 	Train Accuracy     : 0.9688
Valid Loss     : 0.5442	 | 	Valid Accuracy     : 0.7905

Epoch : 17
Train Loss     : 0.1412	 | 	Train Accuracy     : 0.9688
Valid Loss     : 0.5332	 | 	Valid Accuracy     : 0.7967

Epoch : 18
Train Loss     : 0.1027	 | 	Train Accuracy     : 0.9844
Valid Loss     : 0.5206	 | 	Valid Accuracy     : 0.8008

Epoch : 19
Train Loss     : 0.1173	 | 	Train Accuracy     : 0.9844
Valid Loss     : 0.5243	 | 	Valid Accuracy     : 0.7995

Epoch : 20
Train Loss     : 0.1257	 | 	Train Accuracy     : 0.9688
Valid Loss     : 0.5345	 | 	Valid Accuracy     : 0.8015

Epoch : 21
Train Loss     : 0.0909	 | 	Train Accuracy     : 0.9844
Valid Loss     : 0.5469	 | 	Valid Accuracy     : 0.7988

Epoch : 22
Train Loss     : 0.1521	 | 	Train Accuracy     : 0.9531
Valid Loss     : 0.5556	 | 	Valid Accuracy     : 0.7960

Epoch : 23
Train Loss     : 0.0889	 | 	Train Accuracy     : 0.9688
Valid Loss     : 0.5668	 | 	Valid Accuracy     : 0.7912

Epoch : 24
Train Loss     : 0.1219	 | 	Train Accuracy     : 0.9688
Valid Loss     : 0.5603	 | 	Valid Accuracy     : 0.7953

Epoch : 25
Train Loss     : 0.0994	 | 	Train Accuracy     : 0.9531
Valid Loss     : 0.5471	 | 	Valid Accuracy     : 0.7995

Epoch : 26
Train Loss     : 0.1012	 | 	Train Accuracy     : 0.9688
Valid Loss     : 0.5319	 | 	Valid Accuracy     : 0.8015

Epoch : 27
Train Loss     : 0.0818	 | 	Train Accuracy     : 0.9688
Valid Loss     : 0.5228	 | 	Valid Accuracy     : 0.8070

Epoch : 28
Train Loss     : 0.0982	 | 	Train Accuracy     : 0.9688
Valid Loss     : 0.5198	 | 	Valid Accuracy     : 0.8118

Epoch : 29
Train Loss     : 0.0902	 | 	Train Accuracy     : 0.9688
Valid Loss     : 0.5122	 | 	Valid Accuracy     : 0.8146

Epoch : 30
Train Loss     : 0.0801	 | 	Train Accuracy     : 0.9688
Valid Loss     : 0.5457	 | 	Valid Accuracy     : 0.7981

Epoch : 31
Train Loss     : 0.1106	 | 	Train Accuracy     : 0.9531
Valid Loss     : 0.5460	 | 	Valid Accuracy     : 0.7981

Epoch : 32
Train Loss     : 0.1060	 | 	Train Accuracy     : 0.9531
Valid Loss     : 0.5398	 | 	Valid Accuracy     : 0.7967

Epoch : 33
Train Loss     : 0.0746	 | 	Train Accuracy     : 0.9844
Valid Loss     : 0.5417	 | 	Valid Accuracy     : 0.7960

Epoch : 34
Train Loss     : 0.0696	 | 	Train Accuracy     : 0.9688
Valid Loss     : 0.5498	 | 	Valid Accuracy     : 0.7912

Epoch : 35
Train Loss     : 0.0792	 | 	Train Accuracy     : 0.9688
Valid Loss     : 0.5702	 | 	Valid Accuracy     : 0.7885

Epoch : 36
Train Loss     : 0.1118	 | 	Train Accuracy     : 0.9531
Valid Loss     : 0.5537	 | 	Valid Accuracy     : 0.7912

Epoch : 37
Train Loss     : 0.0815	 | 	Train Accuracy     : 0.9688
Valid Loss     : 0.5367	 | 	Valid Accuracy     : 0.8015

Epoch : 38
Train Loss     : 0.1129	 | 	Train Accuracy     : 0.9688
Valid Loss     : 0.5295	 | 	Valid Accuracy     : 0.8036

Epoch : 39
Train Loss     : 0.0920	 | 	Train Accuracy     : 0.9531
Valid Loss     : 0.5266	 | 	Valid Accuracy     : 0.8084

Epoch : 40
Train Loss     : 0.0654	 | 	Train Accuracy     : 0.9688
Valid Loss     : 0.5138	 | 	Valid Accuracy     : 0.8152

Evaluate on the Test set:
Test loss      :0.6712	 | Test Accuracy      : 0.7557

################## Training is Done! #########################
Training time is : 0:00:18.879411
