=============================================
Dataset: HAR
Mode:    ft_1p
=============================================
Data loaded ...
Training started ....

Epoch : 1
Train Loss     : 1.7689	 | 	Train Accuracy     : 0.3438
Valid Loss     : 1.4881	 | 	Valid Accuracy     : 0.4492

Epoch : 2
Train Loss     : 1.0229	 | 	Train Accuracy     : 0.6719
Valid Loss     : 1.2023	 | 	Valid Accuracy     : 0.5604

Epoch : 3
Train Loss     : 0.8018	 | 	Train Accuracy     : 0.7344
Valid Loss     : 1.0367	 | 	Valid Accuracy     : 0.5749

Epoch : 4
Train Loss     : 0.6214	 | 	Train Accuracy     : 0.7969
Valid Loss     : 0.8624	 | 	Valid Accuracy     : 0.6552

Epoch : 5
Train Loss     : 0.4238	 | 	Train Accuracy     : 0.9531
Valid Loss     : 0.7394	 | 	Valid Accuracy     : 0.7418

Epoch : 6
Train Loss     : 0.3872	 | 	Train Accuracy     : 0.9531
Valid Loss     : 0.6557	 | 	Valid Accuracy     : 0.7720

Epoch : 7
Train Loss     : 0.3327	 | 	Train Accuracy     : 0.9062
Valid Loss     : 0.6141	 | 	Valid Accuracy     : 0.7788

Epoch : 8
Train Loss     : 0.2569	 | 	Train Accuracy     : 0.9844
Valid Loss     : 0.5907	 | 	Valid Accuracy     : 0.7788

Epoch : 9
Train Loss     : 0.2173	 | 	Train Accuracy     : 0.9688
Valid Loss     : 0.5811	 | 	Valid Accuracy     : 0.7775

Epoch : 10
Train Loss     : 0.2441	 | 	Train Accuracy     : 0.9688
Valid Loss     : 0.5752	 | 	Valid Accuracy     : 0.7734

Epoch : 11
Train Loss     : 0.2756	 | 	Train Accuracy     : 0.9219
Valid Loss     : 0.5653	 | 	Valid Accuracy     : 0.7706

Epoch : 12
Train Loss     : 0.2208	 | 	Train Accuracy     : 0.9062
Valid Loss     : 0.5424	 | 	Valid Accuracy     : 0.8049

Epoch : 13
Train Loss     : 0.1769	 | 	Train Accuracy     : 0.9531
Valid Loss     : 0.5351	 | 	Valid Accuracy     : 0.8043

Epoch : 14
Train Loss     : 0.1974	 | 	Train Accuracy     : 0.9688
Valid Loss     : 0.5406	 | 	Valid Accuracy     : 0.8001

Epoch : 15
Train Loss     : 0.1381	 | 	Train Accuracy     : 0.9688
Valid Loss     : 0.5443	 | 	Valid Accuracy     : 0.7988

Epoch : 16
Train Loss     : 0.1339	 | 	Train Accuracy     : 0.9688
Valid Loss     : 0.5513	 | 	Valid Accuracy     : 0.7995

Epoch : 17
Train Loss     : 0.1080	 | 	Train Accuracy     : 0.9844
Valid Loss     : 0.5379	 | 	Valid Accuracy     : 0.8132

Epoch : 18
Train Loss     : 0.1530	 | 	Train Accuracy     : 0.9375
Valid Loss     : 0.5420	 | 	Valid Accuracy     : 0.8091

Epoch : 19
Train Loss     : 0.1018	 | 	Train Accuracy     : 0.9688
Valid Loss     : 0.5395	 | 	Valid Accuracy     : 0.8043

Epoch : 20
Train Loss     : 0.0840	 | 	Train Accuracy     : 0.9844
Valid Loss     : 0.5539	 | 	Valid Accuracy     : 0.8015

Epoch : 21
Train Loss     : 0.1029	 | 	Train Accuracy     : 0.9844
Valid Loss     : 0.5466	 | 	Valid Accuracy     : 0.8063

Epoch : 22
Train Loss     : 0.0871	 | 	Train Accuracy     : 0.9844
Valid Loss     : 0.5230	 | 	Valid Accuracy     : 0.8166

Epoch : 23
Train Loss     : 0.0937	 | 	Train Accuracy     : 0.9844
Valid Loss     : 0.5199	 | 	Valid Accuracy     : 0.8180

Epoch : 24
Train Loss     : 0.1160	 | 	Train Accuracy     : 0.9688
Valid Loss     : 0.5330	 | 	Valid Accuracy     : 0.8152

Epoch : 25
Train Loss     : 0.0977	 | 	Train Accuracy     : 0.9688
Valid Loss     : 0.5445	 | 	Valid Accuracy     : 0.8104

Epoch : 26
Train Loss     : 0.0837	 | 	Train Accuracy     : 0.9688
Valid Loss     : 0.5353	 | 	Valid Accuracy     : 0.8152

Epoch : 27
Train Loss     : 0.1259	 | 	Train Accuracy     : 0.9688
Valid Loss     : 0.5317	 | 	Valid Accuracy     : 0.8221

Epoch : 28
Train Loss     : 0.1144	 | 	Train Accuracy     : 0.9531
Valid Loss     : 0.5118	 | 	Valid Accuracy     : 0.8262

Epoch : 29
Train Loss     : 0.1017	 | 	Train Accuracy     : 0.9688
Valid Loss     : 0.5096	 | 	Valid Accuracy     : 0.8269

Epoch : 30
Train Loss     : 0.0736	 | 	Train Accuracy     : 0.9688
Valid Loss     : 0.5051	 | 	Valid Accuracy     : 0.8297

Epoch : 31
Train Loss     : 0.0669	 | 	Train Accuracy     : 0.9688
Valid Loss     : 0.5143	 | 	Valid Accuracy     : 0.8290

Epoch : 32
Train Loss     : 0.1140	 | 	Train Accuracy     : 0.9688
Valid Loss     : 0.5397	 | 	Valid Accuracy     : 0.8242

Epoch : 33
Train Loss     : 0.0863	 | 	Train Accuracy     : 0.9531
Valid Loss     : 0.5583	 | 	Valid Accuracy     : 0.8091

Epoch : 34
Train Loss     : 0.0784	 | 	Train Accuracy     : 0.9688
Valid Loss     : 0.5563	 | 	Valid Accuracy     : 0.8084

Epoch : 35
Train Loss     : 0.0814	 | 	Train Accuracy     : 0.9688
Valid Loss     : 0.5475	 | 	Valid Accuracy     : 0.8098

Epoch : 36
Train Loss     : 0.0955	 | 	Train Accuracy     : 0.9531
Valid Loss     : 0.5516	 | 	Valid Accuracy     : 0.8098

Epoch : 37
Train Loss     : 0.0420	 | 	Train Accuracy     : 1.0000
Valid Loss     : 0.5835	 | 	Valid Accuracy     : 0.8008

Epoch : 38
Train Loss     : 0.0518	 | 	Train Accuracy     : 0.9688
Valid Loss     : 0.6021	 | 	Valid Accuracy     : 0.7960

Epoch : 39
Train Loss     : 0.0840	 | 	Train Accuracy     : 0.9688
Valid Loss     : 0.5774	 | 	Valid Accuracy     : 0.8049

Epoch : 40
Train Loss     : 0.0679	 | 	Train Accuracy     : 0.9688
Valid Loss     : 0.5445	 | 	Valid Accuracy     : 0.8214

Evaluate on the Test set:
Test loss      :0.6946	 | Test Accuracy      : 0.7514

################## Training is Done! #########################
Training time is : 0:00:24.957743
