=============================================
Dataset: HAR
Mode:    ft_1p
=============================================
Data loaded ...
Training started ....

Epoch : 1
Train Loss     : 1.8725	 | 	Train Accuracy     : 0.2812
Valid Loss     : 1.5964	 | 	Valid Accuracy     : 0.4870

Epoch : 2
Train Loss     : 1.2479	 | 	Train Accuracy     : 0.6094
Valid Loss     : 1.2722	 | 	Valid Accuracy     : 0.5515

Epoch : 3
Train Loss     : 0.8563	 | 	Train Accuracy     : 0.7344
Valid Loss     : 1.0331	 | 	Valid Accuracy     : 0.6236

Epoch : 4
Train Loss     : 0.6421	 | 	Train Accuracy     : 0.7969
Valid Loss     : 0.8737	 | 	Valid Accuracy     : 0.6848

Epoch : 5
Train Loss     : 0.5265	 | 	Train Accuracy     : 0.8906
Valid Loss     : 0.7762	 | 	Valid Accuracy     : 0.7067

Epoch : 6
Train Loss     : 0.4084	 | 	Train Accuracy     : 0.9375
Valid Loss     : 0.7044	 | 	Valid Accuracy     : 0.7315

Epoch : 7
Train Loss     : 0.3945	 | 	Train Accuracy     : 0.9219
Valid Loss     : 0.6428	 | 	Valid Accuracy     : 0.7637

Epoch : 8
Train Loss     : 0.2626	 | 	Train Accuracy     : 0.9844
Valid Loss     : 0.6115	 | 	Valid Accuracy     : 0.7555

Epoch : 9
Train Loss     : 0.2669	 | 	Train Accuracy     : 0.9375
Valid Loss     : 0.6000	 | 	Valid Accuracy     : 0.7610

Epoch : 10
Train Loss     : 0.2749	 | 	Train Accuracy     : 0.9375
Valid Loss     : 0.5999	 | 	Valid Accuracy     : 0.7610

Epoch : 11
Train Loss     : 0.2603	 | 	Train Accuracy     : 0.9219
Valid Loss     : 0.5991	 | 	Valid Accuracy     : 0.7672

Epoch : 12
Train Loss     : 0.2187	 | 	Train Accuracy     : 0.9531
Valid Loss     : 0.5935	 | 	Valid Accuracy     : 0.7727

Epoch : 13
Train Loss     : 0.2256	 | 	Train Accuracy     : 0.9375
Valid Loss     : 0.6066	 | 	Valid Accuracy     : 0.7576

Epoch : 14
Train Loss     : 0.1745	 | 	Train Accuracy     : 0.9531
Valid Loss     : 0.5891	 | 	Valid Accuracy     : 0.7665

Epoch : 15
Train Loss     : 0.1864	 | 	Train Accuracy     : 0.9688
Valid Loss     : 0.5575	 | 	Valid Accuracy     : 0.7809

Epoch : 16
Train Loss     : 0.1725	 | 	Train Accuracy     : 0.9531
Valid Loss     : 0.5410	 | 	Valid Accuracy     : 0.7946

Epoch : 17
Train Loss     : 0.1396	 | 	Train Accuracy     : 0.9688
Valid Loss     : 0.5277	 | 	Valid Accuracy     : 0.8001

Epoch : 18
Train Loss     : 0.1019	 | 	Train Accuracy     : 0.9844
Valid Loss     : 0.5155	 | 	Valid Accuracy     : 0.8070

Epoch : 19
Train Loss     : 0.1169	 | 	Train Accuracy     : 0.9844
Valid Loss     : 0.5187	 | 	Valid Accuracy     : 0.8077

Epoch : 20
Train Loss     : 0.1247	 | 	Train Accuracy     : 0.9688
Valid Loss     : 0.5291	 | 	Valid Accuracy     : 0.8098

Epoch : 21
Train Loss     : 0.0924	 | 	Train Accuracy     : 0.9844
Valid Loss     : 0.5395	 | 	Valid Accuracy     : 0.8043

Epoch : 22
Train Loss     : 0.1518	 | 	Train Accuracy     : 0.9531
Valid Loss     : 0.5474	 | 	Valid Accuracy     : 0.7988

Epoch : 23
Train Loss     : 0.0896	 | 	Train Accuracy     : 0.9688
Valid Loss     : 0.5597	 | 	Valid Accuracy     : 0.7960

Epoch : 24
Train Loss     : 0.1244	 | 	Train Accuracy     : 0.9688
Valid Loss     : 0.5521	 | 	Valid Accuracy     : 0.7988

Epoch : 25
Train Loss     : 0.1045	 | 	Train Accuracy     : 0.9531
Valid Loss     : 0.5392	 | 	Valid Accuracy     : 0.8070

Epoch : 26
Train Loss     : 0.1031	 | 	Train Accuracy     : 0.9688
Valid Loss     : 0.5233	 | 	Valid Accuracy     : 0.8125

Epoch : 27
Train Loss     : 0.0809	 | 	Train Accuracy     : 0.9688
Valid Loss     : 0.5148	 | 	Valid Accuracy     : 0.8139

Epoch : 28
Train Loss     : 0.0991	 | 	Train Accuracy     : 0.9688
Valid Loss     : 0.5124	 | 	Valid Accuracy     : 0.8146

Epoch : 29
Train Loss     : 0.0910	 | 	Train Accuracy     : 0.9688
Valid Loss     : 0.5080	 | 	Valid Accuracy     : 0.8159

Epoch : 30
Train Loss     : 0.0792	 | 	Train Accuracy     : 0.9688
Valid Loss     : 0.5427	 | 	Valid Accuracy     : 0.7995

Epoch : 31
Train Loss     : 0.1108	 | 	Train Accuracy     : 0.9531
Valid Loss     : 0.5424	 | 	Valid Accuracy     : 0.7995

Epoch : 32
Train Loss     : 0.1066	 | 	Train Accuracy     : 0.9531
Valid Loss     : 0.5351	 | 	Valid Accuracy     : 0.7995

Epoch : 33
Train Loss     : 0.0766	 | 	Train Accuracy     : 0.9844
Valid Loss     : 0.5371	 | 	Valid Accuracy     : 0.7974

Epoch : 34
Train Loss     : 0.0691	 | 	Train Accuracy     : 0.9688
Valid Loss     : 0.5453	 | 	Valid Accuracy     : 0.7981

Epoch : 35
Train Loss     : 0.0812	 | 	Train Accuracy     : 0.9688
Valid Loss     : 0.5659	 | 	Valid Accuracy     : 0.7953

Epoch : 36
Train Loss     : 0.1122	 | 	Train Accuracy     : 0.9531
Valid Loss     : 0.5479	 | 	Valid Accuracy     : 0.7974

Epoch : 37
Train Loss     : 0.0849	 | 	Train Accuracy     : 0.9844
Valid Loss     : 0.5304	 | 	Valid Accuracy     : 0.8077

Epoch : 38
Train Loss     : 0.1102	 | 	Train Accuracy     : 0.9688
Valid Loss     : 0.5234	 | 	Valid Accuracy     : 0.8111

Epoch : 39
Train Loss     : 0.0879	 | 	Train Accuracy     : 0.9531
Valid Loss     : 0.5224	 | 	Valid Accuracy     : 0.8146

Epoch : 40
Train Loss     : 0.0673	 | 	Train Accuracy     : 0.9688
Valid Loss     : 0.5097	 | 	Valid Accuracy     : 0.8159

Evaluate on the Test set:
Test loss      :0.6723	 | Test Accuracy      : 0.7557

################## Training is Done! #########################
Training time is : 0:00:20.561404
