=============================================
Dataset: HAR
Mode:    ft_1p
=============================================
Data loaded ...
Training started ....

Epoch : 1
Train Loss     : 1.6221	 | 	Train Accuracy     : 0.2969
Valid Loss     : 1.4164	 | 	Valid Accuracy     : 0.5021

Epoch : 2
Train Loss     : 1.0038	 | 	Train Accuracy     : 0.6562
Valid Loss     : 1.1595	 | 	Valid Accuracy     : 0.6243

Epoch : 3
Train Loss     : 0.6952	 | 	Train Accuracy     : 0.8438
Valid Loss     : 0.9942	 | 	Valid Accuracy     : 0.6484

Epoch : 4
Train Loss     : 0.5768	 | 	Train Accuracy     : 0.7812
Valid Loss     : 0.8540	 | 	Valid Accuracy     : 0.6676

Epoch : 5
Train Loss     : 0.4134	 | 	Train Accuracy     : 0.9531
Valid Loss     : 0.7389	 | 	Valid Accuracy     : 0.7191

Epoch : 6
Train Loss     : 0.3924	 | 	Train Accuracy     : 0.8906
Valid Loss     : 0.6750	 | 	Valid Accuracy     : 0.7431

Epoch : 7
Train Loss     : 0.3110	 | 	Train Accuracy     : 0.9688
Valid Loss     : 0.6294	 | 	Valid Accuracy     : 0.7589

Epoch : 8
Train Loss     : 0.2533	 | 	Train Accuracy     : 0.9531
Valid Loss     : 0.5967	 | 	Valid Accuracy     : 0.7747

Epoch : 9
Train Loss     : 0.1876	 | 	Train Accuracy     : 0.9688
Valid Loss     : 0.5938	 | 	Valid Accuracy     : 0.7699

Epoch : 10
Train Loss     : 0.2957	 | 	Train Accuracy     : 0.9062
Valid Loss     : 0.5977	 | 	Valid Accuracy     : 0.7617

Epoch : 11
Train Loss     : 0.2783	 | 	Train Accuracy     : 0.9219
Valid Loss     : 0.5713	 | 	Valid Accuracy     : 0.7823

Epoch : 12
Train Loss     : 0.1859	 | 	Train Accuracy     : 0.9531
Valid Loss     : 0.5499	 | 	Valid Accuracy     : 0.7988

Epoch : 13
Train Loss     : 0.1713	 | 	Train Accuracy     : 0.9844
Valid Loss     : 0.5437	 | 	Valid Accuracy     : 0.8029

Epoch : 14
Train Loss     : 0.1277	 | 	Train Accuracy     : 0.9688
Valid Loss     : 0.5393	 | 	Valid Accuracy     : 0.8077

Epoch : 15
Train Loss     : 0.1553	 | 	Train Accuracy     : 0.9688
Valid Loss     : 0.5555	 | 	Valid Accuracy     : 0.7885

Epoch : 16
Train Loss     : 0.1836	 | 	Train Accuracy     : 0.9375
Valid Loss     : 0.5539	 | 	Valid Accuracy     : 0.7898

Epoch : 17
Train Loss     : 0.1366	 | 	Train Accuracy     : 0.9844
Valid Loss     : 0.5616	 | 	Valid Accuracy     : 0.7837

Epoch : 18
Train Loss     : 0.1030	 | 	Train Accuracy     : 0.9688
Valid Loss     : 0.5596	 | 	Valid Accuracy     : 0.7857

Epoch : 19
Train Loss     : 0.1419	 | 	Train Accuracy     : 0.9531
Valid Loss     : 0.5499	 | 	Valid Accuracy     : 0.7960

Epoch : 20
Train Loss     : 0.1475	 | 	Train Accuracy     : 0.9531
Valid Loss     : 0.5212	 | 	Valid Accuracy     : 0.8125

Epoch : 21
Train Loss     : 0.0999	 | 	Train Accuracy     : 0.9688
Valid Loss     : 0.5044	 | 	Valid Accuracy     : 0.8262

Epoch : 22
Train Loss     : 0.0963	 | 	Train Accuracy     : 0.9688
Valid Loss     : 0.5090	 | 	Valid Accuracy     : 0.8297

Epoch : 23
Train Loss     : 0.1498	 | 	Train Accuracy     : 0.9375
Valid Loss     : 0.5286	 | 	Valid Accuracy     : 0.8139

Epoch : 24
Train Loss     : 0.1193	 | 	Train Accuracy     : 0.9375
Valid Loss     : 0.5677	 | 	Valid Accuracy     : 0.8015

Epoch : 25
Train Loss     : 0.0856	 | 	Train Accuracy     : 0.9688
Valid Loss     : 0.5834	 | 	Valid Accuracy     : 0.8008

Epoch : 26
Train Loss     : 0.1114	 | 	Train Accuracy     : 0.9375
Valid Loss     : 0.5901	 | 	Valid Accuracy     : 0.7988

Epoch : 27
Train Loss     : 0.2048	 | 	Train Accuracy     : 0.9219
Valid Loss     : 0.5813	 | 	Valid Accuracy     : 0.8043

Epoch : 28
Train Loss     : 0.1422	 | 	Train Accuracy     : 0.9531
Valid Loss     : 0.5443	 | 	Valid Accuracy     : 0.8091

Epoch : 29
Train Loss     : 0.0962	 | 	Train Accuracy     : 0.9688
Valid Loss     : 0.5261	 | 	Valid Accuracy     : 0.8194

Epoch : 30
Train Loss     : 0.0865	 | 	Train Accuracy     : 0.9531
Valid Loss     : 0.5181	 | 	Valid Accuracy     : 0.8207

Epoch : 31
Train Loss     : 0.2229	 | 	Train Accuracy     : 0.9062
Valid Loss     : 0.5418	 | 	Valid Accuracy     : 0.8029

Epoch : 32
Train Loss     : 0.0811	 | 	Train Accuracy     : 0.9688
Valid Loss     : 0.5913	 | 	Valid Accuracy     : 0.7775

Epoch : 33
Train Loss     : 0.0789	 | 	Train Accuracy     : 0.9688
Valid Loss     : 0.5931	 | 	Valid Accuracy     : 0.7747

Epoch : 34
Train Loss     : 0.0642	 | 	Train Accuracy     : 0.9844
Valid Loss     : 0.5852	 | 	Valid Accuracy     : 0.7775

Epoch : 35
Train Loss     : 0.0816	 | 	Train Accuracy     : 0.9531
Valid Loss     : 0.5847	 | 	Valid Accuracy     : 0.7788

Epoch : 36
Train Loss     : 0.0952	 | 	Train Accuracy     : 0.9688
Valid Loss     : 0.5792	 | 	Valid Accuracy     : 0.7843

Epoch : 37
Train Loss     : 0.0730	 | 	Train Accuracy     : 0.9844
Valid Loss     : 0.5868	 | 	Valid Accuracy     : 0.7843

Epoch : 38
Train Loss     : 0.1461	 | 	Train Accuracy     : 0.9375
Valid Loss     : 0.5848	 | 	Valid Accuracy     : 0.7823

Epoch : 39
Train Loss     : 0.0824	 | 	Train Accuracy     : 0.9688
Valid Loss     : 0.5729	 | 	Valid Accuracy     : 0.7837

Epoch : 40
Train Loss     : 0.0746	 | 	Train Accuracy     : 0.9688
Valid Loss     : 0.5597	 | 	Valid Accuracy     : 0.7905

Evaluate on the Test set:
Test loss      :0.6752	 | Test Accuracy      : 0.7368

################## Training is Done! #########################
Training time is : 0:00:25.823147
