=============================================
Dataset: HAR
Mode:    ft_1p
=============================================
Data loaded ...
Training started ....

Epoch : 1
Train Loss     : 1.6251	 | 	Train Accuracy     : 0.2969
Valid Loss     : 1.4188	 | 	Valid Accuracy     : 0.4938

Epoch : 2
Train Loss     : 1.0001	 | 	Train Accuracy     : 0.6562
Valid Loss     : 1.1616	 | 	Valid Accuracy     : 0.6264

Epoch : 3
Train Loss     : 0.6898	 | 	Train Accuracy     : 0.8438
Valid Loss     : 0.9953	 | 	Valid Accuracy     : 0.6401

Epoch : 4
Train Loss     : 0.5743	 | 	Train Accuracy     : 0.7969
Valid Loss     : 0.8548	 | 	Valid Accuracy     : 0.6573

Epoch : 5
Train Loss     : 0.4094	 | 	Train Accuracy     : 0.9531
Valid Loss     : 0.7386	 | 	Valid Accuracy     : 0.7102

Epoch : 6
Train Loss     : 0.3907	 | 	Train Accuracy     : 0.8906
Valid Loss     : 0.6758	 | 	Valid Accuracy     : 0.7438

Epoch : 7
Train Loss     : 0.3097	 | 	Train Accuracy     : 0.9531
Valid Loss     : 0.6311	 | 	Valid Accuracy     : 0.7548

Epoch : 8
Train Loss     : 0.2533	 | 	Train Accuracy     : 0.9531
Valid Loss     : 0.5982	 | 	Valid Accuracy     : 0.7775

Epoch : 9
Train Loss     : 0.1864	 | 	Train Accuracy     : 0.9688
Valid Loss     : 0.5955	 | 	Valid Accuracy     : 0.7630

Epoch : 10
Train Loss     : 0.2963	 | 	Train Accuracy     : 0.9062
Valid Loss     : 0.5996	 | 	Valid Accuracy     : 0.7624

Epoch : 11
Train Loss     : 0.2772	 | 	Train Accuracy     : 0.9219
Valid Loss     : 0.5755	 | 	Valid Accuracy     : 0.7788

Epoch : 12
Train Loss     : 0.1835	 | 	Train Accuracy     : 0.9531
Valid Loss     : 0.5549	 | 	Valid Accuracy     : 0.7967

Epoch : 13
Train Loss     : 0.1709	 | 	Train Accuracy     : 0.9844
Valid Loss     : 0.5481	 | 	Valid Accuracy     : 0.8008

Epoch : 14
Train Loss     : 0.1289	 | 	Train Accuracy     : 0.9688
Valid Loss     : 0.5425	 | 	Valid Accuracy     : 0.8015

Epoch : 15
Train Loss     : 0.1561	 | 	Train Accuracy     : 0.9688
Valid Loss     : 0.5567	 | 	Valid Accuracy     : 0.7905

Epoch : 16
Train Loss     : 0.1828	 | 	Train Accuracy     : 0.9375
Valid Loss     : 0.5534	 | 	Valid Accuracy     : 0.7919

Epoch : 17
Train Loss     : 0.1375	 | 	Train Accuracy     : 0.9844
Valid Loss     : 0.5598	 | 	Valid Accuracy     : 0.7837

Epoch : 18
Train Loss     : 0.1014	 | 	Train Accuracy     : 0.9688
Valid Loss     : 0.5575	 | 	Valid Accuracy     : 0.7885

Epoch : 19
Train Loss     : 0.1406	 | 	Train Accuracy     : 0.9688
Valid Loss     : 0.5489	 | 	Valid Accuracy     : 0.7981

Epoch : 20
Train Loss     : 0.1460	 | 	Train Accuracy     : 0.9531
Valid Loss     : 0.5213	 | 	Valid Accuracy     : 0.8091

Epoch : 21
Train Loss     : 0.1000	 | 	Train Accuracy     : 0.9688
Valid Loss     : 0.5049	 | 	Valid Accuracy     : 0.8276

Epoch : 22
Train Loss     : 0.0979	 | 	Train Accuracy     : 0.9688
Valid Loss     : 0.5094	 | 	Valid Accuracy     : 0.8297

Epoch : 23
Train Loss     : 0.1465	 | 	Train Accuracy     : 0.9375
Valid Loss     : 0.5285	 | 	Valid Accuracy     : 0.8187

Epoch : 24
Train Loss     : 0.1210	 | 	Train Accuracy     : 0.9375
Valid Loss     : 0.5673	 | 	Valid Accuracy     : 0.8029

Epoch : 25
Train Loss     : 0.0830	 | 	Train Accuracy     : 0.9688
Valid Loss     : 0.5820	 | 	Valid Accuracy     : 0.8015

Epoch : 26
Train Loss     : 0.1122	 | 	Train Accuracy     : 0.9375
Valid Loss     : 0.5883	 | 	Valid Accuracy     : 0.8015

Epoch : 27
Train Loss     : 0.2073	 | 	Train Accuracy     : 0.9062
Valid Loss     : 0.5806	 | 	Valid Accuracy     : 0.8049

Epoch : 28
Train Loss     : 0.1444	 | 	Train Accuracy     : 0.9531
Valid Loss     : 0.5460	 | 	Valid Accuracy     : 0.8098

Epoch : 29
Train Loss     : 0.0954	 | 	Train Accuracy     : 0.9688
Valid Loss     : 0.5278	 | 	Valid Accuracy     : 0.8187

Epoch : 30
Train Loss     : 0.0875	 | 	Train Accuracy     : 0.9531
Valid Loss     : 0.5201	 | 	Valid Accuracy     : 0.8194

Epoch : 31
Train Loss     : 0.2183	 | 	Train Accuracy     : 0.9062
Valid Loss     : 0.5453	 | 	Valid Accuracy     : 0.7981

Epoch : 32
Train Loss     : 0.0812	 | 	Train Accuracy     : 0.9688
Valid Loss     : 0.5949	 | 	Valid Accuracy     : 0.7788

Epoch : 33
Train Loss     : 0.0791	 | 	Train Accuracy     : 0.9688
Valid Loss     : 0.5967	 | 	Valid Accuracy     : 0.7768

Epoch : 34
Train Loss     : 0.0655	 | 	Train Accuracy     : 0.9844
Valid Loss     : 0.5880	 | 	Valid Accuracy     : 0.7775

Epoch : 35
Train Loss     : 0.0817	 | 	Train Accuracy     : 0.9531
Valid Loss     : 0.5866	 | 	Valid Accuracy     : 0.7809

Epoch : 36
Train Loss     : 0.0958	 | 	Train Accuracy     : 0.9531
Valid Loss     : 0.5800	 | 	Valid Accuracy     : 0.7850

Epoch : 37
Train Loss     : 0.0718	 | 	Train Accuracy     : 0.9844
Valid Loss     : 0.5877	 | 	Valid Accuracy     : 0.7843

Epoch : 38
Train Loss     : 0.1450	 | 	Train Accuracy     : 0.9375
Valid Loss     : 0.5856	 | 	Valid Accuracy     : 0.7823

Epoch : 39
Train Loss     : 0.0837	 | 	Train Accuracy     : 0.9688
Valid Loss     : 0.5735	 | 	Valid Accuracy     : 0.7837

Epoch : 40
Train Loss     : 0.0754	 | 	Train Accuracy     : 0.9688
Valid Loss     : 0.5600	 | 	Valid Accuracy     : 0.7926

Evaluate on the Test set:
Test loss      :0.6743	 | Test Accuracy      : 0.7358

################## Training is Done! #########################
Training time is : 0:00:25.618486
