=============================================
Dataset: HAR
Mode:    ft_1p
=============================================
Data loaded ...
Training started ....

Epoch : 1
Train Loss     : 1.6181	 | 	Train Accuracy     : 0.3438
Valid Loss     : 1.4152	 | 	Valid Accuracy     : 0.4931

Epoch : 2
Train Loss     : 1.0062	 | 	Train Accuracy     : 0.6719
Valid Loss     : 1.1596	 | 	Valid Accuracy     : 0.6168

Epoch : 3
Train Loss     : 0.6942	 | 	Train Accuracy     : 0.8438
Valid Loss     : 0.9946	 | 	Valid Accuracy     : 0.6374

Epoch : 4
Train Loss     : 0.5734	 | 	Train Accuracy     : 0.7969
Valid Loss     : 0.8560	 | 	Valid Accuracy     : 0.6587

Epoch : 5
Train Loss     : 0.4097	 | 	Train Accuracy     : 0.9531
Valid Loss     : 0.7417	 | 	Valid Accuracy     : 0.7102

Epoch : 6
Train Loss     : 0.3908	 | 	Train Accuracy     : 0.9062
Valid Loss     : 0.6790	 | 	Valid Accuracy     : 0.7438

Epoch : 7
Train Loss     : 0.3115	 | 	Train Accuracy     : 0.9688
Valid Loss     : 0.6339	 | 	Valid Accuracy     : 0.7521

Epoch : 8
Train Loss     : 0.2499	 | 	Train Accuracy     : 0.9688
Valid Loss     : 0.6013	 | 	Valid Accuracy     : 0.7782

Epoch : 9
Train Loss     : 0.1867	 | 	Train Accuracy     : 0.9688
Valid Loss     : 0.5980	 | 	Valid Accuracy     : 0.7665

Epoch : 10
Train Loss     : 0.3008	 | 	Train Accuracy     : 0.9062
Valid Loss     : 0.6000	 | 	Valid Accuracy     : 0.7644

Epoch : 11
Train Loss     : 0.2818	 | 	Train Accuracy     : 0.9219
Valid Loss     : 0.5749	 | 	Valid Accuracy     : 0.7775

Epoch : 12
Train Loss     : 0.1855	 | 	Train Accuracy     : 0.9531
Valid Loss     : 0.5539	 | 	Valid Accuracy     : 0.7981

Epoch : 13
Train Loss     : 0.1711	 | 	Train Accuracy     : 0.9844
Valid Loss     : 0.5468	 | 	Valid Accuracy     : 0.8008

Epoch : 14
Train Loss     : 0.1274	 | 	Train Accuracy     : 0.9688
Valid Loss     : 0.5422	 | 	Valid Accuracy     : 0.8049

Epoch : 15
Train Loss     : 0.1556	 | 	Train Accuracy     : 0.9688
Valid Loss     : 0.5560	 | 	Valid Accuracy     : 0.7864

Epoch : 16
Train Loss     : 0.1858	 | 	Train Accuracy     : 0.9375
Valid Loss     : 0.5541	 | 	Valid Accuracy     : 0.7933

Epoch : 17
Train Loss     : 0.1365	 | 	Train Accuracy     : 0.9844
Valid Loss     : 0.5628	 | 	Valid Accuracy     : 0.7809

Epoch : 18
Train Loss     : 0.1014	 | 	Train Accuracy     : 0.9688
Valid Loss     : 0.5634	 | 	Valid Accuracy     : 0.7871

Epoch : 19
Train Loss     : 0.1419	 | 	Train Accuracy     : 0.9531
Valid Loss     : 0.5538	 | 	Valid Accuracy     : 0.8001

Epoch : 20
Train Loss     : 0.1459	 | 	Train Accuracy     : 0.9531
Valid Loss     : 0.5234	 | 	Valid Accuracy     : 0.8111

Epoch : 21
Train Loss     : 0.1004	 | 	Train Accuracy     : 0.9688
Valid Loss     : 0.5056	 | 	Valid Accuracy     : 0.8297

Epoch : 22
Train Loss     : 0.0981	 | 	Train Accuracy     : 0.9688
Valid Loss     : 0.5106	 | 	Valid Accuracy     : 0.8297

Epoch : 23
Train Loss     : 0.1497	 | 	Train Accuracy     : 0.9375
Valid Loss     : 0.5311	 | 	Valid Accuracy     : 0.8166

Epoch : 24
Train Loss     : 0.1190	 | 	Train Accuracy     : 0.9375
Valid Loss     : 0.5728	 | 	Valid Accuracy     : 0.8015

Epoch : 25
Train Loss     : 0.0840	 | 	Train Accuracy     : 0.9688
Valid Loss     : 0.5891	 | 	Valid Accuracy     : 0.7995

Epoch : 26
Train Loss     : 0.1142	 | 	Train Accuracy     : 0.9375
Valid Loss     : 0.5960	 | 	Valid Accuracy     : 0.7974

Epoch : 27
Train Loss     : 0.2070	 | 	Train Accuracy     : 0.9219
Valid Loss     : 0.5875	 | 	Valid Accuracy     : 0.8056

Epoch : 28
Train Loss     : 0.1428	 | 	Train Accuracy     : 0.9531
Valid Loss     : 0.5499	 | 	Valid Accuracy     : 0.8111

Epoch : 29
Train Loss     : 0.0947	 | 	Train Accuracy     : 0.9688
Valid Loss     : 0.5310	 | 	Valid Accuracy     : 0.8159

Epoch : 30
Train Loss     : 0.0868	 | 	Train Accuracy     : 0.9531
Valid Loss     : 0.5224	 | 	Valid Accuracy     : 0.8221

Epoch : 31
Train Loss     : 0.2242	 | 	Train Accuracy     : 0.9062
Valid Loss     : 0.5499	 | 	Valid Accuracy     : 0.8029

Epoch : 32
Train Loss     : 0.0798	 | 	Train Accuracy     : 0.9688
Valid Loss     : 0.6050	 | 	Valid Accuracy     : 0.7761

Epoch : 33
Train Loss     : 0.0789	 | 	Train Accuracy     : 0.9688
Valid Loss     : 0.6071	 | 	Valid Accuracy     : 0.7734

Epoch : 34
Train Loss     : 0.0643	 | 	Train Accuracy     : 0.9844
Valid Loss     : 0.5989	 | 	Valid Accuracy     : 0.7775

Epoch : 35
Train Loss     : 0.0806	 | 	Train Accuracy     : 0.9531
Valid Loss     : 0.5978	 | 	Valid Accuracy     : 0.7795

Epoch : 36
Train Loss     : 0.0955	 | 	Train Accuracy     : 0.9531
Valid Loss     : 0.5911	 | 	Valid Accuracy     : 0.7864

Epoch : 37
Train Loss     : 0.0744	 | 	Train Accuracy     : 0.9844
Valid Loss     : 0.5983	 | 	Valid Accuracy     : 0.7802

Epoch : 38
Train Loss     : 0.1466	 | 	Train Accuracy     : 0.9375
Valid Loss     : 0.5963	 | 	Valid Accuracy     : 0.7802

Epoch : 39
Train Loss     : 0.0830	 | 	Train Accuracy     : 0.9688
Valid Loss     : 0.5836	 | 	Valid Accuracy     : 0.7816

Epoch : 40
Train Loss     : 0.0751	 | 	Train Accuracy     : 0.9688
Valid Loss     : 0.5688	 | 	Valid Accuracy     : 0.7926

Evaluate on the Test set:
Test loss      :0.6809	 | Test Accuracy      : 0.7338

################## Training is Done! #########################
Training time is : 0:00:26.664783
