=============================================
Dataset: HAR
Mode:    ft_1p
=============================================
Data loaded ...
Training started ....

Epoch : 1
Train Loss     : 1.7080	 | 	Train Accuracy     : 0.4062
Valid Loss     : 1.4663	 | 	Valid Accuracy     : 0.4966

Epoch : 2
Train Loss     : 1.0537	 | 	Train Accuracy     : 0.6406
Valid Loss     : 1.1708	 | 	Valid Accuracy     : 0.6030

Epoch : 3
Train Loss     : 0.6985	 | 	Train Accuracy     : 0.8438
Valid Loss     : 0.9602	 | 	Valid Accuracy     : 0.6456

Epoch : 4
Train Loss     : 0.5986	 | 	Train Accuracy     : 0.8906
Valid Loss     : 0.8459	 | 	Valid Accuracy     : 0.6669

Epoch : 5
Train Loss     : 0.4883	 | 	Train Accuracy     : 0.9062
Valid Loss     : 0.7454	 | 	Valid Accuracy     : 0.7157

Epoch : 6
Train Loss     : 0.3853	 | 	Train Accuracy     : 0.9219
Valid Loss     : 0.6762	 | 	Valid Accuracy     : 0.7370

Epoch : 7
Train Loss     : 0.3439	 | 	Train Accuracy     : 0.9375
Valid Loss     : 0.6443	 | 	Valid Accuracy     : 0.7548

Epoch : 8
Train Loss     : 0.3053	 | 	Train Accuracy     : 0.9219
Valid Loss     : 0.6211	 | 	Valid Accuracy     : 0.7562

Epoch : 9
Train Loss     : 0.2343	 | 	Train Accuracy     : 0.9219
Valid Loss     : 0.5985	 | 	Valid Accuracy     : 0.7637

Epoch : 10
Train Loss     : 0.1958	 | 	Train Accuracy     : 0.9844
Valid Loss     : 0.5819	 | 	Valid Accuracy     : 0.7823

Epoch : 11
Train Loss     : 0.1788	 | 	Train Accuracy     : 0.9688
Valid Loss     : 0.5687	 | 	Valid Accuracy     : 0.7830

Epoch : 12
Train Loss     : 0.1901	 | 	Train Accuracy     : 0.9531
Valid Loss     : 0.5664	 | 	Valid Accuracy     : 0.7891

Epoch : 13
Train Loss     : 0.2011	 | 	Train Accuracy     : 0.9219
Valid Loss     : 0.5795	 | 	Valid Accuracy     : 0.7768

Epoch : 14
Train Loss     : 0.1443	 | 	Train Accuracy     : 0.9688
Valid Loss     : 0.5876	 | 	Valid Accuracy     : 0.7830

Epoch : 15
Train Loss     : 0.1110	 | 	Train Accuracy     : 0.9844
Valid Loss     : 0.5866	 | 	Valid Accuracy     : 0.7795

Epoch : 16
Train Loss     : 0.1330	 | 	Train Accuracy     : 0.9531
Valid Loss     : 0.5764	 | 	Valid Accuracy     : 0.7891

Epoch : 17
Train Loss     : 0.1517	 | 	Train Accuracy     : 0.9531
Valid Loss     : 0.5513	 | 	Valid Accuracy     : 0.8070

Epoch : 18
Train Loss     : 0.1614	 | 	Train Accuracy     : 0.9531
Valid Loss     : 0.5578	 | 	Valid Accuracy     : 0.8015
