=============================================
Dataset: HAR
Mode:    ft_1p
=============================================
Data loaded ...
Training started ....

Epoch : 1
Train Loss     : 1.7080	 | 	Train Accuracy     : 0.4062
Valid Loss     : 1.4663	 | 	Valid Accuracy     : 0.4966

Epoch : 2
Train Loss     : 1.0537	 | 	Train Accuracy     : 0.6406
Valid Loss     : 1.1708	 | 	Valid Accuracy     : 0.6030

Epoch : 3
Train Loss     : 0.6985	 | 	Train Accuracy     : 0.8438
Valid Loss     : 0.9602	 | 	Valid Accuracy     : 0.6456

Epoch : 4
Train Loss     : 0.5986	 | 	Train Accuracy     : 0.8906
Valid Loss     : 0.8459	 | 	Valid Accuracy     : 0.6669

Epoch : 5
Train Loss     : 0.4883	 | 	Train Accuracy     : 0.9062
Valid Loss     : 0.7454	 | 	Valid Accuracy     : 0.7157

Epoch : 6
Train Loss     : 0.3853	 | 	Train Accuracy     : 0.9219
Valid Loss     : 0.6762	 | 	Valid Accuracy     : 0.7370

Epoch : 7
Train Loss     : 0.3439	 | 	Train Accuracy     : 0.9375
Valid Loss     : 0.6443	 | 	Valid Accuracy     : 0.7548

Epoch : 8
Train Loss     : 0.3053	 | 	Train Accuracy     : 0.9219
Valid Loss     : 0.6211	 | 	Valid Accuracy     : 0.7562

Epoch : 9
Train Loss     : 0.2343	 | 	Train Accuracy     : 0.9219
Valid Loss     : 0.5985	 | 	Valid Accuracy     : 0.7637

Epoch : 10
Train Loss     : 0.1958	 | 	Train Accuracy     : 0.9844
Valid Loss     : 0.5819	 | 	Valid Accuracy     : 0.7823

Epoch : 11
Train Loss     : 0.1788	 | 	Train Accuracy     : 0.9688
Valid Loss     : 0.5687	 | 	Valid Accuracy     : 0.7830

Epoch : 12
Train Loss     : 0.1901	 | 	Train Accuracy     : 0.9531
Valid Loss     : 0.5664	 | 	Valid Accuracy     : 0.7891

Epoch : 13
Train Loss     : 0.2011	 | 	Train Accuracy     : 0.9219
Valid Loss     : 0.5795	 | 	Valid Accuracy     : 0.7768

Epoch : 14
Train Loss     : 0.1443	 | 	Train Accuracy     : 0.9688
Valid Loss     : 0.5876	 | 	Valid Accuracy     : 0.7830

Epoch : 15
Train Loss     : 0.1110	 | 	Train Accuracy     : 0.9844
Valid Loss     : 0.5866	 | 	Valid Accuracy     : 0.7795

Epoch : 16
Train Loss     : 0.1330	 | 	Train Accuracy     : 0.9531
Valid Loss     : 0.5764	 | 	Valid Accuracy     : 0.7891

Epoch : 17
Train Loss     : 0.1517	 | 	Train Accuracy     : 0.9531
Valid Loss     : 0.5513	 | 	Valid Accuracy     : 0.8070

Epoch : 18
Train Loss     : 0.1614	 | 	Train Accuracy     : 0.9531
Valid Loss     : 0.5578	 | 	Valid Accuracy     : 0.8015

Epoch : 19
Train Loss     : 0.1805	 | 	Train Accuracy     : 0.9531
Valid Loss     : 0.5494	 | 	Valid Accuracy     : 0.8036

Epoch : 20
Train Loss     : 0.0965	 | 	Train Accuracy     : 0.9844
Valid Loss     : 0.5631	 | 	Valid Accuracy     : 0.7995

Epoch : 21
Train Loss     : 0.1237	 | 	Train Accuracy     : 0.9688
Valid Loss     : 0.5598	 | 	Valid Accuracy     : 0.8015

Epoch : 22
Train Loss     : 0.1596	 | 	Train Accuracy     : 0.9531
Valid Loss     : 0.5728	 | 	Valid Accuracy     : 0.7981

Epoch : 23
Train Loss     : 0.1132	 | 	Train Accuracy     : 0.9688
Valid Loss     : 0.5722	 | 	Valid Accuracy     : 0.7933

Epoch : 24
Train Loss     : 0.0878	 | 	Train Accuracy     : 0.9688
Valid Loss     : 0.5524	 | 	Valid Accuracy     : 0.8036

Epoch : 25
Train Loss     : 0.1004	 | 	Train Accuracy     : 0.9531
Valid Loss     : 0.5347	 | 	Valid Accuracy     : 0.8056

Epoch : 26
Train Loss     : 0.0970	 | 	Train Accuracy     : 0.9688
Valid Loss     : 0.5424	 | 	Valid Accuracy     : 0.8043

Epoch : 27
Train Loss     : 0.0945	 | 	Train Accuracy     : 0.9688
Valid Loss     : 0.5368	 | 	Valid Accuracy     : 0.8070

Epoch : 28
Train Loss     : 0.1253	 | 	Train Accuracy     : 0.9688
Valid Loss     : 0.5238	 | 	Valid Accuracy     : 0.8159

Epoch : 29
Train Loss     : 0.0610	 | 	Train Accuracy     : 1.0000
Valid Loss     : 0.5125	 | 	Valid Accuracy     : 0.8152

Epoch : 30
Train Loss     : 0.0789	 | 	Train Accuracy     : 0.9531
Valid Loss     : 0.5086	 | 	Valid Accuracy     : 0.8166

Epoch : 31
Train Loss     : 0.1616	 | 	Train Accuracy     : 0.9688
Valid Loss     : 0.5327	 | 	Valid Accuracy     : 0.8015

Epoch : 32
Train Loss     : 0.0886	 | 	Train Accuracy     : 0.9531
Valid Loss     : 0.5075	 | 	Valid Accuracy     : 0.8173

Epoch : 33
Train Loss     : 0.0673	 | 	Train Accuracy     : 0.9844
Valid Loss     : 0.5105	 | 	Valid Accuracy     : 0.8180

Epoch : 34
Train Loss     : 0.1535	 | 	Train Accuracy     : 0.9531
Valid Loss     : 0.5175	 | 	Valid Accuracy     : 0.8180

Epoch : 35
Train Loss     : 0.1680	 | 	Train Accuracy     : 0.9375
Valid Loss     : 0.5279	 | 	Valid Accuracy     : 0.8118

Epoch : 36
Train Loss     : 0.1118	 | 	Train Accuracy     : 0.9688
Valid Loss     : 0.5303	 | 	Valid Accuracy     : 0.8111

Epoch : 37
Train Loss     : 0.0873	 | 	Train Accuracy     : 0.9688
Valid Loss     : 0.5382	 | 	Valid Accuracy     : 0.8063

Epoch : 38
Train Loss     : 0.0895	 | 	Train Accuracy     : 0.9688
Valid Loss     : 0.5434	 | 	Valid Accuracy     : 0.8098

Epoch : 39
Train Loss     : 0.0759	 | 	Train Accuracy     : 0.9688
Valid Loss     : 0.5479	 | 	Valid Accuracy     : 0.8070

Epoch : 40
Train Loss     : 0.1191	 | 	Train Accuracy     : 0.9688
Valid Loss     : 0.5969	 | 	Valid Accuracy     : 0.7871

Evaluate on the Test set:
Test loss      :0.7318	 | Test Accuracy      : 0.7213

################## Training is Done! #########################
Training time is : 0:00:24.362896
