=============================================
Dataset: HAR
Mode:    ft_1p
=============================================
Data loaded ...
Training started ....

Epoch : 1
Train Loss     : 1.6082	 | 	Train Accuracy     : 0.3281
Valid Loss     : 1.4089	 | 	Valid Accuracy     : 0.5213

Epoch : 2
Train Loss     : 0.9968	 | 	Train Accuracy     : 0.6562
Valid Loss     : 1.1544	 | 	Valid Accuracy     : 0.6223

Epoch : 3
Train Loss     : 0.6810	 | 	Train Accuracy     : 0.8594
Valid Loss     : 0.9935	 | 	Valid Accuracy     : 0.6332

Epoch : 4
Train Loss     : 0.5755	 | 	Train Accuracy     : 0.7969
Valid Loss     : 0.8564	 | 	Valid Accuracy     : 0.6587

Epoch : 5
Train Loss     : 0.4129	 | 	Train Accuracy     : 0.9219
Valid Loss     : 0.7386	 | 	Valid Accuracy     : 0.7081

Epoch : 6
Train Loss     : 0.3846	 | 	Train Accuracy     : 0.9062
Valid Loss     : 0.6738	 | 	Valid Accuracy     : 0.7418

Epoch : 7
Train Loss     : 0.3083	 | 	Train Accuracy     : 0.9688
Valid Loss     : 0.6280	 | 	Valid Accuracy     : 0.7555

Epoch : 8
Train Loss     : 0.2520	 | 	Train Accuracy     : 0.9531
Valid Loss     : 0.5951	 | 	Valid Accuracy     : 0.7747

Epoch : 9
Train Loss     : 0.1824	 | 	Train Accuracy     : 0.9688
Valid Loss     : 0.5917	 | 	Valid Accuracy     : 0.7637

Epoch : 10
Train Loss     : 0.2970	 | 	Train Accuracy     : 0.9062
Valid Loss     : 0.5937	 | 	Valid Accuracy     : 0.7617

Epoch : 11
Train Loss     : 0.2815	 | 	Train Accuracy     : 0.9219
Valid Loss     : 0.5669	 | 	Valid Accuracy     : 0.7837

Epoch : 12
Train Loss     : 0.1823	 | 	Train Accuracy     : 0.9531
Valid Loss     : 0.5455	 | 	Valid Accuracy     : 0.8022

Epoch : 13
Train Loss     : 0.1713	 | 	Train Accuracy     : 0.9844
Valid Loss     : 0.5375	 | 	Valid Accuracy     : 0.8063

Epoch : 14
Train Loss     : 0.1273	 | 	Train Accuracy     : 0.9688
Valid Loss     : 0.5326	 | 	Valid Accuracy     : 0.8098

Epoch : 15
Train Loss     : 0.1546	 | 	Train Accuracy     : 0.9688
Valid Loss     : 0.5483	 | 	Valid Accuracy     : 0.7933

Epoch : 16
Train Loss     : 0.1841	 | 	Train Accuracy     : 0.9375
Valid Loss     : 0.5470	 | 	Valid Accuracy     : 0.7933

Epoch : 17
Train Loss     : 0.1361	 | 	Train Accuracy     : 0.9688
Valid Loss     : 0.5552	 | 	Valid Accuracy     : 0.7850

Epoch : 18
Train Loss     : 0.1012	 | 	Train Accuracy     : 0.9688
Valid Loss     : 0.5547	 | 	Valid Accuracy     : 0.7933

Epoch : 19
Train Loss     : 0.1420	 | 	Train Accuracy     : 0.9531
Valid Loss     : 0.5461	 | 	Valid Accuracy     : 0.8036

Epoch : 20
Train Loss     : 0.1469	 | 	Train Accuracy     : 0.9531
Valid Loss     : 0.5168	 | 	Valid Accuracy     : 0.8146

Epoch : 21
Train Loss     : 0.1010	 | 	Train Accuracy     : 0.9688
Valid Loss     : 0.4993	 | 	Valid Accuracy     : 0.8324

Epoch : 22
Train Loss     : 0.0967	 | 	Train Accuracy     : 0.9688
Valid Loss     : 0.5029	 | 	Valid Accuracy     : 0.8331

Epoch : 23
Train Loss     : 0.1491	 | 	Train Accuracy     : 0.9375
Valid Loss     : 0.5213	 | 	Valid Accuracy     : 0.8173

Epoch : 24
Train Loss     : 0.1211	 | 	Train Accuracy     : 0.9375
Valid Loss     : 0.5604	 | 	Valid Accuracy     : 0.8056

Epoch : 25
Train Loss     : 0.0828	 | 	Train Accuracy     : 0.9688
Valid Loss     : 0.5765	 | 	Valid Accuracy     : 0.8029

Epoch : 26
Train Loss     : 0.1116	 | 	Train Accuracy     : 0.9375
Valid Loss     : 0.5843	 | 	Valid Accuracy     : 0.8008

Epoch : 27
Train Loss     : 0.2072	 | 	Train Accuracy     : 0.9062
Valid Loss     : 0.5762	 | 	Valid Accuracy     : 0.8077

Epoch : 28
Train Loss     : 0.1437	 | 	Train Accuracy     : 0.9531
Valid Loss     : 0.5398	 | 	Valid Accuracy     : 0.8132

Epoch : 29
Train Loss     : 0.0958	 | 	Train Accuracy     : 0.9688
Valid Loss     : 0.5210	 | 	Valid Accuracy     : 0.8235

Epoch : 30
Train Loss     : 0.0849	 | 	Train Accuracy     : 0.9531
Valid Loss     : 0.5141	 | 	Valid Accuracy     : 0.8221

Epoch : 31
Train Loss     : 0.2217	 | 	Train Accuracy     : 0.9062
Valid Loss     : 0.5403	 | 	Valid Accuracy     : 0.7988

Epoch : 32
Train Loss     : 0.0810	 | 	Train Accuracy     : 0.9688
Valid Loss     : 0.5933	 | 	Valid Accuracy     : 0.7734

Epoch : 33
Train Loss     : 0.0792	 | 	Train Accuracy     : 0.9688
Valid Loss     : 0.5948	 | 	Valid Accuracy     : 0.7713

Epoch : 34
Train Loss     : 0.0641	 | 	Train Accuracy     : 0.9844
Valid Loss     : 0.5868	 | 	Valid Accuracy     : 0.7747

Epoch : 35
Train Loss     : 0.0802	 | 	Train Accuracy     : 0.9531
Valid Loss     : 0.5858	 | 	Valid Accuracy     : 0.7775

Epoch : 36
Train Loss     : 0.0943	 | 	Train Accuracy     : 0.9688
Valid Loss     : 0.5795	 | 	Valid Accuracy     : 0.7857

Epoch : 37
Train Loss     : 0.0735	 | 	Train Accuracy     : 0.9844
Valid Loss     : 0.5866	 | 	Valid Accuracy     : 0.7816

Epoch : 38
Train Loss     : 0.1458	 | 	Train Accuracy     : 0.9375
Valid Loss     : 0.5848	 | 	Valid Accuracy     : 0.7809

Epoch : 39
Train Loss     : 0.0814	 | 	Train Accuracy     : 0.9688
Valid Loss     : 0.5732	 | 	Valid Accuracy     : 0.7816

Epoch : 40
Train Loss     : 0.0757	 | 	Train Accuracy     : 0.9688
Valid Loss     : 0.5599	 | 	Valid Accuracy     : 0.7919

Evaluate on the Test set:
Test loss      :0.6747	 | Test Accuracy      : 0.7348

################## Training is Done! #########################
Training time is : 0:00:24.155357
