=============================================
Dataset: HAR
Mode:    ft_1p
=============================================
Data loaded ...
Training started ....

Epoch : 1
Train Loss     : 1.6260	 | 	Train Accuracy     : 0.3125
Valid Loss     : 1.4304	 | 	Valid Accuracy     : 0.5440

Epoch : 2
Train Loss     : 1.0174	 | 	Train Accuracy     : 0.6875
Valid Loss     : 1.1654	 | 	Valid Accuracy     : 0.6257

Epoch : 3
Train Loss     : 0.6971	 | 	Train Accuracy     : 0.8281
Valid Loss     : 0.9961	 | 	Valid Accuracy     : 0.6346

Epoch : 4
Train Loss     : 0.5816	 | 	Train Accuracy     : 0.7969
Valid Loss     : 0.8527	 | 	Valid Accuracy     : 0.6628

Epoch : 5
Train Loss     : 0.4167	 | 	Train Accuracy     : 0.9062
Valid Loss     : 0.7361	 | 	Valid Accuracy     : 0.7212

Epoch : 6
Train Loss     : 0.3994	 | 	Train Accuracy     : 0.9062
Valid Loss     : 0.6733	 | 	Valid Accuracy     : 0.7445

Epoch : 7
Train Loss     : 0.3148	 | 	Train Accuracy     : 0.9688
Valid Loss     : 0.6288	 | 	Valid Accuracy     : 0.7589

Epoch : 8
Train Loss     : 0.2599	 | 	Train Accuracy     : 0.9531
Valid Loss     : 0.5968	 | 	Valid Accuracy     : 0.7775

Epoch : 9
Train Loss     : 0.1929	 | 	Train Accuracy     : 0.9688
Valid Loss     : 0.5941	 | 	Valid Accuracy     : 0.7692

Epoch : 10
Train Loss     : 0.2984	 | 	Train Accuracy     : 0.9062
Valid Loss     : 0.5984	 | 	Valid Accuracy     : 0.7617

Epoch : 11
Train Loss     : 0.2846	 | 	Train Accuracy     : 0.9219
Valid Loss     : 0.5739	 | 	Valid Accuracy     : 0.7809

Epoch : 12
Train Loss     : 0.1889	 | 	Train Accuracy     : 0.9531
Valid Loss     : 0.5558	 | 	Valid Accuracy     : 0.7912

Epoch : 13
Train Loss     : 0.1799	 | 	Train Accuracy     : 0.9844
Valid Loss     : 0.5506	 | 	Valid Accuracy     : 0.7946

Epoch : 14
Train Loss     : 0.1324	 | 	Train Accuracy     : 0.9688
Valid Loss     : 0.5462	 | 	Valid Accuracy     : 0.7988

Epoch : 15
Train Loss     : 0.1628	 | 	Train Accuracy     : 0.9688
Valid Loss     : 0.5624	 | 	Valid Accuracy     : 0.7768

Epoch : 16
Train Loss     : 0.1862	 | 	Train Accuracy     : 0.9375
Valid Loss     : 0.5558	 | 	Valid Accuracy     : 0.7823

Epoch : 17
Train Loss     : 0.1418	 | 	Train Accuracy     : 0.9688
Valid Loss     : 0.5591	 | 	Valid Accuracy     : 0.7823

Epoch : 18
Train Loss     : 0.1025	 | 	Train Accuracy     : 0.9688
Valid Loss     : 0.5557	 | 	Valid Accuracy     : 0.7864

Epoch : 19
Train Loss     : 0.1427	 | 	Train Accuracy     : 0.9531
Valid Loss     : 0.5466	 | 	Valid Accuracy     : 0.7953

Epoch : 20
Train Loss     : 0.1501	 | 	Train Accuracy     : 0.9375
Valid Loss     : 0.5165	 | 	Valid Accuracy     : 0.8139

Epoch : 21
Train Loss     : 0.1026	 | 	Train Accuracy     : 0.9688
Valid Loss     : 0.4990	 | 	Valid Accuracy     : 0.8283

Epoch : 22
Train Loss     : 0.0967	 | 	Train Accuracy     : 0.9688
Valid Loss     : 0.5054	 | 	Valid Accuracy     : 0.8242

Epoch : 23
Train Loss     : 0.1516	 | 	Train Accuracy     : 0.9375
Valid Loss     : 0.5268	 | 	Valid Accuracy     : 0.8146

Epoch : 24
Train Loss     : 0.1202	 | 	Train Accuracy     : 0.9375
Valid Loss     : 0.5671	 | 	Valid Accuracy     : 0.8001

Epoch : 25
Train Loss     : 0.0820	 | 	Train Accuracy     : 0.9688
Valid Loss     : 0.5800	 | 	Valid Accuracy     : 0.7995

Epoch : 26
Train Loss     : 0.1171	 | 	Train Accuracy     : 0.9375
Valid Loss     : 0.5852	 | 	Valid Accuracy     : 0.7974

Epoch : 27
Train Loss     : 0.1993	 | 	Train Accuracy     : 0.9219
Valid Loss     : 0.5755	 | 	Valid Accuracy     : 0.8049

Epoch : 28
Train Loss     : 0.1398	 | 	Train Accuracy     : 0.9531
Valid Loss     : 0.5385	 | 	Valid Accuracy     : 0.8111

Epoch : 29
Train Loss     : 0.0954	 | 	Train Accuracy     : 0.9688
Valid Loss     : 0.5186	 | 	Valid Accuracy     : 0.8194

Epoch : 30
Train Loss     : 0.0862	 | 	Train Accuracy     : 0.9688
Valid Loss     : 0.5107	 | 	Valid Accuracy     : 0.8201

Epoch : 31
Train Loss     : 0.2406	 | 	Train Accuracy     : 0.9062
Valid Loss     : 0.5395	 | 	Valid Accuracy     : 0.7981

Epoch : 32
Train Loss     : 0.0802	 | 	Train Accuracy     : 0.9688
Valid Loss     : 0.5939	 | 	Valid Accuracy     : 0.7768

Epoch : 33
Train Loss     : 0.0803	 | 	Train Accuracy     : 0.9688
Valid Loss     : 0.5935	 | 	Valid Accuracy     : 0.7740

Epoch : 34
Train Loss     : 0.0650	 | 	Train Accuracy     : 0.9844
Valid Loss     : 0.5844	 | 	Valid Accuracy     : 0.7761

Epoch : 35
Train Loss     : 0.0810	 | 	Train Accuracy     : 0.9531
Valid Loss     : 0.5830	 | 	Valid Accuracy     : 0.7788

Epoch : 36
Train Loss     : 0.0994	 | 	Train Accuracy     : 0.9531
Valid Loss     : 0.5766	 | 	Valid Accuracy     : 0.7850

Epoch : 37
Train Loss     : 0.0740	 | 	Train Accuracy     : 0.9844
Valid Loss     : 0.5818	 | 	Valid Accuracy     : 0.7830

Epoch : 38
Train Loss     : 0.1479	 | 	Train Accuracy     : 0.9375
Valid Loss     : 0.5790	 | 	Valid Accuracy     : 0.7816

Epoch : 39
Train Loss     : 0.0835	 | 	Train Accuracy     : 0.9688
Valid Loss     : 0.5669	 | 	Valid Accuracy     : 0.7823

Epoch : 40
Train Loss     : 0.0761	 | 	Train Accuracy     : 0.9688
Valid Loss     : 0.5520	 | 	Valid Accuracy     : 0.7926

Evaluate on the Test set:
Test loss      :0.6589	 | Test Accuracy      : 0.7389

################## Training is Done! #########################
Training time is : 0:00:21.658596
