=============================================
Dataset: HAR
Mode:    ft_1p
=============================================
Data loaded ...
Training started ....

Epoch : 1
Train Loss     : 1.6127	 | 	Train Accuracy     : 0.3281
Valid Loss     : 1.4136	 | 	Valid Accuracy     : 0.4959

Epoch : 2
Train Loss     : 1.0019	 | 	Train Accuracy     : 0.6562
Valid Loss     : 1.1581	 | 	Valid Accuracy     : 0.6188

Epoch : 3
Train Loss     : 0.6944	 | 	Train Accuracy     : 0.8281
Valid Loss     : 0.9963	 | 	Valid Accuracy     : 0.6442

Epoch : 4
Train Loss     : 0.5751	 | 	Train Accuracy     : 0.7969
Valid Loss     : 0.8575	 | 	Valid Accuracy     : 0.6600

Epoch : 5
Train Loss     : 0.4073	 | 	Train Accuracy     : 0.9531
Valid Loss     : 0.7425	 | 	Valid Accuracy     : 0.7129

Epoch : 6
Train Loss     : 0.3860	 | 	Train Accuracy     : 0.8906
Valid Loss     : 0.6792	 | 	Valid Accuracy     : 0.7390

Epoch : 7
Train Loss     : 0.3098	 | 	Train Accuracy     : 0.9531
Valid Loss     : 0.6339	 | 	Valid Accuracy     : 0.7576

Epoch : 8
Train Loss     : 0.2527	 | 	Train Accuracy     : 0.9688
Valid Loss     : 0.6012	 | 	Valid Accuracy     : 0.7727

Epoch : 9
Train Loss     : 0.1837	 | 	Train Accuracy     : 0.9688
Valid Loss     : 0.5998	 | 	Valid Accuracy     : 0.7685

Epoch : 10
Train Loss     : 0.2945	 | 	Train Accuracy     : 0.9062
Valid Loss     : 0.6021	 | 	Valid Accuracy     : 0.7644

Epoch : 11
Train Loss     : 0.2784	 | 	Train Accuracy     : 0.9219
Valid Loss     : 0.5745	 | 	Valid Accuracy     : 0.7816

Epoch : 12
Train Loss     : 0.1863	 | 	Train Accuracy     : 0.9531
Valid Loss     : 0.5536	 | 	Valid Accuracy     : 0.7988

Epoch : 13
Train Loss     : 0.1699	 | 	Train Accuracy     : 0.9844
Valid Loss     : 0.5462	 | 	Valid Accuracy     : 0.8049

Epoch : 14
Train Loss     : 0.1276	 | 	Train Accuracy     : 0.9688
Valid Loss     : 0.5405	 | 	Valid Accuracy     : 0.8091

Epoch : 15
Train Loss     : 0.1543	 | 	Train Accuracy     : 0.9688
Valid Loss     : 0.5552	 | 	Valid Accuracy     : 0.7905

Epoch : 16
Train Loss     : 0.1831	 | 	Train Accuracy     : 0.9375
Valid Loss     : 0.5550	 | 	Valid Accuracy     : 0.7912

Epoch : 17
Train Loss     : 0.1367	 | 	Train Accuracy     : 0.9844
Valid Loss     : 0.5641	 | 	Valid Accuracy     : 0.7809

Epoch : 18
Train Loss     : 0.1002	 | 	Train Accuracy     : 0.9688
Valid Loss     : 0.5633	 | 	Valid Accuracy     : 0.7864

Epoch : 19
Train Loss     : 0.1413	 | 	Train Accuracy     : 0.9531
Valid Loss     : 0.5545	 | 	Valid Accuracy     : 0.7960

Epoch : 20
Train Loss     : 0.1464	 | 	Train Accuracy     : 0.9531
Valid Loss     : 0.5246	 | 	Valid Accuracy     : 0.8125

Epoch : 21
Train Loss     : 0.1010	 | 	Train Accuracy     : 0.9688
Valid Loss     : 0.5067	 | 	Valid Accuracy     : 0.8283

Epoch : 22
Train Loss     : 0.0975	 | 	Train Accuracy     : 0.9688
Valid Loss     : 0.5114	 | 	Valid Accuracy     : 0.8297

Epoch : 23
Train Loss     : 0.1491	 | 	Train Accuracy     : 0.9375
Valid Loss     : 0.5312	 | 	Valid Accuracy     : 0.8173

Epoch : 24
Train Loss     : 0.1220	 | 	Train Accuracy     : 0.9375
Valid Loss     : 0.5710	 | 	Valid Accuracy     : 0.8015

Epoch : 25
Train Loss     : 0.0833	 | 	Train Accuracy     : 0.9688
Valid Loss     : 0.5865	 | 	Valid Accuracy     : 0.8001

Epoch : 26
Train Loss     : 0.1122	 | 	Train Accuracy     : 0.9375
Valid Loss     : 0.5926	 | 	Valid Accuracy     : 0.7995

Epoch : 27
Train Loss     : 0.2073	 | 	Train Accuracy     : 0.9219
Valid Loss     : 0.5840	 | 	Valid Accuracy     : 0.8043

Epoch : 28
Train Loss     : 0.1412	 | 	Train Accuracy     : 0.9531
Valid Loss     : 0.5489	 | 	Valid Accuracy     : 0.8104

Epoch : 29
Train Loss     : 0.0956	 | 	Train Accuracy     : 0.9688
Valid Loss     : 0.5305	 | 	Valid Accuracy     : 0.8194

Epoch : 30
Train Loss     : 0.0863	 | 	Train Accuracy     : 0.9531
Valid Loss     : 0.5218	 | 	Valid Accuracy     : 0.8201

Epoch : 31
Train Loss     : 0.2229	 | 	Train Accuracy     : 0.9062
Valid Loss     : 0.5465	 | 	Valid Accuracy     : 0.8008

Epoch : 32
Train Loss     : 0.0812	 | 	Train Accuracy     : 0.9688
Valid Loss     : 0.5967	 | 	Valid Accuracy     : 0.7727

Epoch : 33
Train Loss     : 0.0804	 | 	Train Accuracy     : 0.9688
Valid Loss     : 0.5985	 | 	Valid Accuracy     : 0.7720

Epoch : 34
Train Loss     : 0.0636	 | 	Train Accuracy     : 0.9844
Valid Loss     : 0.5896	 | 	Valid Accuracy     : 0.7775

Epoch : 35
Train Loss     : 0.0815	 | 	Train Accuracy     : 0.9531
Valid Loss     : 0.5880	 | 	Valid Accuracy     : 0.7788

Epoch : 36
Train Loss     : 0.0944	 | 	Train Accuracy     : 0.9531
Valid Loss     : 0.5810	 | 	Valid Accuracy     : 0.7850

Epoch : 37
Train Loss     : 0.0733	 | 	Train Accuracy     : 0.9844
Valid Loss     : 0.5879	 | 	Valid Accuracy     : 0.7843

Epoch : 38
Train Loss     : 0.1470	 | 	Train Accuracy     : 0.9375
Valid Loss     : 0.5863	 | 	Valid Accuracy     : 0.7782

Epoch : 39
Train Loss     : 0.0824	 | 	Train Accuracy     : 0.9688
Valid Loss     : 0.5748	 | 	Valid Accuracy     : 0.7823

Epoch : 40
Train Loss     : 0.0752	 | 	Train Accuracy     : 0.9688
Valid Loss     : 0.5621	 | 	Valid Accuracy     : 0.7905

Evaluate on the Test set:
Test loss      :0.6708	 | Test Accuracy      : 0.7341

################## Training is Done! #########################
Training time is : 0:00:26.289734
