=============================================
Dataset: HAR
Mode:    ft_1p
=============================================
Data loaded ...
Training started ....

Epoch : 1
Train Loss     : 1.8101	 | 	Train Accuracy     : 0.3281
Valid Loss     : 1.5052	 | 	Valid Accuracy     : 0.4746

Epoch : 2
Train Loss     : 1.0290	 | 	Train Accuracy     : 0.7344
Valid Loss     : 1.2109	 | 	Valid Accuracy     : 0.5584

Epoch : 3
Train Loss     : 0.8025	 | 	Train Accuracy     : 0.7031
Valid Loss     : 1.0427	 | 	Valid Accuracy     : 0.5680

Epoch : 4
Train Loss     : 0.6253	 | 	Train Accuracy     : 0.7812
Valid Loss     : 0.8696	 | 	Valid Accuracy     : 0.6401

Epoch : 5
Train Loss     : 0.4282	 | 	Train Accuracy     : 0.9375
Valid Loss     : 0.7463	 | 	Valid Accuracy     : 0.7280

Epoch : 6
Train Loss     : 0.3885	 | 	Train Accuracy     : 0.9219
Valid Loss     : 0.6620	 | 	Valid Accuracy     : 0.7679

Epoch : 7
Train Loss     : 0.3411	 | 	Train Accuracy     : 0.9062
Valid Loss     : 0.6209	 | 	Valid Accuracy     : 0.7727

Epoch : 8
Train Loss     : 0.2597	 | 	Train Accuracy     : 0.9844
Valid Loss     : 0.5973	 | 	Valid Accuracy     : 0.7761

Epoch : 9
Train Loss     : 0.2226	 | 	Train Accuracy     : 0.9688
Valid Loss     : 0.5880	 | 	Valid Accuracy     : 0.7727

Epoch : 10
Train Loss     : 0.2446	 | 	Train Accuracy     : 0.9688
Valid Loss     : 0.5809	 | 	Valid Accuracy     : 0.7706

Epoch : 11
Train Loss     : 0.2741	 | 	Train Accuracy     : 0.9219
Valid Loss     : 0.5713	 | 	Valid Accuracy     : 0.7699

Epoch : 12
Train Loss     : 0.2203	 | 	Train Accuracy     : 0.9062
Valid Loss     : 0.5502	 | 	Valid Accuracy     : 0.8001

Epoch : 13
Train Loss     : 0.1797	 | 	Train Accuracy     : 0.9531
Valid Loss     : 0.5434	 | 	Valid Accuracy     : 0.8043

Epoch : 14
Train Loss     : 0.1978	 | 	Train Accuracy     : 0.9688
Valid Loss     : 0.5484	 | 	Valid Accuracy     : 0.7981

Epoch : 15
Train Loss     : 0.1438	 | 	Train Accuracy     : 0.9688
Valid Loss     : 0.5510	 | 	Valid Accuracy     : 0.7995

Epoch : 16
Train Loss     : 0.1334	 | 	Train Accuracy     : 0.9688
Valid Loss     : 0.5579	 | 	Valid Accuracy     : 0.8001

Epoch : 17
Train Loss     : 0.1092	 | 	Train Accuracy     : 0.9844
Valid Loss     : 0.5457	 | 	Valid Accuracy     : 0.8098

Epoch : 18
Train Loss     : 0.1518	 | 	Train Accuracy     : 0.9375
Valid Loss     : 0.5487	 | 	Valid Accuracy     : 0.8036

Epoch : 19
Train Loss     : 0.1025	 | 	Train Accuracy     : 0.9688
Valid Loss     : 0.5441	 | 	Valid Accuracy     : 0.8056

Epoch : 20
Train Loss     : 0.0855	 | 	Train Accuracy     : 0.9844
Valid Loss     : 0.5568	 | 	Valid Accuracy     : 0.8008

Epoch : 21
Train Loss     : 0.1038	 | 	Train Accuracy     : 0.9844
Valid Loss     : 0.5480	 | 	Valid Accuracy     : 0.8043

Epoch : 22
Train Loss     : 0.0884	 | 	Train Accuracy     : 0.9844
Valid Loss     : 0.5246	 | 	Valid Accuracy     : 0.8146

Epoch : 23
Train Loss     : 0.0935	 | 	Train Accuracy     : 0.9844
Valid Loss     : 0.5227	 | 	Valid Accuracy     : 0.8180

Epoch : 24
Train Loss     : 0.1183	 | 	Train Accuracy     : 0.9688
Valid Loss     : 0.5367	 | 	Valid Accuracy     : 0.8118

Epoch : 25
Train Loss     : 0.0964	 | 	Train Accuracy     : 0.9688
Valid Loss     : 0.5502	 | 	Valid Accuracy     : 0.8049

Epoch : 26
Train Loss     : 0.0856	 | 	Train Accuracy     : 0.9688
Valid Loss     : 0.5404	 | 	Valid Accuracy     : 0.8104

Epoch : 27
Train Loss     : 0.1262	 | 	Train Accuracy     : 0.9688
Valid Loss     : 0.5364	 | 	Valid Accuracy     : 0.8159

Epoch : 28
Train Loss     : 0.1189	 | 	Train Accuracy     : 0.9531
Valid Loss     : 0.5199	 | 	Valid Accuracy     : 0.8201

Epoch : 29
Train Loss     : 0.1031	 | 	Train Accuracy     : 0.9688
Valid Loss     : 0.5188	 | 	Valid Accuracy     : 0.8228

Epoch : 30
Train Loss     : 0.0736	 | 	Train Accuracy     : 0.9688
Valid Loss     : 0.5137	 | 	Valid Accuracy     : 0.8242

Epoch : 31
Train Loss     : 0.0661	 | 	Train Accuracy     : 0.9844
Valid Loss     : 0.5220	 | 	Valid Accuracy     : 0.8249

Epoch : 32
Train Loss     : 0.1134	 | 	Train Accuracy     : 0.9688
Valid Loss     : 0.5475	 | 	Valid Accuracy     : 0.8207

Epoch : 33
Train Loss     : 0.0845	 | 	Train Accuracy     : 0.9531
Valid Loss     : 0.5680	 | 	Valid Accuracy     : 0.8036

Epoch : 34
Train Loss     : 0.0785	 | 	Train Accuracy     : 0.9844
Valid Loss     : 0.5703	 | 	Valid Accuracy     : 0.8029

Epoch : 35
Train Loss     : 0.0793	 | 	Train Accuracy     : 0.9688
Valid Loss     : 0.5603	 | 	Valid Accuracy     : 0.8029

Epoch : 36
Train Loss     : 0.0955	 | 	Train Accuracy     : 0.9531
Valid Loss     : 0.5570	 | 	Valid Accuracy     : 0.8049

Epoch : 37
Train Loss     : 0.0417	 | 	Train Accuracy     : 1.0000
Valid Loss     : 0.5817	 | 	Valid Accuracy     : 0.8001

Epoch : 38
Train Loss     : 0.0512	 | 	Train Accuracy     : 0.9688
Valid Loss     : 0.5984	 | 	Valid Accuracy     : 0.7974

Epoch : 39
Train Loss     : 0.0848	 | 	Train Accuracy     : 0.9688
Valid Loss     : 0.5751	 | 	Valid Accuracy     : 0.8063

Epoch : 40
Train Loss     : 0.0698	 | 	Train Accuracy     : 0.9688
Valid Loss     : 0.5487	 | 	Valid Accuracy     : 0.8166

Evaluate on the Test set:
Test loss      :0.7041	 | Test Accuracy      : 0.7534

################## Training is Done! #########################
Training time is : 0:00:25.750723
