=============================================
Dataset: HAR
Mode:    ft_1p
=============================================
Data loaded ...
Training started ....

Epoch : 1
Train Loss     : 1.6364	 | 	Train Accuracy     : 0.2969
Valid Loss     : 1.4236	 | 	Valid Accuracy     : 0.4979

Epoch : 2
Train Loss     : 1.0206	 | 	Train Accuracy     : 0.6719
Valid Loss     : 1.1646	 | 	Valid Accuracy     : 0.6236

Epoch : 3
Train Loss     : 0.6961	 | 	Train Accuracy     : 0.8281
Valid Loss     : 1.0002	 | 	Valid Accuracy     : 0.6305

Epoch : 4
Train Loss     : 0.5863	 | 	Train Accuracy     : 0.7969
Valid Loss     : 0.8613	 | 	Valid Accuracy     : 0.6477

Epoch : 5
Train Loss     : 0.4128	 | 	Train Accuracy     : 0.9219
Valid Loss     : 0.7448	 | 	Valid Accuracy     : 0.7060

Epoch : 6
Train Loss     : 0.3903	 | 	Train Accuracy     : 0.9062
Valid Loss     : 0.6806	 | 	Valid Accuracy     : 0.7411

Epoch : 7
Train Loss     : 0.3108	 | 	Train Accuracy     : 0.9688
Valid Loss     : 0.6349	 | 	Valid Accuracy     : 0.7534

Epoch : 8
Train Loss     : 0.2555	 | 	Train Accuracy     : 0.9531
Valid Loss     : 0.6015	 | 	Valid Accuracy     : 0.7747

Epoch : 9
Train Loss     : 0.1885	 | 	Train Accuracy     : 0.9688
Valid Loss     : 0.5966	 | 	Valid Accuracy     : 0.7630

Epoch : 10
Train Loss     : 0.3001	 | 	Train Accuracy     : 0.9062
Valid Loss     : 0.5990	 | 	Valid Accuracy     : 0.7596

Epoch : 11
Train Loss     : 0.2821	 | 	Train Accuracy     : 0.9219
Valid Loss     : 0.5750	 | 	Valid Accuracy     : 0.7761

Epoch : 12
Train Loss     : 0.1869	 | 	Train Accuracy     : 0.9531
Valid Loss     : 0.5548	 | 	Valid Accuracy     : 0.7960

Epoch : 13
Train Loss     : 0.1736	 | 	Train Accuracy     : 0.9844
Valid Loss     : 0.5464	 | 	Valid Accuracy     : 0.8008

Epoch : 14
Train Loss     : 0.1284	 | 	Train Accuracy     : 0.9688
Valid Loss     : 0.5405	 | 	Valid Accuracy     : 0.8022

Epoch : 15
Train Loss     : 0.1517	 | 	Train Accuracy     : 0.9688
Valid Loss     : 0.5531	 | 	Valid Accuracy     : 0.7912

Epoch : 16
Train Loss     : 0.1832	 | 	Train Accuracy     : 0.9375
Valid Loss     : 0.5496	 | 	Valid Accuracy     : 0.7960

Epoch : 17
Train Loss     : 0.1356	 | 	Train Accuracy     : 0.9688
Valid Loss     : 0.5574	 | 	Valid Accuracy     : 0.7837

Epoch : 18
Train Loss     : 0.1021	 | 	Train Accuracy     : 0.9688
Valid Loss     : 0.5571	 | 	Valid Accuracy     : 0.7919

Epoch : 19
Train Loss     : 0.1446	 | 	Train Accuracy     : 0.9375
Valid Loss     : 0.5499	 | 	Valid Accuracy     : 0.7974

Epoch : 20
Train Loss     : 0.1484	 | 	Train Accuracy     : 0.9219
Valid Loss     : 0.5211	 | 	Valid Accuracy     : 0.8084

Epoch : 21
Train Loss     : 0.1021	 | 	Train Accuracy     : 0.9688
Valid Loss     : 0.5044	 | 	Valid Accuracy     : 0.8283

Epoch : 22
Train Loss     : 0.0969	 | 	Train Accuracy     : 0.9688
Valid Loss     : 0.5101	 | 	Valid Accuracy     : 0.8304

Epoch : 23
Train Loss     : 0.1502	 | 	Train Accuracy     : 0.9375
Valid Loss     : 0.5307	 | 	Valid Accuracy     : 0.8132

Epoch : 24
Train Loss     : 0.1191	 | 	Train Accuracy     : 0.9375
Valid Loss     : 0.5722	 | 	Valid Accuracy     : 0.8008

Epoch : 25
Train Loss     : 0.0821	 | 	Train Accuracy     : 0.9688
Valid Loss     : 0.5882	 | 	Valid Accuracy     : 0.7953

Epoch : 26
Train Loss     : 0.1155	 | 	Train Accuracy     : 0.9375
Valid Loss     : 0.5958	 | 	Valid Accuracy     : 0.7926

Epoch : 27
Train Loss     : 0.2104	 | 	Train Accuracy     : 0.9219
Valid Loss     : 0.5872	 | 	Valid Accuracy     : 0.8043

Epoch : 28
Train Loss     : 0.1439	 | 	Train Accuracy     : 0.9531
Valid Loss     : 0.5493	 | 	Valid Accuracy     : 0.8049

Epoch : 29
Train Loss     : 0.0986	 | 	Train Accuracy     : 0.9688
Valid Loss     : 0.5287	 | 	Valid Accuracy     : 0.8166

Epoch : 30
Train Loss     : 0.0862	 | 	Train Accuracy     : 0.9531
Valid Loss     : 0.5188	 | 	Valid Accuracy     : 0.8194

Epoch : 31
Train Loss     : 0.2137	 | 	Train Accuracy     : 0.9062
Valid Loss     : 0.5429	 | 	Valid Accuracy     : 0.8022

Epoch : 32
Train Loss     : 0.0815	 | 	Train Accuracy     : 0.9688
Valid Loss     : 0.5925	 | 	Valid Accuracy     : 0.7734

Epoch : 33
Train Loss     : 0.0789	 | 	Train Accuracy     : 0.9688
Valid Loss     : 0.5955	 | 	Valid Accuracy     : 0.7706

Epoch : 34
Train Loss     : 0.0632	 | 	Train Accuracy     : 0.9844
Valid Loss     : 0.5879	 | 	Valid Accuracy     : 0.7727

Epoch : 35
Train Loss     : 0.0809	 | 	Train Accuracy     : 0.9531
Valid Loss     : 0.5883	 | 	Valid Accuracy     : 0.7768

Epoch : 36
Train Loss     : 0.0944	 | 	Train Accuracy     : 0.9531
Valid Loss     : 0.5817	 | 	Valid Accuracy     : 0.7809

Epoch : 37
Train Loss     : 0.0751	 | 	Train Accuracy     : 0.9844
Valid Loss     : 0.5888	 | 	Valid Accuracy     : 0.7788

Epoch : 38
Train Loss     : 0.1464	 | 	Train Accuracy     : 0.9375
Valid Loss     : 0.5876	 | 	Valid Accuracy     : 0.7768

Epoch : 39
Train Loss     : 0.0832	 | 	Train Accuracy     : 0.9688
Valid Loss     : 0.5762	 | 	Valid Accuracy     : 0.7788

Epoch : 40
Train Loss     : 0.0764	 | 	Train Accuracy     : 0.9688
Valid Loss     : 0.5623	 | 	Valid Accuracy     : 0.7885

Evaluate on the Test set:
Test loss      :0.6680	 | Test Accuracy      : 0.7348

################## Training is Done! #########################
Training time is : 0:00:24.838389
