=============================================
Dataset: Epilepsy
Mode:    train_linear_1p
=============================================
Data loaded ...
Training started ....

Epoch : 1
Train Loss     : 0.6171	 | 	Train Accuracy     : 0.7031
Valid Loss     : 0.6455	 | 	Valid Accuracy     : 0.7739

Epoch : 2
Train Loss     : 0.3434	 | 	Train Accuracy     : 0.8750
Valid Loss     : 0.4887	 | 	Valid Accuracy     : 0.9092

Epoch : 3
Train Loss     : 0.2406	 | 	Train Accuracy     : 0.9062
Valid Loss     : 0.3931	 | 	Valid Accuracy     : 0.9185

Epoch : 4
Train Loss     : 0.2110	 | 	Train Accuracy     : 0.9219
Valid Loss     : 0.2256	 | 	Valid Accuracy     : 0.9342

Epoch : 5
Train Loss     : 0.1322	 | 	Train Accuracy     : 0.9375
Valid Loss     : 0.1813	 | 	Valid Accuracy     : 0.9364

Epoch : 6
Train Loss     : 0.1429	 | 	Train Accuracy     : 0.9375
Valid Loss     : 0.1623	 | 	Valid Accuracy     : 0.9386

Epoch : 7
Train Loss     : 0.1332	 | 	Train Accuracy     : 0.9531
Valid Loss     : 0.1581	 | 	Valid Accuracy     : 0.9370

Epoch : 8
Train Loss     : 0.1462	 | 	Train Accuracy     : 0.9375
Valid Loss     : 0.1527	 | 	Valid Accuracy     : 0.9402

Epoch : 9
Train Loss     : 0.1358	 | 	Train Accuracy     : 0.9531
Valid Loss     : 0.1581	 | 	Valid Accuracy     : 0.9375

Epoch : 10
Train Loss     : 0.1121	 | 	Train Accuracy     : 0.9688
Valid Loss     : 0.1642	 | 	Valid Accuracy     : 0.9375

Epoch : 11
Train Loss     : 0.1006	 | 	Train Accuracy     : 0.9219
Valid Loss     : 0.1577	 | 	Valid Accuracy     : 0.9380

Epoch : 12
Train Loss     : 0.0952	 | 	Train Accuracy     : 0.9531
Valid Loss     : 0.1532	 | 	Valid Accuracy     : 0.9375

Epoch : 13
Train Loss     : 0.1090	 | 	Train Accuracy     : 0.9531
Valid Loss     : 0.1458	 | 	Valid Accuracy     : 0.9440

Epoch : 14
Train Loss     : 0.1276	 | 	Train Accuracy     : 0.9531
Valid Loss     : 0.1459	 | 	Valid Accuracy     : 0.9418

Epoch : 15
Train Loss     : 0.0795	 | 	Train Accuracy     : 0.9688
Valid Loss     : 0.1586	 | 	Valid Accuracy     : 0.9402

Epoch : 16
Train Loss     : 0.0492	 | 	Train Accuracy     : 0.9844
Valid Loss     : 0.1752	 | 	Valid Accuracy     : 0.9332

Epoch : 17
Train Loss     : 0.0630	 | 	Train Accuracy     : 0.9531
Valid Loss     : 0.1850	 | 	Valid Accuracy     : 0.9315

Epoch : 18
Train Loss     : 0.0546	 | 	Train Accuracy     : 0.9688
Valid Loss     : 0.1839	 | 	Valid Accuracy     : 0.9321

Epoch : 19
Train Loss     : 0.0690	 | 	Train Accuracy     : 0.9688
Valid Loss     : 0.1680	 | 	Valid Accuracy     : 0.9375

Epoch : 20
Train Loss     : 0.0821	 | 	Train Accuracy     : 0.9688
Valid Loss     : 0.1660	 | 	Valid Accuracy     : 0.9364

Epoch : 21
Train Loss     : 0.1176	 | 	Train Accuracy     : 0.9375
Valid Loss     : 0.1636	 | 	Valid Accuracy     : 0.9380

Epoch : 22
Train Loss     : 0.0536	 | 	Train Accuracy     : 1.0000
Valid Loss     : 0.1543	 | 	Valid Accuracy     : 0.9413

Epoch : 23
Train Loss     : 0.0563	 | 	Train Accuracy     : 1.0000
Valid Loss     : 0.1516	 | 	Valid Accuracy     : 0.9413

Epoch : 24
Train Loss     : 0.0636	 | 	Train Accuracy     : 0.9844
Valid Loss     : 0.1538	 | 	Valid Accuracy     : 0.9413

Epoch : 25
Train Loss     : 0.0457	 | 	Train Accuracy     : 1.0000
Valid Loss     : 0.1536	 | 	Valid Accuracy     : 0.9413

Epoch : 26
Train Loss     : 0.0696	 | 	Train Accuracy     : 1.0000
Valid Loss     : 0.1519	 | 	Valid Accuracy     : 0.9413

Epoch : 27
Train Loss     : 0.0533	 | 	Train Accuracy     : 0.9844
Valid Loss     : 0.1540	 | 	Valid Accuracy     : 0.9413

Epoch : 28
Train Loss     : 0.0559	 | 	Train Accuracy     : 0.9844
Valid Loss     : 0.1548	 | 	Valid Accuracy     : 0.9413

Epoch : 29
Train Loss     : 0.0555	 | 	Train Accuracy     : 0.9844
Valid Loss     : 0.1574	 | 	Valid Accuracy     : 0.9402

Epoch : 30
Train Loss     : 0.0478	 | 	Train Accuracy     : 1.0000
Valid Loss     : 0.1592	 | 	Valid Accuracy     : 0.9408

Epoch : 31
Train Loss     : 0.0572	 | 	Train Accuracy     : 0.9844
Valid Loss     : 0.1635	 | 	Valid Accuracy     : 0.9391

Epoch : 32
Train Loss     : 0.0448	 | 	Train Accuracy     : 1.0000
Valid Loss     : 0.1621	 | 	Valid Accuracy     : 0.9402

Epoch : 33
Train Loss     : 0.0412	 | 	Train Accuracy     : 1.0000
Valid Loss     : 0.1653	 | 	Valid Accuracy     : 0.9386

Epoch : 34
Train Loss     : 0.0687	 | 	Train Accuracy     : 0.9844
Valid Loss     : 0.1648	 | 	Valid Accuracy     : 0.9402

Epoch : 35
Train Loss     : 0.0479	 | 	Train Accuracy     : 1.0000
Valid Loss     : 0.1667	 | 	Valid Accuracy     : 0.9375

Epoch : 36
Train Loss     : 0.0404	 | 	Train Accuracy     : 1.0000
Valid Loss     : 0.1647	 | 	Valid Accuracy     : 0.9386

Epoch : 37
Train Loss     : 0.0557	 | 	Train Accuracy     : 0.9688
Valid Loss     : 0.1640	 | 	Valid Accuracy     : 0.9397

Epoch : 38
Train Loss     : 0.0539	 | 	Train Accuracy     : 0.9844
Valid Loss     : 0.1648	 | 	Valid Accuracy     : 0.9386

Epoch : 39
Train Loss     : 0.0519	 | 	Train Accuracy     : 0.9844
Valid Loss     : 0.1665	 | 	Valid Accuracy     : 0.9375

Epoch : 40
Train Loss     : 0.0445	 | 	Train Accuracy     : 0.9844
Valid Loss     : 0.1657	 | 	Valid Accuracy     : 0.9386

Evaluate on the Test set:
Test loss      :0.1565	 | Test Accuracy      : 0.9424

################## Training is Done! #########################
Training time is : 0:00:21.729275
