=============================================
Dataset: Epilepsy
Mode:    train_linear_SupCon_1p
=============================================
Data loaded ...
Training started ....

Epoch : 1
Train Loss     : 0.5188	 | 	Train Accuracy     : 0.9531
Valid Loss     : 0.6021	 | 	Valid Accuracy     : 0.9266

Epoch : 2
Train Loss     : 0.3454	 | 	Train Accuracy     : 0.9375
Valid Loss     : 0.5212	 | 	Valid Accuracy     : 0.9223

Epoch : 3
Train Loss     : 0.2805	 | 	Train Accuracy     : 0.9219
Valid Loss     : 0.3707	 | 	Valid Accuracy     : 0.9174

Epoch : 4
Train Loss     : 0.2303	 | 	Train Accuracy     : 0.9219
Valid Loss     : 0.2624	 | 	Valid Accuracy     : 0.9163

Epoch : 5
Train Loss     : 0.1901	 | 	Train Accuracy     : 0.9219
Valid Loss     : 0.2113	 | 	Valid Accuracy     : 0.9212

Epoch : 6
Train Loss     : 0.1734	 | 	Train Accuracy     : 0.9219
Valid Loss     : 0.1880	 | 	Valid Accuracy     : 0.9228

Epoch : 7
Train Loss     : 0.1603	 | 	Train Accuracy     : 0.9375
Valid Loss     : 0.1743	 | 	Valid Accuracy     : 0.9266

Epoch : 8
Train Loss     : 0.1167	 | 	Train Accuracy     : 0.9531
Valid Loss     : 0.1669	 | 	Valid Accuracy     : 0.9293

Epoch : 9
Train Loss     : 0.1578	 | 	Train Accuracy     : 0.9375
Valid Loss     : 0.1601	 | 	Valid Accuracy     : 0.9304

Epoch : 10
Train Loss     : 0.1437	 | 	Train Accuracy     : 0.9531
Valid Loss     : 0.1494	 | 	Valid Accuracy     : 0.9359

Epoch : 11
Train Loss     : 0.1200	 | 	Train Accuracy     : 0.9531
Valid Loss     : 0.1476	 | 	Valid Accuracy     : 0.9364

Epoch : 12
Train Loss     : 0.1518	 | 	Train Accuracy     : 0.9375
Valid Loss     : 0.1486	 | 	Valid Accuracy     : 0.9353

Epoch : 13
Train Loss     : 0.1552	 | 	Train Accuracy     : 0.9375
Valid Loss     : 0.1392	 | 	Valid Accuracy     : 0.9424

Epoch : 14
Train Loss     : 0.1396	 | 	Train Accuracy     : 0.9688
Valid Loss     : 0.1411	 | 	Valid Accuracy     : 0.9397

Epoch : 15
Train Loss     : 0.1088	 | 	Train Accuracy     : 0.9531
Valid Loss     : 0.1393	 | 	Valid Accuracy     : 0.9418

Epoch : 16
Train Loss     : 0.1473	 | 	Train Accuracy     : 0.9531
Valid Loss     : 0.1357	 | 	Valid Accuracy     : 0.9440

Epoch : 17
Train Loss     : 0.1087	 | 	Train Accuracy     : 0.9531
Valid Loss     : 0.1348	 | 	Valid Accuracy     : 0.9440

Epoch : 18
Train Loss     : 0.0961	 | 	Train Accuracy     : 0.9531
Valid Loss     : 0.1332	 | 	Valid Accuracy     : 0.9451

Epoch : 19
Train Loss     : 0.0649	 | 	Train Accuracy     : 0.9688
Valid Loss     : 0.1326	 | 	Valid Accuracy     : 0.9457

Epoch : 20
Train Loss     : 0.0990	 | 	Train Accuracy     : 0.9688
Valid Loss     : 0.1383	 | 	Valid Accuracy     : 0.9424

Epoch : 21
Train Loss     : 0.1245	 | 	Train Accuracy     : 0.9531
Valid Loss     : 0.1448	 | 	Valid Accuracy     : 0.9375

Epoch : 22
Train Loss     : 0.0722	 | 	Train Accuracy     : 0.9844
Valid Loss     : 0.1376	 | 	Valid Accuracy     : 0.9429

Epoch : 23
Train Loss     : 0.1003	 | 	Train Accuracy     : 0.9531
Valid Loss     : 0.1309	 | 	Valid Accuracy     : 0.9462

Epoch : 24
Train Loss     : 0.0629	 | 	Train Accuracy     : 0.9844
Valid Loss     : 0.1319	 | 	Valid Accuracy     : 0.9462

Epoch : 25
Train Loss     : 0.0826	 | 	Train Accuracy     : 0.9688
Valid Loss     : 0.1349	 | 	Valid Accuracy     : 0.9446

Epoch : 26
Train Loss     : 0.0719	 | 	Train Accuracy     : 0.9688
Valid Loss     : 0.1335	 | 	Valid Accuracy     : 0.9457

Epoch : 27
Train Loss     : 0.0550	 | 	Train Accuracy     : 0.9844
Valid Loss     : 0.1459	 | 	Valid Accuracy     : 0.9391

Epoch : 28
Train Loss     : 0.0782	 | 	Train Accuracy     : 0.9844
Valid Loss     : 0.1452	 | 	Valid Accuracy     : 0.9408

Epoch : 29
Train Loss     : 0.1095	 | 	Train Accuracy     : 0.9531
Valid Loss     : 0.1403	 | 	Valid Accuracy     : 0.9429

Epoch : 30
Train Loss     : 0.0706	 | 	Train Accuracy     : 0.9531
Valid Loss     : 0.1357	 | 	Valid Accuracy     : 0.9457

Epoch : 31
Train Loss     : 0.0559	 | 	Train Accuracy     : 0.9688
Valid Loss     : 0.1390	 | 	Valid Accuracy     : 0.9429

Epoch : 32
Train Loss     : 0.1076	 | 	Train Accuracy     : 0.9531
Valid Loss     : 0.1386	 | 	Valid Accuracy     : 0.9435

Epoch : 33
Train Loss     : 0.0709	 | 	Train Accuracy     : 0.9688
Valid Loss     : 0.1386	 | 	Valid Accuracy     : 0.9435

Epoch : 34
Train Loss     : 0.0787	 | 	Train Accuracy     : 0.9531
Valid Loss     : 0.1496	 | 	Valid Accuracy     : 0.9402

Epoch : 35
Train Loss     : 0.0721	 | 	Train Accuracy     : 0.9844
Valid Loss     : 0.1489	 | 	Valid Accuracy     : 0.9408

Epoch : 36
Train Loss     : 0.1077	 | 	Train Accuracy     : 0.9531
Valid Loss     : 0.1466	 | 	Valid Accuracy     : 0.9418

Epoch : 37
Train Loss     : 0.0732	 | 	Train Accuracy     : 0.9688
Valid Loss     : 0.1448	 | 	Valid Accuracy     : 0.9418

Epoch : 38
Train Loss     : 0.0609	 | 	Train Accuracy     : 0.9844
Valid Loss     : 0.1365	 | 	Valid Accuracy     : 0.9451

Epoch : 39
Train Loss     : 0.1419	 | 	Train Accuracy     : 0.9531
Valid Loss     : 0.1395	 | 	Valid Accuracy     : 0.9440

Epoch : 40
Train Loss     : 0.0608	 | 	Train Accuracy     : 0.9688
Valid Loss     : 0.1458	 | 	Valid Accuracy     : 0.9418

Evaluate on the Test set:
Test loss      :0.1450	 | Test Accuracy      : 0.9486

################## Training is Done! #########################
Training time is : 0:00:12.314881
