=============================================
Dataset: Epilepsy
Mode:    train_linear_SupCon_1p
=============================================
Data loaded ...
Training started ....

Epoch : 1
Train Loss     : 0.4765	 | 	Train Accuracy     : 0.9062
Valid Loss     : 0.6726	 | 	Valid Accuracy     : 0.4136

Epoch : 2
Train Loss     : 0.3411	 | 	Train Accuracy     : 0.9219
Valid Loss     : 0.6198	 | 	Valid Accuracy     : 0.7114

Epoch : 3
Train Loss     : 0.2768	 | 	Train Accuracy     : 0.8906
Valid Loss     : 0.4208	 | 	Valid Accuracy     : 0.9310

Epoch : 4
Train Loss     : 0.2376	 | 	Train Accuracy     : 0.9062
Valid Loss     : 0.2594	 | 	Valid Accuracy     : 0.9277

Epoch : 5
Train Loss     : 0.1676	 | 	Train Accuracy     : 0.9531
Valid Loss     : 0.2041	 | 	Valid Accuracy     : 0.9272

Epoch : 6
Train Loss     : 0.1671	 | 	Train Accuracy     : 0.9375
Valid Loss     : 0.1761	 | 	Valid Accuracy     : 0.9304

Epoch : 7
Train Loss     : 0.1620	 | 	Train Accuracy     : 0.9531
Valid Loss     : 0.1635	 | 	Valid Accuracy     : 0.9326

Epoch : 8
Train Loss     : 0.1556	 | 	Train Accuracy     : 0.9219
Valid Loss     : 0.1560	 | 	Valid Accuracy     : 0.9353

Epoch : 9
Train Loss     : 0.1565	 | 	Train Accuracy     : 0.9375
Valid Loss     : 0.1505	 | 	Valid Accuracy     : 0.9370

Epoch : 10
Train Loss     : 0.1298	 | 	Train Accuracy     : 0.9531
Valid Loss     : 0.1473	 | 	Valid Accuracy     : 0.9380

Epoch : 11
Train Loss     : 0.1195	 | 	Train Accuracy     : 0.9531
Valid Loss     : 0.1400	 | 	Valid Accuracy     : 0.9435

Epoch : 12
Train Loss     : 0.1117	 | 	Train Accuracy     : 0.9531
Valid Loss     : 0.1389	 | 	Valid Accuracy     : 0.9440

Epoch : 13
Train Loss     : 0.1424	 | 	Train Accuracy     : 0.9531
Valid Loss     : 0.1362	 | 	Valid Accuracy     : 0.9457

Epoch : 14
Train Loss     : 0.1473	 | 	Train Accuracy     : 0.9531
Valid Loss     : 0.1336	 | 	Valid Accuracy     : 0.9467

Epoch : 15
Train Loss     : 0.1207	 | 	Train Accuracy     : 0.9531
Valid Loss     : 0.1369	 | 	Valid Accuracy     : 0.9446

Epoch : 16
Train Loss     : 0.0767	 | 	Train Accuracy     : 0.9688
Valid Loss     : 0.1381	 | 	Valid Accuracy     : 0.9440

Epoch : 17
Train Loss     : 0.0903	 | 	Train Accuracy     : 0.9688
Valid Loss     : 0.1407	 | 	Valid Accuracy     : 0.9413

Epoch : 18
Train Loss     : 0.0959	 | 	Train Accuracy     : 0.9531
Valid Loss     : 0.1434	 | 	Valid Accuracy     : 0.9408

Epoch : 19
Train Loss     : 0.1014	 | 	Train Accuracy     : 0.9531
Valid Loss     : 0.1379	 | 	Valid Accuracy     : 0.9435

Epoch : 20
Train Loss     : 0.1211	 | 	Train Accuracy     : 0.9531
Valid Loss     : 0.1417	 | 	Valid Accuracy     : 0.9413

Epoch : 21
Train Loss     : 0.1706	 | 	Train Accuracy     : 0.9375
Valid Loss     : 0.1437	 | 	Valid Accuracy     : 0.9413

Epoch : 22
Train Loss     : 0.1024	 | 	Train Accuracy     : 0.9531
Valid Loss     : 0.1364	 | 	Valid Accuracy     : 0.9446

Epoch : 23
Train Loss     : 0.0915	 | 	Train Accuracy     : 0.9375
Valid Loss     : 0.1330	 | 	Valid Accuracy     : 0.9462

Epoch : 24
Train Loss     : 0.1153	 | 	Train Accuracy     : 0.9531
Valid Loss     : 0.1303	 | 	Valid Accuracy     : 0.9489

Epoch : 25
Train Loss     : 0.0761	 | 	Train Accuracy     : 0.9844
Valid Loss     : 0.1282	 | 	Valid Accuracy     : 0.9495

Epoch : 26
Train Loss     : 0.1071	 | 	Train Accuracy     : 0.9531
Valid Loss     : 0.1250	 | 	Valid Accuracy     : 0.9511

Epoch : 27
Train Loss     : 0.0765	 | 	Train Accuracy     : 0.9844
Valid Loss     : 0.1280	 | 	Valid Accuracy     : 0.9500

Epoch : 28
Train Loss     : 0.0858	 | 	Train Accuracy     : 0.9688
Valid Loss     : 0.1288	 | 	Valid Accuracy     : 0.9500

Epoch : 29
Train Loss     : 0.1197	 | 	Train Accuracy     : 0.9531
Valid Loss     : 0.1318	 | 	Valid Accuracy     : 0.9473

Epoch : 30
Train Loss     : 0.0830	 | 	Train Accuracy     : 0.9688
Valid Loss     : 0.1355	 | 	Valid Accuracy     : 0.9473

Epoch : 31
Train Loss     : 0.0830	 | 	Train Accuracy     : 0.9688
Valid Loss     : 0.1398	 | 	Valid Accuracy     : 0.9435

Epoch : 32
Train Loss     : 0.0855	 | 	Train Accuracy     : 0.9688
Valid Loss     : 0.1341	 | 	Valid Accuracy     : 0.9473

Epoch : 33
Train Loss     : 0.0653	 | 	Train Accuracy     : 0.9688
Valid Loss     : 0.1356	 | 	Valid Accuracy     : 0.9457

Epoch : 34
Train Loss     : 0.0983	 | 	Train Accuracy     : 0.9688
Valid Loss     : 0.1327	 | 	Valid Accuracy     : 0.9489

Epoch : 35
Train Loss     : 0.0672	 | 	Train Accuracy     : 0.9844
Valid Loss     : 0.1333	 | 	Valid Accuracy     : 0.9484

Epoch : 36
Train Loss     : 0.0597	 | 	Train Accuracy     : 0.9844
Valid Loss     : 0.1304	 | 	Valid Accuracy     : 0.9500

Epoch : 37
Train Loss     : 0.0883	 | 	Train Accuracy     : 0.9531
Valid Loss     : 0.1310	 | 	Valid Accuracy     : 0.9500

Epoch : 38
Train Loss     : 0.0646	 | 	Train Accuracy     : 0.9844
Valid Loss     : 0.1318	 | 	Valid Accuracy     : 0.9495

Epoch : 39
Train Loss     : 0.0692	 | 	Train Accuracy     : 0.9688
Valid Loss     : 0.1339	 | 	Valid Accuracy     : 0.9478

Epoch : 40
Train Loss     : 0.0618	 | 	Train Accuracy     : 0.9844
Valid Loss     : 0.1308	 | 	Valid Accuracy     : 0.9495

Evaluate on the Test set:
Test loss      :0.1305	 | Test Accuracy      : 0.9521

################## Training is Done! #########################
Training time is : 0:00:20.756269
