Running HAR dataset...
=============================================
Dataset: HAR
Mode:    self_supervised
=============================================
Data loaded ...
CUDA optimizations enabled for NVIDIA GeForce RTX 4060
CUDA Memory: 8.6 GB
Conservative settings: TF32 disabled for accuracy preservation
Training started ....
/mnt/d/Project/CoFT/models/TC.py:52: UserWarning: Implicit dimension choice for log_softmax has been deprecated. Change the call to include dim=X as an argument.
  nce += torch.sum(torch.diag(self.lsoftmax(total)))

Epoch : 1
Train Loss     : 12.1371	 | 	Train Accuracy     : 0.0000
Valid Loss     : 0.0000	 | 	Valid Accuracy     : 0.0000

Epoch : 2
Train Loss     : 10.8147	 | 	Train Accuracy     : 0.0000
Valid Loss     : 0.0000	 | 	Valid Accuracy     : 0.0000

Epoch : 3
Train Loss     : 9.9671	 | 	Train Accuracy     : 0.0000
Valid Loss     : 0.0000	 | 	Valid Accuracy     : 0.0000

Epoch : 4
Train Loss     : 9.5525	 | 	Train Accuracy     : 0.0000
Valid Loss     : 0.0000	 | 	Valid Accuracy     : 0.0000

Epoch : 5
Train Loss     : 9.1694	 | 	Train Accuracy     : 0.0000
Valid Loss     : 0.0000	 | 	Valid Accuracy     : 0.0000

Epoch : 6
Train Loss     : 9.0093	 | 	Train Accuracy     : 0.0000
Valid Loss     : 0.0000	 | 	Valid Accuracy     : 0.0000

Epoch : 7
Train Loss     : 8.9328	 | 	Train Accuracy     : 0.0000
Valid Loss     : 0.0000	 | 	Valid Accuracy     : 0.0000

Epoch : 8
Train Loss     : 8.6996	 | 	Train Accuracy     : 0.0000
Valid Loss     : 0.0000	 | 	Valid Accuracy     : 0.0000

Epoch : 9
Train Loss     : 8.5252	 | 	Train Accuracy     : 0.0000
Valid Loss     : 0.0000	 | 	Valid Accuracy     : 0.0000

Epoch : 10
Train Loss     : 8.6470	 | 	Train Accuracy     : 0.0000
Valid Loss     : 0.0000	 | 	Valid Accuracy     : 0.0000

Epoch : 11
Train Loss     : 8.3263	 | 	Train Accuracy     : 0.0000
Valid Loss     : 0.0000	 | 	Valid Accuracy     : 0.0000

Epoch : 12
Train Loss     : 8.4406	 | 	Train Accuracy     : 0.0000
Valid Loss     : 0.0000	 | 	Valid Accuracy     : 0.0000

Epoch : 13
Train Loss     : 8.2993	 | 	Train Accuracy     : 0.0000
Valid Loss     : 0.0000	 | 	Valid Accuracy     : 0.0000

Epoch : 14
Train Loss     : 8.1370	 | 	Train Accuracy     : 0.0000
Valid Loss     : 0.0000	 | 	Valid Accuracy     : 0.0000

Epoch : 15
Train Loss     : 8.0987	 | 	Train Accuracy     : 0.0000
Valid Loss     : 0.0000	 | 	Valid Accuracy     : 0.0000

Epoch : 16
Train Loss     : 8.0639	 | 	Train Accuracy     : 0.0000
Valid Loss     : 0.0000	 | 	Valid Accuracy     : 0.0000

Epoch : 17
Train Loss     : 7.9845	 | 	Train Accuracy     : 0.0000
Valid Loss     : 0.0000	 | 	Valid Accuracy     : 0.0000

Epoch : 18
Train Loss     : 8.0546	 | 	Train Accuracy     : 0.0000
Valid Loss     : 0.0000	 | 	Valid Accuracy     : 0.0000

Epoch : 19
Train Loss     : 8.1701	 | 	Train Accuracy     : 0.0000
Valid Loss     : 0.0000	 | 	Valid Accuracy     : 0.0000

Epoch : 20
Train Loss     : 8.0803	 | 	Train Accuracy     : 0.0000
Valid Loss     : 0.0000	 | 	Valid Accuracy     : 0.0000

Epoch : 21
Train Loss     : 7.9732	 | 	Train Accuracy     : 0.0000
Valid Loss     : 0.0000	 | 	Valid Accuracy     : 0.0000

Epoch : 22
Train Loss     : 7.7353	 | 	Train Accuracy     : 0.0000
Valid Loss     : 0.0000	 | 	Valid Accuracy     : 0.0000

Epoch : 23
Train Loss     : 8.0404	 | 	Train Accuracy     : 0.0000
Valid Loss     : 0.0000	 | 	Valid Accuracy     : 0.0000

Epoch : 24
Train Loss     : 7.8094	 | 	Train Accuracy     : 0.0000
Valid Loss     : 0.0000	 | 	Valid Accuracy     : 0.0000

Epoch : 25
Train Loss     : 7.8933	 | 	Train Accuracy     : 0.0000
Valid Loss     : 0.0000	 | 	Valid Accuracy     : 0.0000

Epoch : 26
Train Loss     : 7.9071	 | 	Train Accuracy     : 0.0000
Valid Loss     : 0.0000	 | 	Valid Accuracy     : 0.0000

Epoch : 27
Train Loss     : 7.8419	 | 	Train Accuracy     : 0.0000
Valid Loss     : 0.0000	 | 	Valid Accuracy     : 0.0000

Epoch : 28
Train Loss     : 7.8430	 | 	Train Accuracy     : 0.0000
Valid Loss     : 0.0000	 | 	Valid Accuracy     : 0.0000

Epoch : 29
Train Loss     : 7.7469	 | 	Train Accuracy     : 0.0000
Valid Loss     : 0.0000	 | 	Valid Accuracy     : 0.0000

Epoch : 30
Train Loss     : 7.7963	 | 	Train Accuracy     : 0.0000
Valid Loss     : 0.0000	 | 	Valid Accuracy     : 0.0000

Epoch : 31
Train Loss     : 7.7519	 | 	Train Accuracy     : 0.0000
Valid Loss     : 0.0000	 | 	Valid Accuracy     : 0.0000

Epoch : 32
Train Loss     : 7.6746	 | 	Train Accuracy     : 0.0000
Valid Loss     : 0.0000	 | 	Valid Accuracy     : 0.0000

Epoch : 33
Train Loss     : 7.6325	 | 	Train Accuracy     : 0.0000
Valid Loss     : 0.0000	 | 	Valid Accuracy     : 0.0000

Epoch : 34
Train Loss     : 7.6972	 | 	Train Accuracy     : 0.0000
Valid Loss     : 0.0000	 | 	Valid Accuracy     : 0.0000

Epoch : 35
Train Loss     : 7.5006	 | 	Train Accuracy     : 0.0000
Valid Loss     : 0.0000	 | 	Valid Accuracy     : 0.0000

Epoch : 36
Train Loss     : 7.6101	 | 	Train Accuracy     : 0.0000
Valid Loss     : 0.0000	 | 	Valid Accuracy     : 0.0000

Epoch : 37
Train Loss     : 7.4867	 | 	Train Accuracy     : 0.0000
Valid Loss     : 0.0000	 | 	Valid Accuracy     : 0.0000

Epoch : 38
Train Loss     : 7.6603	 | 	Train Accuracy     : 0.0000
Valid Loss     : 0.0000	 | 	Valid Accuracy     : 0.0000

Epoch : 39
Train Loss     : 7.5294	 | 	Train Accuracy     : 0.0000
Valid Loss     : 0.0000	 | 	Valid Accuracy     : 0.0000

Epoch : 40
Train Loss     : 7.5200	 | 	Train Accuracy     : 0.0000
Valid Loss     : 0.0000	 | 	Valid Accuracy     : 0.0000

################## Training is Done! #########################
Training time is : 0:02:12.489926
=============================================
Dataset: HAR
Mode:    train_linear_1p
=============================================
Data loaded ...
CUDA optimizations enabled for NVIDIA GeForce RTX 4060
CUDA Memory: 8.6 GB
Conservative settings: TF32 disabled for accuracy preservation
Training started ....

Epoch : 1
Train Loss     : 1.7047	 | 	Train Accuracy     : 0.2500
Valid Loss     : 1.5286	 | 	Valid Accuracy     : 0.5309

Epoch : 2
Train Loss     : 1.2015	 | 	Train Accuracy     : 0.6250
Valid Loss     : 1.3097	 | 	Valid Accuracy     : 0.6003

Epoch : 3
Train Loss     : 0.8756	 | 	Train Accuracy     : 0.7812
Valid Loss     : 1.1407	 | 	Valid Accuracy     : 0.6133

Epoch : 4
Train Loss     : 0.7430	 | 	Train Accuracy     : 0.8125
Valid Loss     : 0.9874	 | 	Valid Accuracy     : 0.6312

Epoch : 5
Train Loss     : 0.5767	 | 	Train Accuracy     : 0.8906
Valid Loss     : 0.8538	 | 	Valid Accuracy     : 0.6669

Epoch : 6
Train Loss     : 0.5447	 | 	Train Accuracy     : 0.8594
Valid Loss     : 0.7699	 | 	Valid Accuracy     : 0.6909

Epoch : 7
Train Loss     : 0.4814	 | 	Train Accuracy     : 0.9375
Valid Loss     : 0.7066	 | 	Valid Accuracy     : 0.7212

Epoch : 8
Train Loss     : 0.4087	 | 	Train Accuracy     : 0.9219
Valid Loss     : 0.6600	 | 	Valid Accuracy     : 0.7637

Epoch : 9
Train Loss     : 0.3373	 | 	Train Accuracy     : 0.9375
Valid Loss     : 0.6420	 | 	Valid Accuracy     : 0.7548

Epoch : 10
Train Loss     : 0.3965	 | 	Train Accuracy     : 0.8750
Valid Loss     : 0.6339	 | 	Valid Accuracy     : 0.7521

Epoch : 11
Train Loss     : 0.3959	 | 	Train Accuracy     : 0.8906
Valid Loss     : 0.6173	 | 	Valid Accuracy     : 0.7610

Epoch : 12
Train Loss     : 0.3162	 | 	Train Accuracy     : 0.9219
Valid Loss     : 0.6003	 | 	Valid Accuracy     : 0.7747

Epoch : 13
Train Loss     : 0.3120	 | 	Train Accuracy     : 0.9375
Valid Loss     : 0.5914	 | 	Valid Accuracy     : 0.7802

Epoch : 14
Train Loss     : 0.2361	 | 	Train Accuracy     : 0.9688
Valid Loss     : 0.5802	 | 	Valid Accuracy     : 0.7864

Epoch : 15
Train Loss     : 0.2757	 | 	Train Accuracy     : 0.9531
Valid Loss     : 0.5828	 | 	Valid Accuracy     : 0.7761

Epoch : 16
Train Loss     : 0.2595	 | 	Train Accuracy     : 0.9375
Valid Loss     : 0.5728	 | 	Valid Accuracy     : 0.7843

Epoch : 17
Train Loss     : 0.2649	 | 	Train Accuracy     : 0.9531
Valid Loss     : 0.5771	 | 	Valid Accuracy     : 0.7782

Epoch : 18
Train Loss     : 0.2237	 | 	Train Accuracy     : 0.9531
Valid Loss     : 0.5745	 | 	Valid Accuracy     : 0.7775

Epoch : 19
Train Loss     : 0.2502	 | 	Train Accuracy     : 0.9375
Valid Loss     : 0.5698	 | 	Valid Accuracy     : 0.7816

Epoch : 20
Train Loss     : 0.2373	 | 	Train Accuracy     : 0.9219
Valid Loss     : 0.5545	 | 	Valid Accuracy     : 0.8001

Epoch : 21
Train Loss     : 0.2070	 | 	Train Accuracy     : 0.9688
Valid Loss     : 0.5420	 | 	Valid Accuracy     : 0.8104

Epoch : 22
Train Loss     : 0.1866	 | 	Train Accuracy     : 0.9688
Valid Loss     : 0.5427	 | 	Valid Accuracy     : 0.8043

Epoch : 23
Train Loss     : 0.2933	 | 	Train Accuracy     : 0.8750
Valid Loss     : 0.5493	 | 	Valid Accuracy     : 0.7981

Epoch : 24
Train Loss     : 0.1826	 | 	Train Accuracy     : 0.9531
Valid Loss     : 0.5693	 | 	Valid Accuracy     : 0.7843

Epoch : 25
Train Loss     : 0.1463	 | 	Train Accuracy     : 0.9531
Valid Loss     : 0.5800	 | 	Valid Accuracy     : 0.7788

Epoch : 26
Train Loss     : 0.2071	 | 	Train Accuracy     : 0.9531
Valid Loss     : 0.5781	 | 	Valid Accuracy     : 0.7802

Epoch : 27
Train Loss     : 0.3119	 | 	Train Accuracy     : 0.9219
Valid Loss     : 0.5718	 | 	Valid Accuracy     : 0.7933

Epoch : 28
Train Loss     : 0.2713	 | 	Train Accuracy     : 0.9062
Valid Loss     : 0.5396	 | 	Valid Accuracy     : 0.8118

Epoch : 29
Train Loss     : 0.1775	 | 	Train Accuracy     : 0.9531
Valid Loss     : 0.5247	 | 	Valid Accuracy     : 0.8166

Epoch : 30
Train Loss     : 0.1603	 | 	Train Accuracy     : 0.9688
Valid Loss     : 0.5213	 | 	Valid Accuracy     : 0.8221

Epoch : 31
Train Loss     : 0.1649	 | 	Train Accuracy     : 0.9688
Valid Loss     : 0.5333	 | 	Valid Accuracy     : 0.8118

Epoch : 32
Train Loss     : 0.1465	 | 	Train Accuracy     : 0.9844
Valid Loss     : 0.5583	 | 	Valid Accuracy     : 0.7967

Epoch : 33
Train Loss     : 0.1639	 | 	Train Accuracy     : 0.9844
Valid Loss     : 0.5734	 | 	Valid Accuracy     : 0.7940

Epoch : 34
Train Loss     : 0.1226	 | 	Train Accuracy     : 0.9844
Valid Loss     : 0.5915	 | 	Valid Accuracy     : 0.7864

Epoch : 35
Train Loss     : 0.1273	 | 	Train Accuracy     : 0.9531
Valid Loss     : 0.5984	 | 	Valid Accuracy     : 0.7809

Epoch : 36
Train Loss     : 0.1583	 | 	Train Accuracy     : 0.9531
Valid Loss     : 0.5982	 | 	Valid Accuracy     : 0.7809

Epoch : 37
Train Loss     : 0.1911	 | 	Train Accuracy     : 0.9531
Valid Loss     : 0.6003	 | 	Valid Accuracy     : 0.7768

Epoch : 38
Train Loss     : 0.2134	 | 	Train Accuracy     : 0.9062
Valid Loss     : 0.5814	 | 	Valid Accuracy     : 0.7898

Epoch : 39
Train Loss     : 0.1361	 | 	Train Accuracy     : 0.9531
Valid Loss     : 0.5638	 | 	Valid Accuracy     : 0.7919

Epoch : 40
Train Loss     : 0.1325	 | 	Train Accuracy     : 0.9844
Valid Loss     : 0.5546	 | 	Valid Accuracy     : 0.8022

Evaluate on the Test set:
Test loss      :0.6775	 | Test Accuracy      : 0.7226

################## Training is Done! #########################
Training time is : 0:00:20.512145
=============================================
Dataset: HAR
Mode:    ft_1p
=============================================
Data loaded ...
CUDA optimizations enabled for NVIDIA GeForce RTX 4060
CUDA Memory: 8.6 GB
Conservative settings: TF32 disabled for accuracy preservation
Training started ....

Epoch : 1
Train Loss     : 1.6260	 | 	Train Accuracy     : 0.3125
Valid Loss     : 1.4304	 | 	Valid Accuracy     : 0.5440

Epoch : 2
Train Loss     : 1.0174	 | 	Train Accuracy     : 0.6875
Valid Loss     : 1.1654	 | 	Valid Accuracy     : 0.6257

Epoch : 3
Train Loss     : 0.6971	 | 	Train Accuracy     : 0.8281
Valid Loss     : 0.9961	 | 	Valid Accuracy     : 0.6346

Epoch : 4
Train Loss     : 0.5816	 | 	Train Accuracy     : 0.7969
Valid Loss     : 0.8527	 | 	Valid Accuracy     : 0.6628

Epoch : 5
Train Loss     : 0.4167	 | 	Train Accuracy     : 0.9062
Valid Loss     : 0.7361	 | 	Valid Accuracy     : 0.7212

Epoch : 6
Train Loss     : 0.3994	 | 	Train Accuracy     : 0.9062
Valid Loss     : 0.6733	 | 	Valid Accuracy     : 0.7445

Epoch : 7
Train Loss     : 0.3148	 | 	Train Accuracy     : 0.9688
Valid Loss     : 0.6288	 | 	Valid Accuracy     : 0.7589

Epoch : 8
Train Loss     : 0.2599	 | 	Train Accuracy     : 0.9531
Valid Loss     : 0.5968	 | 	Valid Accuracy     : 0.7775

Epoch : 9
Train Loss     : 0.1929	 | 	Train Accuracy     : 0.9688
Valid Loss     : 0.5941	 | 	Valid Accuracy     : 0.7692

Epoch : 10
Train Loss     : 0.2984	 | 	Train Accuracy     : 0.9062
Valid Loss     : 0.5984	 | 	Valid Accuracy     : 0.7617

Epoch : 11
Train Loss     : 0.2846	 | 	Train Accuracy     : 0.9219
Valid Loss     : 0.5739	 | 	Valid Accuracy     : 0.7809

Epoch : 12
Train Loss     : 0.1889	 | 	Train Accuracy     : 0.9531
Valid Loss     : 0.5558	 | 	Valid Accuracy     : 0.7912

Epoch : 13
Train Loss     : 0.1799	 | 	Train Accuracy     : 0.9844
Valid Loss     : 0.5506	 | 	Valid Accuracy     : 0.7946

Epoch : 14
Train Loss     : 0.1324	 | 	Train Accuracy     : 0.9688
Valid Loss     : 0.5462	 | 	Valid Accuracy     : 0.7988

Epoch : 15
Train Loss     : 0.1628	 | 	Train Accuracy     : 0.9688
Valid Loss     : 0.5624	 | 	Valid Accuracy     : 0.7768

Epoch : 16
Train Loss     : 0.1862	 | 	Train Accuracy     : 0.9375
Valid Loss     : 0.5558	 | 	Valid Accuracy     : 0.7823

Epoch : 17
Train Loss     : 0.1418	 | 	Train Accuracy     : 0.9688
Valid Loss     : 0.5591	 | 	Valid Accuracy     : 0.7823

Epoch : 18
Train Loss     : 0.1025	 | 	Train Accuracy     : 0.9688
Valid Loss     : 0.5557	 | 	Valid Accuracy     : 0.7864

Epoch : 19
Train Loss     : 0.1427	 | 	Train Accuracy     : 0.9531
Valid Loss     : 0.5466	 | 	Valid Accuracy     : 0.7953

Epoch : 20
Train Loss     : 0.1501	 | 	Train Accuracy     : 0.9375
Valid Loss     : 0.5165	 | 	Valid Accuracy     : 0.8139

Epoch : 21
Train Loss     : 0.1026	 | 	Train Accuracy     : 0.9688
Valid Loss     : 0.4990	 | 	Valid Accuracy     : 0.8283

Epoch : 22
Train Loss     : 0.0967	 | 	Train Accuracy     : 0.9688
Valid Loss     : 0.5054	 | 	Valid Accuracy     : 0.8242

Epoch : 23
Train Loss     : 0.1516	 | 	Train Accuracy     : 0.9375
Valid Loss     : 0.5268	 | 	Valid Accuracy     : 0.8146

Epoch : 24
Train Loss     : 0.1202	 | 	Train Accuracy     : 0.9375
Valid Loss     : 0.5671	 | 	Valid Accuracy     : 0.8001

Epoch : 25
Train Loss     : 0.0820	 | 	Train Accuracy     : 0.9688
Valid Loss     : 0.5800	 | 	Valid Accuracy     : 0.7995

Epoch : 26
Train Loss     : 0.1171	 | 	Train Accuracy     : 0.9375
Valid Loss     : 0.5852	 | 	Valid Accuracy     : 0.7974

Epoch : 27
Train Loss     : 0.1993	 | 	Train Accuracy     : 0.9219
Valid Loss     : 0.5755	 | 	Valid Accuracy     : 0.8049

Epoch : 28
Train Loss     : 0.1398	 | 	Train Accuracy     : 0.9531
Valid Loss     : 0.5385	 | 	Valid Accuracy     : 0.8111

Epoch : 29
Train Loss     : 0.0954	 | 	Train Accuracy     : 0.9688
Valid Loss     : 0.5186	 | 	Valid Accuracy     : 0.8194

Epoch : 30
Train Loss     : 0.0862	 | 	Train Accuracy     : 0.9688
Valid Loss     : 0.5107	 | 	Valid Accuracy     : 0.8201

Epoch : 31
Train Loss     : 0.2406	 | 	Train Accuracy     : 0.9062
Valid Loss     : 0.5395	 | 	Valid Accuracy     : 0.7981

Epoch : 32
Train Loss     : 0.0802	 | 	Train Accuracy     : 0.9688
Valid Loss     : 0.5939	 | 	Valid Accuracy     : 0.7768

Epoch : 33
Train Loss     : 0.0803	 | 	Train Accuracy     : 0.9688
Valid Loss     : 0.5935	 | 	Valid Accuracy     : 0.7740

Epoch : 34
Train Loss     : 0.0650	 | 	Train Accuracy     : 0.9844
Valid Loss     : 0.5844	 | 	Valid Accuracy     : 0.7761

Epoch : 35
Train Loss     : 0.0810	 | 	Train Accuracy     : 0.9531
Valid Loss     : 0.5830	 | 	Valid Accuracy     : 0.7788

Epoch : 36
Train Loss     : 0.0994	 | 	Train Accuracy     : 0.9531
Valid Loss     : 0.5766	 | 	Valid Accuracy     : 0.7850

Epoch : 37
Train Loss     : 0.0740	 | 	Train Accuracy     : 0.9844
Valid Loss     : 0.5818	 | 	Valid Accuracy     : 0.7830

Epoch : 38
Train Loss     : 0.1479	 | 	Train Accuracy     : 0.9375
Valid Loss     : 0.5790	 | 	Valid Accuracy     : 0.7816

Epoch : 39
Train Loss     : 0.0835	 | 	Train Accuracy     : 0.9688
Valid Loss     : 0.5669	 | 	Valid Accuracy     : 0.7823

Epoch : 40
Train Loss     : 0.0761	 | 	Train Accuracy     : 0.9688
Valid Loss     : 0.5520	 | 	Valid Accuracy     : 0.7926

Evaluate on the Test set:
Test loss      :0.6589	 | Test Accuracy      : 0.7389

################## Training is Done! #########################
Training time is : 0:00:21.658596
=============================================
Dataset: HAR
Mode:    gen_pseudo_labels
=============================================
Data loaded ...
Pseudo labels generated ...
=============================================
Dataset: HAR
Mode:    SupCon
=============================================
Data loaded ...
CUDA optimizations enabled for NVIDIA GeForce RTX 4060
CUDA Memory: 8.6 GB
Conservative settings: TF32 disabled for accuracy preservation
Training started ....
/mnt/d/Project/CoFT/models/TC.py:52: UserWarning: Implicit dimension choice for log_softmax has been deprecated. Change the call to include dim=X as an argument.
  nce += torch.sum(torch.diag(self.lsoftmax(total)))

Epoch : 1
Train Loss     : 0.2398	 | 	Train Accuracy     : 0.0000
Valid Loss     : 0.0000	 | 	Valid Accuracy     : 0.0000

Epoch : 2
Train Loss     : 0.1700	 | 	Train Accuracy     : 0.0000
Valid Loss     : 0.0000	 | 	Valid Accuracy     : 0.0000

Epoch : 3
Train Loss     : 0.1629	 | 	Train Accuracy     : 0.0000
Valid Loss     : 0.0000	 | 	Valid Accuracy     : 0.0000

Epoch : 4
Train Loss     : 0.1604	 | 	Train Accuracy     : 0.0000
Valid Loss     : 0.0000	 | 	Valid Accuracy     : 0.0000

Epoch : 5
Train Loss     : 0.1563	 | 	Train Accuracy     : 0.0000
Valid Loss     : 0.0000	 | 	Valid Accuracy     : 0.0000

Epoch : 6
Train Loss     : 0.1533	 | 	Train Accuracy     : 0.0000
Valid Loss     : 0.0000	 | 	Valid Accuracy     : 0.0000

Epoch : 7
Train Loss     : 0.1519	 | 	Train Accuracy     : 0.0000
Valid Loss     : 0.0000	 | 	Valid Accuracy     : 0.0000

Epoch : 8
Train Loss     : 0.1508	 | 	Train Accuracy     : 0.0000
Valid Loss     : 0.0000	 | 	Valid Accuracy     : 0.0000

Epoch : 9
Train Loss     : 0.1499	 | 	Train Accuracy     : 0.0000
Valid Loss     : 0.0000	 | 	Valid Accuracy     : 0.0000

Epoch : 10
Train Loss     : 0.1501	 | 	Train Accuracy     : 0.0000
Valid Loss     : 0.0000	 | 	Valid Accuracy     : 0.0000

Epoch : 11
Train Loss     : 0.1479	 | 	Train Accuracy     : 0.0000
Valid Loss     : 0.0000	 | 	Valid Accuracy     : 0.0000

Epoch : 12
Train Loss     : 0.1478	 | 	Train Accuracy     : 0.0000
Valid Loss     : 0.0000	 | 	Valid Accuracy     : 0.0000

Epoch : 13
Train Loss     : 0.1482	 | 	Train Accuracy     : 0.0000
Valid Loss     : 0.0000	 | 	Valid Accuracy     : 0.0000

Epoch : 14
Train Loss     : 0.1481	 | 	Train Accuracy     : 0.0000
Valid Loss     : 0.0000	 | 	Valid Accuracy     : 0.0000

Epoch : 15
Train Loss     : 0.1465	 | 	Train Accuracy     : 0.0000
Valid Loss     : 0.0000	 | 	Valid Accuracy     : 0.0000

Epoch : 16
Train Loss     : 0.1454	 | 	Train Accuracy     : 0.0000
Valid Loss     : 0.0000	 | 	Valid Accuracy     : 0.0000

Epoch : 17
Train Loss     : 0.1467	 | 	Train Accuracy     : 0.0000
Valid Loss     : 0.0000	 | 	Valid Accuracy     : 0.0000

Epoch : 18
Train Loss     : 0.1449	 | 	Train Accuracy     : 0.0000
Valid Loss     : 0.0000	 | 	Valid Accuracy     : 0.0000

Epoch : 19
Train Loss     : 0.1453	 | 	Train Accuracy     : 0.0000
Valid Loss     : 0.0000	 | 	Valid Accuracy     : 0.0000

Epoch : 20
Train Loss     : 0.1449	 | 	Train Accuracy     : 0.0000
Valid Loss     : 0.0000	 | 	Valid Accuracy     : 0.0000

Epoch : 21
Train Loss     : 0.1456	 | 	Train Accuracy     : 0.0000
Valid Loss     : 0.0000	 | 	Valid Accuracy     : 0.0000

Epoch : 22
Train Loss     : 0.1453	 | 	Train Accuracy     : 0.0000
Valid Loss     : 0.0000	 | 	Valid Accuracy     : 0.0000

Epoch : 23
Train Loss     : 0.1446	 | 	Train Accuracy     : 0.0000
Valid Loss     : 0.0000	 | 	Valid Accuracy     : 0.0000

Epoch : 24
Train Loss     : 0.1456	 | 	Train Accuracy     : 0.0000
Valid Loss     : 0.0000	 | 	Valid Accuracy     : 0.0000

Epoch : 25
Train Loss     : 0.1439	 | 	Train Accuracy     : 0.0000
Valid Loss     : 0.0000	 | 	Valid Accuracy     : 0.0000

Epoch : 26
Train Loss     : 0.1458	 | 	Train Accuracy     : 0.0000
Valid Loss     : 0.0000	 | 	Valid Accuracy     : 0.0000

Epoch : 27
Train Loss     : 0.1442	 | 	Train Accuracy     : 0.0000
Valid Loss     : 0.0000	 | 	Valid Accuracy     : 0.0000

Epoch : 28
Train Loss     : 0.1451	 | 	Train Accuracy     : 0.0000
Valid Loss     : 0.0000	 | 	Valid Accuracy     : 0.0000

Epoch : 29
Train Loss     : 0.1433	 | 	Train Accuracy     : 0.0000
Valid Loss     : 0.0000	 | 	Valid Accuracy     : 0.0000

Epoch : 30
Train Loss     : 0.1440	 | 	Train Accuracy     : 0.0000
Valid Loss     : 0.0000	 | 	Valid Accuracy     : 0.0000

Epoch : 31
Train Loss     : 0.1446	 | 	Train Accuracy     : 0.0000
Valid Loss     : 0.0000	 | 	Valid Accuracy     : 0.0000

Epoch : 32
Train Loss     : 0.1433	 | 	Train Accuracy     : 0.0000
Valid Loss     : 0.0000	 | 	Valid Accuracy     : 0.0000

Epoch : 33
Train Loss     : 0.1442	 | 	Train Accuracy     : 0.0000
Valid Loss     : 0.0000	 | 	Valid Accuracy     : 0.0000

Epoch : 34
Train Loss     : 0.1430	 | 	Train Accuracy     : 0.0000
Valid Loss     : 0.0000	 | 	Valid Accuracy     : 0.0000

Epoch : 35
Train Loss     : 0.1425	 | 	Train Accuracy     : 0.0000
Valid Loss     : 0.0000	 | 	Valid Accuracy     : 0.0000

Epoch : 36
Train Loss     : 0.1433	 | 	Train Accuracy     : 0.0000
Valid Loss     : 0.0000	 | 	Valid Accuracy     : 0.0000

Epoch : 37
Train Loss     : 0.1433	 | 	Train Accuracy     : 0.0000
Valid Loss     : 0.0000	 | 	Valid Accuracy     : 0.0000

Epoch : 38
Train Loss     : 0.1434	 | 	Train Accuracy     : 0.0000
Valid Loss     : 0.0000	 | 	Valid Accuracy     : 0.0000

Epoch : 39
Train Loss     : 0.1432	 | 	Train Accuracy     : 0.0000
Valid Loss     : 0.0000	 | 	Valid Accuracy     : 0.0000

Epoch : 40
Train Loss     : 0.1424	 | 	Train Accuracy     : 0.0000
Valid Loss     : 0.0000	 | 	Valid Accuracy     : 0.0000

################## Training is Done! #########################
Training time is : 0:02:14.733963
=============================================
Dataset: HAR
Mode:    train_linear_SupCon_1p
=============================================
Data loaded ...
CUDA optimizations enabled for NVIDIA GeForce RTX 4060
CUDA Memory: 8.6 GB
Conservative settings: TF32 disabled for accuracy preservation
Training started ....

Epoch : 1
Train Loss     : 1.4691	 | 	Train Accuracy     : 0.7031
Valid Loss     : 1.4897	 | 	Valid Accuracy     : 0.5776

Epoch : 2
Train Loss     : 1.1594	 | 	Train Accuracy     : 0.7969
Valid Loss     : 1.3081	 | 	Valid Accuracy     : 0.6848

Epoch : 3
Train Loss     : 0.8906	 | 	Train Accuracy     : 0.8594
Valid Loss     : 1.1463	 | 	Valid Accuracy     : 0.7246

Epoch : 4
Train Loss     : 0.7788	 | 	Train Accuracy     : 0.8438
Valid Loss     : 1.0082	 | 	Valid Accuracy     : 0.7431

Epoch : 5
Train Loss     : 0.6396	 | 	Train Accuracy     : 0.8750
Valid Loss     : 0.8944	 | 	Valid Accuracy     : 0.7630

Epoch : 6
Train Loss     : 0.6064	 | 	Train Accuracy     : 0.8281
Valid Loss     : 0.8074	 | 	Valid Accuracy     : 0.7727

Epoch : 7
Train Loss     : 0.5232	 | 	Train Accuracy     : 0.8906
Valid Loss     : 0.7294	 | 	Valid Accuracy     : 0.7850

Epoch : 8
Train Loss     : 0.4479	 | 	Train Accuracy     : 0.9219
Valid Loss     : 0.6638	 | 	Valid Accuracy     : 0.8029

Epoch : 9
Train Loss     : 0.3865	 | 	Train Accuracy     : 0.9688
Valid Loss     : 0.6172	 | 	Valid Accuracy     : 0.8118

Epoch : 10
Train Loss     : 0.4103	 | 	Train Accuracy     : 0.9062
Valid Loss     : 0.5833	 | 	Valid Accuracy     : 0.8111

Epoch : 11
Train Loss     : 0.4155	 | 	Train Accuracy     : 0.8906
Valid Loss     : 0.5577	 | 	Valid Accuracy     : 0.8235

Epoch : 12
Train Loss     : 0.3668	 | 	Train Accuracy     : 0.9062
Valid Loss     : 0.5400	 | 	Valid Accuracy     : 0.8283

Epoch : 13
Train Loss     : 0.3249	 | 	Train Accuracy     : 0.9531
Valid Loss     : 0.5266	 | 	Valid Accuracy     : 0.8283

Epoch : 14
Train Loss     : 0.2530	 | 	Train Accuracy     : 0.9688
Valid Loss     : 0.5148	 | 	Valid Accuracy     : 0.8352

Epoch : 15
Train Loss     : 0.3214	 | 	Train Accuracy     : 0.9531
Valid Loss     : 0.5070	 | 	Valid Accuracy     : 0.8324

Epoch : 16
Train Loss     : 0.2939	 | 	Train Accuracy     : 0.9375
Valid Loss     : 0.4957	 | 	Valid Accuracy     : 0.8331

Epoch : 17
Train Loss     : 0.2927	 | 	Train Accuracy     : 0.9688
Valid Loss     : 0.4930	 | 	Valid Accuracy     : 0.8290

Epoch : 18
Train Loss     : 0.2389	 | 	Train Accuracy     : 0.9375
Valid Loss     : 0.4860	 | 	Valid Accuracy     : 0.8331

Epoch : 19
Train Loss     : 0.2634	 | 	Train Accuracy     : 0.9219
Valid Loss     : 0.4815	 | 	Valid Accuracy     : 0.8365

Epoch : 20
Train Loss     : 0.2549	 | 	Train Accuracy     : 0.9062
Valid Loss     : 0.4736	 | 	Valid Accuracy     : 0.8386

Epoch : 21
Train Loss     : 0.2087	 | 	Train Accuracy     : 0.9688
Valid Loss     : 0.4596	 | 	Valid Accuracy     : 0.8489

Epoch : 22
Train Loss     : 0.1882	 | 	Train Accuracy     : 0.9688
Valid Loss     : 0.4554	 | 	Valid Accuracy     : 0.8503

Epoch : 23
Train Loss     : 0.2930	 | 	Train Accuracy     : 0.8906
Valid Loss     : 0.4505	 | 	Valid Accuracy     : 0.8544

Epoch : 24
Train Loss     : 0.1816	 | 	Train Accuracy     : 0.9688
Valid Loss     : 0.4552	 | 	Valid Accuracy     : 0.8496

Epoch : 25
Train Loss     : 0.1591	 | 	Train Accuracy     : 0.9531
Valid Loss     : 0.4593	 | 	Valid Accuracy     : 0.8427

Epoch : 26
Train Loss     : 0.2170	 | 	Train Accuracy     : 0.9375
Valid Loss     : 0.4593	 | 	Valid Accuracy     : 0.8359

Epoch : 27
Train Loss     : 0.2950	 | 	Train Accuracy     : 0.9375
Valid Loss     : 0.4565	 | 	Valid Accuracy     : 0.8420

Epoch : 28
Train Loss     : 0.2702	 | 	Train Accuracy     : 0.8906
Valid Loss     : 0.4407	 | 	Valid Accuracy     : 0.8489

Epoch : 29
Train Loss     : 0.1887	 | 	Train Accuracy     : 0.9688
Valid Loss     : 0.4320	 | 	Valid Accuracy     : 0.8537

Epoch : 30
Train Loss     : 0.1827	 | 	Train Accuracy     : 0.9531
Valid Loss     : 0.4280	 | 	Valid Accuracy     : 0.8558

Epoch : 31
Train Loss     : 0.1795	 | 	Train Accuracy     : 0.9844
Valid Loss     : 0.4268	 | 	Valid Accuracy     : 0.8544

Epoch : 32
Train Loss     : 0.1604	 | 	Train Accuracy     : 0.9844
Valid Loss     : 0.4371	 | 	Valid Accuracy     : 0.8510

Epoch : 33
Train Loss     : 0.1930	 | 	Train Accuracy     : 0.9688
Valid Loss     : 0.4460	 | 	Valid Accuracy     : 0.8441

Epoch : 34
Train Loss     : 0.1301	 | 	Train Accuracy     : 0.9844
Valid Loss     : 0.4560	 | 	Valid Accuracy     : 0.8393

Epoch : 35
Train Loss     : 0.1413	 | 	Train Accuracy     : 0.9688
Valid Loss     : 0.4613	 | 	Valid Accuracy     : 0.8400

Epoch : 36
Train Loss     : 0.1653	 | 	Train Accuracy     : 0.9531
Valid Loss     : 0.4614	 | 	Valid Accuracy     : 0.8420

Epoch : 37
Train Loss     : 0.2224	 | 	Train Accuracy     : 0.9219
Valid Loss     : 0.4578	 | 	Valid Accuracy     : 0.8386

Epoch : 38
Train Loss     : 0.2235	 | 	Train Accuracy     : 0.9062
Valid Loss     : 0.4424	 | 	Valid Accuracy     : 0.8413

Epoch : 39
Train Loss     : 0.1428	 | 	Train Accuracy     : 0.9531
Valid Loss     : 0.4343	 | 	Valid Accuracy     : 0.8468

Epoch : 40
Train Loss     : 0.1298	 | 	Train Accuracy     : 0.9844
Valid Loss     : 0.4312	 | 	Valid Accuracy     : 0.8489

Evaluate on the Test set:
Test loss      :0.5483	 | Test Accuracy      : 0.7760

################## Training is Done! #########################
Training time is : 0:00:20.852596
HAR Dataset - Total execution time: 343 seconds
