=============================================
Dataset: HAR
Mode:    ft_1p
=============================================
Data loaded ...
Training started ....

Epoch : 1
Train Loss     : 1.7885	 | 	Train Accuracy     : 0.2656
Valid Loss     : 1.5638	 | 	Valid Accuracy     : 0.4952

Epoch : 2
Train Loss     : 1.1040	 | 	Train Accuracy     : 0.6875
Valid Loss     : 1.2188	 | 	Valid Accuracy     : 0.6188

Epoch : 3
Train Loss     : 0.8132	 | 	Train Accuracy     : 0.7812
Valid Loss     : 0.9983	 | 	Valid Accuracy     : 0.6525

Epoch : 4
Train Loss     : 0.5726	 | 	Train Accuracy     : 0.9062
Valid Loss     : 0.8639	 | 	Valid Accuracy     : 0.6676

Epoch : 5
Train Loss     : 0.5840	 | 	Train Accuracy     : 0.8594
Valid Loss     : 0.7671	 | 	Valid Accuracy     : 0.7033

Epoch : 6
Train Loss     : 0.3638	 | 	Train Accuracy     : 0.9688
Valid Loss     : 0.7087	 | 	Valid Accuracy     : 0.7170

Epoch : 7
Train Loss     : 0.3277	 | 	Train Accuracy     : 0.9219
Valid Loss     : 0.6618	 | 	Valid Accuracy     : 0.7397

Epoch : 8
Train Loss     : 0.3076	 | 	Train Accuracy     : 0.9219
Valid Loss     : 0.6335	 | 	Valid Accuracy     : 0.7569

Epoch : 9
Train Loss     : 0.2323	 | 	Train Accuracy     : 0.9688
Valid Loss     : 0.6018	 | 	Valid Accuracy     : 0.7850

Epoch : 10
Train Loss     : 0.2164	 | 	Train Accuracy     : 0.9375
Valid Loss     : 0.5890	 | 	Valid Accuracy     : 0.7878

Epoch : 11
Train Loss     : 0.1776	 | 	Train Accuracy     : 0.9688
Valid Loss     : 0.5795	 | 	Valid Accuracy     : 0.7912

Epoch : 12
Train Loss     : 0.2462	 | 	Train Accuracy     : 0.9531
Valid Loss     : 0.5832	 | 	Valid Accuracy     : 0.7857

Epoch : 13
Train Loss     : 0.1337	 | 	Train Accuracy     : 0.9531
Valid Loss     : 0.5901	 | 	Valid Accuracy     : 0.7747

Epoch : 14
Train Loss     : 0.1743	 | 	Train Accuracy     : 0.9531
Valid Loss     : 0.6041	 | 	Valid Accuracy     : 0.7768

Epoch : 15
Train Loss     : 0.1783	 | 	Train Accuracy     : 0.9531
Valid Loss     : 0.5956	 | 	Valid Accuracy     : 0.7782

Epoch : 16
Train Loss     : 0.1596	 | 	Train Accuracy     : 0.9375
Valid Loss     : 0.5871	 | 	Valid Accuracy     : 0.7775

Epoch : 17
Train Loss     : 0.1670	 | 	Train Accuracy     : 0.9688
Valid Loss     : 0.5867	 | 	Valid Accuracy     : 0.7823

Epoch : 18
Train Loss     : 0.1603	 | 	Train Accuracy     : 0.9531
Valid Loss     : 0.5716	 | 	Valid Accuracy     : 0.7995

Epoch : 19
Train Loss     : 0.1348	 | 	Train Accuracy     : 0.9531
Valid Loss     : 0.5704	 | 	Valid Accuracy     : 0.8015

Epoch : 20
Train Loss     : 0.1265	 | 	Train Accuracy     : 0.9688
Valid Loss     : 0.5735	 | 	Valid Accuracy     : 0.7967

Epoch : 21
Train Loss     : 0.1489	 | 	Train Accuracy     : 0.9375
Valid Loss     : 0.5706	 | 	Valid Accuracy     : 0.7981

Epoch : 22
Train Loss     : 0.1229	 | 	Train Accuracy     : 0.9531
Valid Loss     : 0.5782	 | 	Valid Accuracy     : 0.7864

Epoch : 23
Train Loss     : 0.1284	 | 	Train Accuracy     : 0.9688
Valid Loss     : 0.5522	 | 	Valid Accuracy     : 0.7946

Epoch : 24
Train Loss     : 0.1253	 | 	Train Accuracy     : 0.9688
Valid Loss     : 0.5454	 | 	Valid Accuracy     : 0.7960

Epoch : 25
Train Loss     : 0.1091	 | 	Train Accuracy     : 0.9688
Valid Loss     : 0.5291	 | 	Valid Accuracy     : 0.8029

Epoch : 26
Train Loss     : 0.1103	 | 	Train Accuracy     : 0.9688
Valid Loss     : 0.5166	 | 	Valid Accuracy     : 0.8049

Epoch : 27
Train Loss     : 0.1079	 | 	Train Accuracy     : 0.9531
Valid Loss     : 0.5008	 | 	Valid Accuracy     : 0.8146

Epoch : 28
Train Loss     : 0.0558	 | 	Train Accuracy     : 1.0000
Valid Loss     : 0.4977	 | 	Valid Accuracy     : 0.8201

Epoch : 29
Train Loss     : 0.0821	 | 	Train Accuracy     : 0.9844
Valid Loss     : 0.5072	 | 	Valid Accuracy     : 0.8166

Epoch : 30
Train Loss     : 0.0780	 | 	Train Accuracy     : 0.9844
Valid Loss     : 0.5452	 | 	Valid Accuracy     : 0.8077

Epoch : 31
Train Loss     : 0.0658	 | 	Train Accuracy     : 0.9688
Valid Loss     : 0.5541	 | 	Valid Accuracy     : 0.8063

Epoch : 32
Train Loss     : 0.0878	 | 	Train Accuracy     : 0.9688
Valid Loss     : 0.5507	 | 	Valid Accuracy     : 0.8077

Epoch : 33
Train Loss     : 0.1053	 | 	Train Accuracy     : 0.9531
Valid Loss     : 0.5459	 | 	Valid Accuracy     : 0.8098

Epoch : 34
Train Loss     : 0.0862	 | 	Train Accuracy     : 0.9844
Valid Loss     : 0.5422	 | 	Valid Accuracy     : 0.8091

Epoch : 35
Train Loss     : 0.0772	 | 	Train Accuracy     : 0.9688
Valid Loss     : 0.5336	 | 	Valid Accuracy     : 0.8091

Epoch : 36
Train Loss     : 0.0456	 | 	Train Accuracy     : 0.9844
Valid Loss     : 0.5451	 | 	Valid Accuracy     : 0.8063

Epoch : 37
Train Loss     : 0.0729	 | 	Train Accuracy     : 0.9688
Valid Loss     : 0.5617	 | 	Valid Accuracy     : 0.7995

Epoch : 38
Train Loss     : 0.0458	 | 	Train Accuracy     : 0.9844
Valid Loss     : 0.5623	 | 	Valid Accuracy     : 0.8056

Epoch : 39
Train Loss     : 0.0979	 | 	Train Accuracy     : 0.9688
Valid Loss     : 0.5597	 | 	Valid Accuracy     : 0.8022

Epoch : 40
Train Loss     : 0.0441	 | 	Train Accuracy     : 1.0000
Valid Loss     : 0.5560	 | 	Valid Accuracy     : 0.8008

Evaluate on the Test set:
Test loss      :0.7056	 | Test Accuracy      : 0.7426

################## Training is Done! #########################
