=============================================
Dataset: HAR
Mode:    ft_1p
=============================================
Data loaded ...
Training started ....

Epoch : 1
Train Loss     : 1.7793	 | 	Train Accuracy     : 0.2656
Valid Loss     : 1.5426	 | 	Valid Accuracy     : 0.5007

Epoch : 2
Train Loss     : 1.1123	 | 	Train Accuracy     : 0.6562
Valid Loss     : 1.2110	 | 	Valid Accuracy     : 0.6223

Epoch : 3
Train Loss     : 0.8191	 | 	Train Accuracy     : 0.7656
Valid Loss     : 0.9997	 | 	Valid Accuracy     : 0.6552

Epoch : 4
Train Loss     : 0.5747	 | 	Train Accuracy     : 0.9062
Valid Loss     : 0.8699	 | 	Valid Accuracy     : 0.6648

Epoch : 5
Train Loss     : 0.5879	 | 	Train Accuracy     : 0.8594
Valid Loss     : 0.7773	 | 	Valid Accuracy     : 0.6971

Epoch : 6
Train Loss     : 0.3661	 | 	Train Accuracy     : 0.9688
Valid Loss     : 0.7210	 | 	Valid Accuracy     : 0.7088

Epoch : 7
Train Loss     : 0.3325	 | 	Train Accuracy     : 0.9062
Valid Loss     : 0.6762	 | 	Valid Accuracy     : 0.7266

Epoch : 8
Train Loss     : 0.3065	 | 	Train Accuracy     : 0.9375
Valid Loss     : 0.6481	 | 	Valid Accuracy     : 0.7459

Epoch : 9
Train Loss     : 0.2301	 | 	Train Accuracy     : 0.9688
Valid Loss     : 0.6150	 | 	Valid Accuracy     : 0.7727

Epoch : 10
Train Loss     : 0.2162	 | 	Train Accuracy     : 0.9531
Valid Loss     : 0.6011	 | 	Valid Accuracy     : 0.7747

Epoch : 11
Train Loss     : 0.1759	 | 	Train Accuracy     : 0.9688
Valid Loss     : 0.5887	 | 	Valid Accuracy     : 0.7816

Epoch : 12
Train Loss     : 0.2405	 | 	Train Accuracy     : 0.9531
Valid Loss     : 0.5920	 | 	Valid Accuracy     : 0.7782

Epoch : 13
Train Loss     : 0.1314	 | 	Train Accuracy     : 0.9531
Valid Loss     : 0.5983	 | 	Valid Accuracy     : 0.7706

Epoch : 14
Train Loss     : 0.1708	 | 	Train Accuracy     : 0.9688
Valid Loss     : 0.6110	 | 	Valid Accuracy     : 0.7706

Epoch : 15
Train Loss     : 0.1756	 | 	Train Accuracy     : 0.9531
Valid Loss     : 0.6031	 | 	Valid Accuracy     : 0.7727

Epoch : 16
Train Loss     : 0.1541	 | 	Train Accuracy     : 0.9375
Valid Loss     : 0.5937	 | 	Valid Accuracy     : 0.7740

Epoch : 17
Train Loss     : 0.1644	 | 	Train Accuracy     : 0.9688
Valid Loss     : 0.5913	 | 	Valid Accuracy     : 0.7768

Epoch : 18
Train Loss     : 0.1565	 | 	Train Accuracy     : 0.9531
Valid Loss     : 0.5768	 | 	Valid Accuracy     : 0.7926

Epoch : 19
Train Loss     : 0.1318	 | 	Train Accuracy     : 0.9688
Valid Loss     : 0.5768	 | 	Valid Accuracy     : 0.7967

Epoch : 20
Train Loss     : 0.1265	 | 	Train Accuracy     : 0.9688
Valid Loss     : 0.5797	 | 	Valid Accuracy     : 0.7885

Epoch : 21
Train Loss     : 0.1458	 | 	Train Accuracy     : 0.9531
Valid Loss     : 0.5811	 | 	Valid Accuracy     : 0.7919

Epoch : 22
Train Loss     : 0.1232	 | 	Train Accuracy     : 0.9531
Valid Loss     : 0.5944	 | 	Valid Accuracy     : 0.7802

Epoch : 23
Train Loss     : 0.1281	 | 	Train Accuracy     : 0.9688
Valid Loss     : 0.5684	 | 	Valid Accuracy     : 0.7885

Epoch : 24
Train Loss     : 0.1275	 | 	Train Accuracy     : 0.9688
Valid Loss     : 0.5602	 | 	Valid Accuracy     : 0.7905

Epoch : 25
Train Loss     : 0.1078	 | 	Train Accuracy     : 0.9531
Valid Loss     : 0.5391	 | 	Valid Accuracy     : 0.8015

Epoch : 26
Train Loss     : 0.1106	 | 	Train Accuracy     : 0.9688
Valid Loss     : 0.5221	 | 	Valid Accuracy     : 0.8056

Epoch : 27
Train Loss     : 0.1085	 | 	Train Accuracy     : 0.9531
Valid Loss     : 0.5031	 | 	Valid Accuracy     : 0.8180

Epoch : 28
Train Loss     : 0.0549	 | 	Train Accuracy     : 1.0000
Valid Loss     : 0.5006	 | 	Valid Accuracy     : 0.8228

Epoch : 29
Train Loss     : 0.0810	 | 	Train Accuracy     : 0.9844
Valid Loss     : 0.5124	 | 	Valid Accuracy     : 0.8104

Epoch : 30
Train Loss     : 0.0778	 | 	Train Accuracy     : 0.9844
Valid Loss     : 0.5525	 | 	Valid Accuracy     : 0.8056

Epoch : 31
Train Loss     : 0.0650	 | 	Train Accuracy     : 0.9844
Valid Loss     : 0.5607	 | 	Valid Accuracy     : 0.8001

Epoch : 32
Train Loss     : 0.0839	 | 	Train Accuracy     : 0.9688
Valid Loss     : 0.5575	 | 	Valid Accuracy     : 0.8015

Epoch : 33
Train Loss     : 0.1048	 | 	Train Accuracy     : 0.9531
Valid Loss     : 0.5533	 | 	Valid Accuracy     : 0.8091

Epoch : 34
Train Loss     : 0.0859	 | 	Train Accuracy     : 0.9844
Valid Loss     : 0.5500	 | 	Valid Accuracy     : 0.8070

Epoch : 35
Train Loss     : 0.0766	 | 	Train Accuracy     : 0.9688
Valid Loss     : 0.5400	 | 	Valid Accuracy     : 0.8070

Epoch : 36
Train Loss     : 0.0455	 | 	Train Accuracy     : 0.9844
Valid Loss     : 0.5500	 | 	Valid Accuracy     : 0.8029

Epoch : 37
Train Loss     : 0.0724	 | 	Train Accuracy     : 0.9688
Valid Loss     : 0.5673	 | 	Valid Accuracy     : 0.7967

Epoch : 38
Train Loss     : 0.0460	 | 	Train Accuracy     : 0.9844
Valid Loss     : 0.5681	 | 	Valid Accuracy     : 0.8043

Epoch : 39
Train Loss     : 0.0979	 | 	Train Accuracy     : 0.9688
Valid Loss     : 0.5656	 | 	Valid Accuracy     : 0.7988

Epoch : 40
Train Loss     : 0.0408	 | 	Train Accuracy     : 1.0000
Valid Loss     : 0.5620	 | 	Valid Accuracy     : 0.7981

Evaluate on the Test set:
Test loss      :0.7071	 | Test Accuracy      : 0.7399

################## Training is Done! #########################
