=============================================
Dataset: HAR
Mode:    ft_1p
=============================================
Data loaded ...
Training started ....

Epoch : 1
Train Loss     : 1.9298	 | 	Train Accuracy     : 0.0312
Valid Loss     : 1.7069	 | 	Valid Accuracy     : 0.2124

Epoch : 2
Train Loss     : 1.6103	 | 	Train Accuracy     : 0.2500
Valid Loss     : 1.5891	 | 	Valid Accuracy     : 0.5206

Epoch : 3
Train Loss     : 1.3537	 | 	Train Accuracy     : 0.7656
Valid Loss     : 1.4786	 | 	Valid Accuracy     : 0.6009

Epoch : 4
Train Loss     : 1.1293	 | 	Train Accuracy     : 0.8594
Valid Loss     : 1.3742	 | 	Valid Accuracy     : 0.6200

Epoch : 5
Train Loss     : 0.9705	 | 	Train Accuracy     : 0.8438
Valid Loss     : 1.2789	 | 	Valid Accuracy     : 0.6229

Epoch : 6
Train Loss     : 0.8199	 | 	Train Accuracy     : 0.8906
Valid Loss     : 1.1942	 | 	Valid Accuracy     : 0.6229

Epoch : 7
Train Loss     : 0.7037	 | 	Train Accuracy     : 0.8906
Valid Loss     : 1.1193	 | 	Valid Accuracy     : 0.6286

Epoch : 8
Train Loss     : 0.6302	 | 	Train Accuracy     : 0.8906
Valid Loss     : 1.0505	 | 	Valid Accuracy     : 0.6342

Epoch : 9
Train Loss     : 0.5566	 | 	Train Accuracy     : 0.8750
Valid Loss     : 0.9857	 | 	Valid Accuracy     : 0.6378

Epoch : 10
Train Loss     : 0.5011	 | 	Train Accuracy     : 0.9062
Valid Loss     : 0.9242	 | 	Valid Accuracy     : 0.6562

Epoch : 11
Train Loss     : 0.4107	 | 	Train Accuracy     : 0.9531
Valid Loss     : 0.8687	 | 	Valid Accuracy     : 0.6690

Epoch : 12
Train Loss     : 0.3940	 | 	Train Accuracy     : 0.9531
Valid Loss     : 0.8168	 | 	Valid Accuracy     : 0.6882

Epoch : 13
Train Loss     : 0.3424	 | 	Train Accuracy     : 0.9531
Valid Loss     : 0.7689	 | 	Valid Accuracy     : 0.7067

Epoch : 14
Train Loss     : 0.2836	 | 	Train Accuracy     : 0.9688
Valid Loss     : 0.7270	 | 	Valid Accuracy     : 0.7315

Epoch : 15
Train Loss     : 0.2838	 | 	Train Accuracy     : 0.9688
Valid Loss     : 0.6899	 | 	Valid Accuracy     : 0.7464

Epoch : 16
Train Loss     : 0.2553	 | 	Train Accuracy     : 0.9688
Valid Loss     : 0.6575	 | 	Valid Accuracy     : 0.7649

Epoch : 17
Train Loss     : 0.2304	 | 	Train Accuracy     : 0.9688
Valid Loss     : 0.6310	 | 	Valid Accuracy     : 0.7784

Epoch : 18
Train Loss     : 0.2323	 | 	Train Accuracy     : 0.9688
Valid Loss     : 0.6079	 | 	Valid Accuracy     : 0.7869

Epoch : 19
Train Loss     : 0.1696	 | 	Train Accuracy     : 0.9844
Valid Loss     : 0.5877	 | 	Valid Accuracy     : 0.7962

Epoch : 20
Train Loss     : 0.1556	 | 	Train Accuracy     : 0.9844
Valid Loss     : 0.5721	 | 	Valid Accuracy     : 0.8004

Epoch : 21
Train Loss     : 0.1636	 | 	Train Accuracy     : 0.9688
Valid Loss     : 0.5597	 | 	Valid Accuracy     : 0.8040

Epoch : 22
Train Loss     : 0.1633	 | 	Train Accuracy     : 0.9688
Valid Loss     : 0.5514	 | 	Valid Accuracy     : 0.8075

Epoch : 23
Train Loss     : 0.1552	 | 	Train Accuracy     : 0.9688
Valid Loss     : 0.5431	 | 	Valid Accuracy     : 0.8089

Epoch : 24
Train Loss     : 0.1384	 | 	Train Accuracy     : 0.9688
Valid Loss     : 0.5382	 | 	Valid Accuracy     : 0.8118

Epoch : 25
Train Loss     : 0.1367	 | 	Train Accuracy     : 0.9688
Valid Loss     : 0.5324	 | 	Valid Accuracy     : 0.8111

Epoch : 26
Train Loss     : 0.1118	 | 	Train Accuracy     : 0.9844
Valid Loss     : 0.5268	 | 	Valid Accuracy     : 0.8153

Epoch : 27
Train Loss     : 0.0969	 | 	Train Accuracy     : 0.9844
Valid Loss     : 0.5205	 | 	Valid Accuracy     : 0.8168

Epoch : 28
Train Loss     : 0.0822	 | 	Train Accuracy     : 0.9844
Valid Loss     : 0.5150	 | 	Valid Accuracy     : 0.8203

Epoch : 29
Train Loss     : 0.1166	 | 	Train Accuracy     : 0.9688
Valid Loss     : 0.5087	 | 	Valid Accuracy     : 0.8224

Epoch : 30
Train Loss     : 0.1042	 | 	Train Accuracy     : 0.9688
Valid Loss     : 0.5046	 | 	Valid Accuracy     : 0.8253

Epoch : 31
Train Loss     : 0.0684	 | 	Train Accuracy     : 0.9844
Valid Loss     : 0.5007	 | 	Valid Accuracy     : 0.8260

Epoch : 32
Train Loss     : 0.0987	 | 	Train Accuracy     : 0.9688
Valid Loss     : 0.4960	 | 	Valid Accuracy     : 0.8281

Epoch : 33
Train Loss     : 0.0955	 | 	Train Accuracy     : 0.9688
Valid Loss     : 0.4926	 | 	Valid Accuracy     : 0.8324

Epoch : 34
Train Loss     : 0.0916	 | 	Train Accuracy     : 0.9688
Valid Loss     : 0.4910	 | 	Valid Accuracy     : 0.8331

Epoch : 35
Train Loss     : 0.0858	 | 	Train Accuracy     : 0.9688
Valid Loss     : 0.4882	 | 	Valid Accuracy     : 0.8324

Epoch : 36
Train Loss     : 0.0669	 | 	Train Accuracy     : 0.9844
Valid Loss     : 0.4876	 | 	Valid Accuracy     : 0.8310

Epoch : 37
Train Loss     : 0.0850	 | 	Train Accuracy     : 0.9688
Valid Loss     : 0.4881	 | 	Valid Accuracy     : 0.8310

Epoch : 38
Train Loss     : 0.0678	 | 	Train Accuracy     : 0.9844
Valid Loss     : 0.4873	 | 	Valid Accuracy     : 0.8310

Epoch : 39
Train Loss     : 0.0878	 | 	Train Accuracy     : 0.9688
Valid Loss     : 0.4858	 | 	Valid Accuracy     : 0.8317

Epoch : 40
Train Loss     : 0.0505	 | 	Train Accuracy     : 0.9844
Valid Loss     : 0.4831	 | 	Valid Accuracy     : 0.8317

Evaluate on the Test set:
Test loss      :0.6730	 | Test Accuracy      : 0.7404

################## Training is Done! #########################
