=============================================
Dataset: sleep
Mode:    train_linear_1p
=============================================
Data loaded ...
Training started ....

Epoch : 1
Train Loss     : 1.5083	 | 	Train Accuracy     : 0.4219
Valid Loss     : 1.8324	 | 	Valid Accuracy     : 0.5071

Epoch : 2
Train Loss     : 0.9284	 | 	Train Accuracy     : 0.7656
Valid Loss     : 2.0863	 | 	Valid Accuracy     : 0.5086

Epoch : 3
Train Loss     : 0.6416	 | 	Train Accuracy     : 0.8047
Valid Loss     : 2.2026	 | 	Valid Accuracy     : 0.5139

Epoch : 4
Train Loss     : 0.4103	 | 	Train Accuracy     : 0.8398
Valid Loss     : 2.4878	 | 	Valid Accuracy     : 0.5799

Epoch : 5
Train Loss     : 0.3470	 | 	Train Accuracy     : 0.8984
Valid Loss     : 3.0253	 | 	Valid Accuracy     : 0.3674

Epoch : 6
Train Loss     : 0.3364	 | 	Train Accuracy     : 0.9219
Valid Loss     : 3.3825	 | 	Valid Accuracy     : 0.3496

Epoch : 7
Train Loss     : 0.2598	 | 	Train Accuracy     : 0.9570
Valid Loss     : 3.5648	 | 	Valid Accuracy     : 0.4650

Epoch : 8
Train Loss     : 0.1942	 | 	Train Accuracy     : 0.9570
Valid Loss     : 3.8206	 | 	Valid Accuracy     : 0.5505

Epoch : 9
Train Loss     : 0.1914	 | 	Train Accuracy     : 0.9531
Valid Loss     : 4.1371	 | 	Valid Accuracy     : 0.5849

Epoch : 10
Train Loss     : 0.1779	 | 	Train Accuracy     : 0.9531
Valid Loss     : 4.4895	 | 	Valid Accuracy     : 0.5592

Epoch : 11
Train Loss     : 0.1574	 | 	Train Accuracy     : 0.9609
Valid Loss     : 4.8084	 | 	Valid Accuracy     : 0.5161

Epoch : 12
Train Loss     : 0.1212	 | 	Train Accuracy     : 0.9766
Valid Loss     : 5.1441	 | 	Valid Accuracy     : 0.4738

Epoch : 13
Train Loss     : 0.0976	 | 	Train Accuracy     : 0.9883
Valid Loss     : 5.3110	 | 	Valid Accuracy     : 0.4815

Epoch : 14
Train Loss     : 0.1105	 | 	Train Accuracy     : 0.9883
Valid Loss     : 5.4743	 | 	Valid Accuracy     : 0.4885

Epoch : 15
Train Loss     : 0.0976	 | 	Train Accuracy     : 0.9883
Valid Loss     : 5.6232	 | 	Valid Accuracy     : 0.4955

Epoch : 16
Train Loss     : 0.0973	 | 	Train Accuracy     : 0.9844
Valid Loss     : 5.7634	 | 	Valid Accuracy     : 0.5022

Epoch : 17
Train Loss     : 0.0983	 | 	Train Accuracy     : 0.9883
Valid Loss     : 5.8801	 | 	Valid Accuracy     : 0.5064

Epoch : 18
Train Loss     : 0.1056	 | 	Train Accuracy     : 0.9844
Valid Loss     : 6.0055	 | 	Valid Accuracy     : 0.5079

Epoch : 19
Train Loss     : 0.0977	 | 	Train Accuracy     : 0.9883
Valid Loss     : 6.0853	 | 	Valid Accuracy     : 0.5105

Epoch : 20
Train Loss     : 0.0942	 | 	Train Accuracy     : 0.9883
Valid Loss     : 6.1612	 | 	Valid Accuracy     : 0.5126

Epoch : 21
Train Loss     : 0.1142	 | 	Train Accuracy     : 0.9766
Valid Loss     : 6.2281	 | 	Valid Accuracy     : 0.5140

Epoch : 22
Train Loss     : 0.1048	 | 	Train Accuracy     : 0.9766
Valid Loss     : 6.2746	 | 	Valid Accuracy     : 0.5139

Epoch : 23
Train Loss     : 0.0886	 | 	Train Accuracy     : 0.9922
Valid Loss     : 6.3145	 | 	Valid Accuracy     : 0.5148

Epoch : 24
Train Loss     : 0.0914	 | 	Train Accuracy     : 0.9922
Valid Loss     : 6.3550	 | 	Valid Accuracy     : 0.5157

Epoch : 25
Train Loss     : 0.0865	 | 	Train Accuracy     : 0.9883
Valid Loss     : 6.3833	 | 	Valid Accuracy     : 0.5162

Epoch : 26
Train Loss     : 0.0899	 | 	Train Accuracy     : 0.9844
Valid Loss     : 6.4040	 | 	Valid Accuracy     : 0.5164

Epoch : 27
Train Loss     : 0.0889	 | 	Train Accuracy     : 0.9844
Valid Loss     : 6.4242	 | 	Valid Accuracy     : 0.5167

Epoch : 28
Train Loss     : 0.0934	 | 	Train Accuracy     : 0.9844
Valid Loss     : 6.4476	 | 	Valid Accuracy     : 0.5174

Epoch : 29
Train Loss     : 0.0859	 | 	Train Accuracy     : 0.9883
Valid Loss     : 6.4593	 | 	Valid Accuracy     : 0.5170

Epoch : 30
Train Loss     : 0.0948	 | 	Train Accuracy     : 0.9805
Valid Loss     : 6.4788	 | 	Valid Accuracy     : 0.5179

Epoch : 31
Train Loss     : 0.0926	 | 	Train Accuracy     : 0.9883
Valid Loss     : 6.4881	 | 	Valid Accuracy     : 0.5196

Epoch : 32
Train Loss     : 0.0963	 | 	Train Accuracy     : 0.9883
Valid Loss     : 6.4923	 | 	Valid Accuracy     : 0.5207

Epoch : 33
Train Loss     : 0.0915	 | 	Train Accuracy     : 0.9883
Valid Loss     : 6.4867	 | 	Valid Accuracy     : 0.5219

Epoch : 34
Train Loss     : 0.0873	 | 	Train Accuracy     : 0.9922
Valid Loss     : 6.5081	 | 	Valid Accuracy     : 0.5211

Epoch : 35
Train Loss     : 0.0945	 | 	Train Accuracy     : 0.9883
Valid Loss     : 6.5112	 | 	Valid Accuracy     : 0.5223

Epoch : 36
Train Loss     : 0.0865	 | 	Train Accuracy     : 0.9883
Valid Loss     : 6.5096	 | 	Valid Accuracy     : 0.5232

Epoch : 37
Train Loss     : 0.0970	 | 	Train Accuracy     : 0.9844
Valid Loss     : 6.5268	 | 	Valid Accuracy     : 0.5238

Epoch : 38
Train Loss     : 0.0871	 | 	Train Accuracy     : 0.9922
Valid Loss     : 6.5386	 | 	Valid Accuracy     : 0.5246

Epoch : 39
Train Loss     : 0.0893	 | 	Train Accuracy     : 0.9844
Valid Loss     : 6.5442	 | 	Valid Accuracy     : 0.5244

Epoch : 40
Train Loss     : 0.0905	 | 	Train Accuracy     : 0.9922
Valid Loss     : 6.5263	 | 	Valid Accuracy     : 0.5260

Evaluate on the Test set:
Test loss      :1.1349	 | Test Accuracy      : 0.5681

################## Training is Done! #########################
Training time is : 0:00:17.400986
