=============================================
Dataset: sleep
Mode:    train_linear_SupCon_1p
=============================================
Data loaded ...
Training started ....

Epoch : 1
Train Loss     : 1.5524	 | 	Train Accuracy     : 0.4414
Valid Loss     : 1.4599	 | 	Valid Accuracy     : 0.5006

Epoch : 2
Train Loss     : 1.3616	 | 	Train Accuracy     : 0.6797
Valid Loss     : 1.4003	 | 	Valid Accuracy     : 0.4989

Epoch : 3
Train Loss     : 1.1967	 | 	Train Accuracy     : 0.6914
Valid Loss     : 1.3951	 | 	Valid Accuracy     : 0.4996

Epoch : 4
Train Loss     : 1.0801	 | 	Train Accuracy     : 0.7539
Valid Loss     : 1.4215	 | 	Valid Accuracy     : 0.5026

Epoch : 5
Train Loss     : 0.9827	 | 	Train Accuracy     : 0.7695
Valid Loss     : 1.4706	 | 	Valid Accuracy     : 0.5076

Epoch : 6
Train Loss     : 0.8958	 | 	Train Accuracy     : 0.7930
Valid Loss     : 1.5324	 | 	Valid Accuracy     : 0.5155

Epoch : 7
Train Loss     : 0.8373	 | 	Train Accuracy     : 0.8008
Valid Loss     : 1.6051	 | 	Valid Accuracy     : 0.5205

Epoch : 8
Train Loss     : 0.7758	 | 	Train Accuracy     : 0.8125
Valid Loss     : 1.6853	 | 	Valid Accuracy     : 0.5268

Epoch : 9
Train Loss     : 0.7359	 | 	Train Accuracy     : 0.8281
Valid Loss     : 1.7684	 | 	Valid Accuracy     : 0.5377

Epoch : 10
Train Loss     : 0.6961	 | 	Train Accuracy     : 0.8203
Valid Loss     : 1.8516	 | 	Valid Accuracy     : 0.5466

Epoch : 11
Train Loss     : 0.6611	 | 	Train Accuracy     : 0.8281
Valid Loss     : 1.9307	 | 	Valid Accuracy     : 0.5527

Epoch : 12
Train Loss     : 0.6315	 | 	Train Accuracy     : 0.8438
Valid Loss     : 2.0129	 | 	Valid Accuracy     : 0.5614

Epoch : 13
Train Loss     : 0.5852	 | 	Train Accuracy     : 0.8398
Valid Loss     : 2.0951	 | 	Valid Accuracy     : 0.5673

Epoch : 14
Train Loss     : 0.5801	 | 	Train Accuracy     : 0.8359
Valid Loss     : 2.1755	 | 	Valid Accuracy     : 0.5722

Epoch : 15
Train Loss     : 0.5532	 | 	Train Accuracy     : 0.8398
Valid Loss     : 2.2294	 | 	Valid Accuracy     : 0.5749

Epoch : 16
Train Loss     : 0.5431	 | 	Train Accuracy     : 0.8477
Valid Loss     : 2.2820	 | 	Valid Accuracy     : 0.5785

Epoch : 17
Train Loss     : 0.5395	 | 	Train Accuracy     : 0.8359
Valid Loss     : 2.3272	 | 	Valid Accuracy     : 0.5821

Epoch : 18
Train Loss     : 0.5514	 | 	Train Accuracy     : 0.8359
Valid Loss     : 2.3721	 | 	Valid Accuracy     : 0.5852

Epoch : 19
Train Loss     : 0.5372	 | 	Train Accuracy     : 0.8477
Valid Loss     : 2.4012	 | 	Valid Accuracy     : 0.5867

Epoch : 20
Train Loss     : 0.5378	 | 	Train Accuracy     : 0.8516
Valid Loss     : 2.4331	 | 	Valid Accuracy     : 0.5878

Epoch : 21
Train Loss     : 0.5438	 | 	Train Accuracy     : 0.8281
Valid Loss     : 2.4579	 | 	Valid Accuracy     : 0.5904

Epoch : 22
Train Loss     : 0.5414	 | 	Train Accuracy     : 0.8398
Valid Loss     : 2.4753	 | 	Valid Accuracy     : 0.5921

Epoch : 23
Train Loss     : 0.5252	 | 	Train Accuracy     : 0.8555
Valid Loss     : 2.4902	 | 	Valid Accuracy     : 0.5935

Epoch : 24
Train Loss     : 0.5254	 | 	Train Accuracy     : 0.8555
Valid Loss     : 2.5091	 | 	Valid Accuracy     : 0.5951

Epoch : 25
Train Loss     : 0.5211	 | 	Train Accuracy     : 0.8555
Valid Loss     : 2.5209	 | 	Valid Accuracy     : 0.5960

Epoch : 26
Train Loss     : 0.5130	 | 	Train Accuracy     : 0.8594
Valid Loss     : 2.5276	 | 	Valid Accuracy     : 0.5969

Epoch : 27
Train Loss     : 0.5193	 | 	Train Accuracy     : 0.8477
Valid Loss     : 2.5352	 | 	Valid Accuracy     : 0.5978

Epoch : 28
Train Loss     : 0.5310	 | 	Train Accuracy     : 0.8398
Valid Loss     : 2.5452	 | 	Valid Accuracy     : 0.5987

Epoch : 29
Train Loss     : 0.5072	 | 	Train Accuracy     : 0.8555
Valid Loss     : 2.5489	 | 	Valid Accuracy     : 0.5988

Epoch : 30
Train Loss     : 0.5308	 | 	Train Accuracy     : 0.8438
Valid Loss     : 2.5566	 | 	Valid Accuracy     : 0.5986

Epoch : 31
Train Loss     : 0.5248	 | 	Train Accuracy     : 0.8359
Valid Loss     : 2.5605	 | 	Valid Accuracy     : 0.5982

Epoch : 32
Train Loss     : 0.5330	 | 	Train Accuracy     : 0.8477
Valid Loss     : 2.5632	 | 	Valid Accuracy     : 0.5985

Epoch : 33
Train Loss     : 0.5243	 | 	Train Accuracy     : 0.8477
Valid Loss     : 2.5615	 | 	Valid Accuracy     : 0.5987

Epoch : 34
Train Loss     : 0.5225	 | 	Train Accuracy     : 0.8438
Valid Loss     : 2.5693	 | 	Valid Accuracy     : 0.5986

Epoch : 35
Train Loss     : 0.5299	 | 	Train Accuracy     : 0.8359
Valid Loss     : 2.5721	 | 	Valid Accuracy     : 0.5985

Epoch : 36
Train Loss     : 0.5192	 | 	Train Accuracy     : 0.8516
Valid Loss     : 2.5723	 | 	Valid Accuracy     : 0.5986

Epoch : 37
Train Loss     : 0.5307	 | 	Train Accuracy     : 0.8281
Valid Loss     : 2.5791	 | 	Valid Accuracy     : 0.5982

Epoch : 38
Train Loss     : 0.5293	 | 	Train Accuracy     : 0.8477
Valid Loss     : 2.5835	 | 	Valid Accuracy     : 0.5991

Epoch : 39
Train Loss     : 0.5185	 | 	Train Accuracy     : 0.8555
Valid Loss     : 2.5859	 | 	Valid Accuracy     : 0.5990

Epoch : 40
Train Loss     : 0.5256	 | 	Train Accuracy     : 0.8398
Valid Loss     : 2.5802	 | 	Valid Accuracy     : 0.5987

Evaluate on the Test set:
Test loss      :0.8652	 | Test Accuracy      : 0.6564

################## Training is Done! #########################
Training time is : 0:00:17.313653
