=============================================
Dataset: HAR
Mode:    train_linear_SupCon_1p
=============================================
Data loaded ...
Training started ....

Epoch : 1
Train Loss     : 1.9579	 | 	Train Accuracy     : 0.1406
Valid Loss     : 1.7811	 | 	Valid Accuracy     : 0.2507

Epoch : 2
Train Loss     : 1.7136	 | 	Train Accuracy     : 0.2656
Valid Loss     : 1.6924	 | 	Valid Accuracy     : 0.3089

Epoch : 3
Train Loss     : 1.5290	 | 	Train Accuracy     : 0.4844
Valid Loss     : 1.6026	 | 	Valid Accuracy     : 0.4545

Epoch : 4
Train Loss     : 1.3589	 | 	Train Accuracy     : 0.5938
Valid Loss     : 1.5134	 | 	Valid Accuracy     : 0.4915

Epoch : 5
Train Loss     : 1.2170	 | 	Train Accuracy     : 0.6406
Valid Loss     : 1.4279	 | 	Valid Accuracy     : 0.5511

Epoch : 6
Train Loss     : 1.0881	 | 	Train Accuracy     : 0.7656
Valid Loss     : 1.3483	 | 	Valid Accuracy     : 0.5661

Epoch : 7
Train Loss     : 0.9710	 | 	Train Accuracy     : 0.8281
Valid Loss     : 1.2742	 | 	Valid Accuracy     : 0.5803

Epoch : 8
Train Loss     : 0.8795	 | 	Train Accuracy     : 0.8281
Valid Loss     : 1.2057	 | 	Valid Accuracy     : 0.5795

Epoch : 9
Train Loss     : 0.8135	 | 	Train Accuracy     : 0.8125
Valid Loss     : 1.1420	 | 	Valid Accuracy     : 0.5845

Epoch : 10
Train Loss     : 0.7207	 | 	Train Accuracy     : 0.8281
Valid Loss     : 1.0839	 | 	Valid Accuracy     : 0.5909

Epoch : 11
Train Loss     : 0.6420	 | 	Train Accuracy     : 0.8594
Valid Loss     : 1.0310	 | 	Valid Accuracy     : 0.5994

Epoch : 12
Train Loss     : 0.6371	 | 	Train Accuracy     : 0.8750
Valid Loss     : 0.9813	 | 	Valid Accuracy     : 0.6179

Epoch : 13
Train Loss     : 0.5632	 | 	Train Accuracy     : 0.8750
Valid Loss     : 0.9340	 | 	Valid Accuracy     : 0.6307

Epoch : 14
Train Loss     : 0.4748	 | 	Train Accuracy     : 0.9375
Valid Loss     : 0.8912	 | 	Valid Accuracy     : 0.6520

Epoch : 15
Train Loss     : 0.4883	 | 	Train Accuracy     : 0.9375
Valid Loss     : 0.8493	 | 	Valid Accuracy     : 0.6747

Epoch : 16
Train Loss     : 0.4338	 | 	Train Accuracy     : 0.9531
Valid Loss     : 0.8118	 | 	Valid Accuracy     : 0.6967

Epoch : 17
Train Loss     : 0.4140	 | 	Train Accuracy     : 0.9375
Valid Loss     : 0.7776	 | 	Valid Accuracy     : 0.7166

Epoch : 18
Train Loss     : 0.4065	 | 	Train Accuracy     : 0.9375
Valid Loss     : 0.7458	 | 	Valid Accuracy     : 0.7330

Epoch : 19
Train Loss     : 0.3336	 | 	Train Accuracy     : 0.9688
Valid Loss     : 0.7173	 | 	Valid Accuracy     : 0.7436

Epoch : 20
Train Loss     : 0.3187	 | 	Train Accuracy     : 0.9844
Valid Loss     : 0.6929	 | 	Valid Accuracy     : 0.7528

Epoch : 21
Train Loss     : 0.3150	 | 	Train Accuracy     : 0.9688
Valid Loss     : 0.6728	 | 	Valid Accuracy     : 0.7614

Epoch : 22
Train Loss     : 0.3117	 | 	Train Accuracy     : 0.9531
Valid Loss     : 0.6551	 | 	Valid Accuracy     : 0.7713

Epoch : 23
Train Loss     : 0.3213	 | 	Train Accuracy     : 0.9531
Valid Loss     : 0.6392	 | 	Valid Accuracy     : 0.7741

Epoch : 24
Train Loss     : 0.2777	 | 	Train Accuracy     : 0.9531
Valid Loss     : 0.6277	 | 	Valid Accuracy     : 0.7741

Epoch : 25
Train Loss     : 0.2680	 | 	Train Accuracy     : 0.9688
Valid Loss     : 0.6155	 | 	Valid Accuracy     : 0.7798

Epoch : 26
Train Loss     : 0.2331	 | 	Train Accuracy     : 0.9844
Valid Loss     : 0.6045	 | 	Valid Accuracy     : 0.7862

Epoch : 27
Train Loss     : 0.2497	 | 	Train Accuracy     : 0.9688
Valid Loss     : 0.5947	 | 	Valid Accuracy     : 0.7869

Epoch : 28
Train Loss     : 0.2179	 | 	Train Accuracy     : 0.9531
Valid Loss     : 0.5861	 | 	Valid Accuracy     : 0.7869

Epoch : 29
Train Loss     : 0.2523	 | 	Train Accuracy     : 0.9531
Valid Loss     : 0.5778	 | 	Valid Accuracy     : 0.7933

Epoch : 30
Train Loss     : 0.2165	 | 	Train Accuracy     : 0.9688
Valid Loss     : 0.5718	 | 	Valid Accuracy     : 0.7990

Epoch : 31
Train Loss     : 0.1875	 | 	Train Accuracy     : 0.9844
Valid Loss     : 0.5655	 | 	Valid Accuracy     : 0.8011

Epoch : 32
Train Loss     : 0.2042	 | 	Train Accuracy     : 0.9688
Valid Loss     : 0.5582	 | 	Valid Accuracy     : 0.8061

Epoch : 33
Train Loss     : 0.1857	 | 	Train Accuracy     : 0.9688
Valid Loss     : 0.5534	 | 	Valid Accuracy     : 0.8075

Epoch : 34
Train Loss     : 0.1878	 | 	Train Accuracy     : 0.9688
Valid Loss     : 0.5505	 | 	Valid Accuracy     : 0.8054

Epoch : 35
Train Loss     : 0.1822	 | 	Train Accuracy     : 0.9688
Valid Loss     : 0.5459	 | 	Valid Accuracy     : 0.8089

Epoch : 36
Train Loss     : 0.1628	 | 	Train Accuracy     : 0.9844
Valid Loss     : 0.5432	 | 	Valid Accuracy     : 0.8082

Epoch : 37
Train Loss     : 0.1747	 | 	Train Accuracy     : 0.9688
Valid Loss     : 0.5416	 | 	Valid Accuracy     : 0.8075

Epoch : 38
Train Loss     : 0.1548	 | 	Train Accuracy     : 0.9844
Valid Loss     : 0.5386	 | 	Valid Accuracy     : 0.8089

Epoch : 39
Train Loss     : 0.1624	 | 	Train Accuracy     : 0.9688
Valid Loss     : 0.5357	 | 	Valid Accuracy     : 0.8118

Epoch : 40
Train Loss     : 0.1473	 | 	Train Accuracy     : 0.9844
Valid Loss     : 0.5316	 | 	Valid Accuracy     : 0.8189

Evaluate on the Test set:
Test loss      :0.6883	 | Test Accuracy      : 0.7214

################## Training is Done! #########################
