=============================================
Dataset: HAR
Mode:    train_linear_SupCon_1p
=============================================
Data loaded ...
Training started ....

Epoch : 1
Train Loss     : 1.8484	 | 	Train Accuracy     : 0.2031
Valid Loss     : 1.6692	 | 	Valid Accuracy     : 0.4533

Epoch : 2
Train Loss     : 1.2983	 | 	Train Accuracy     : 0.6094
Valid Loss     : 1.3890	 | 	Valid Accuracy     : 0.5900

Epoch : 3
Train Loss     : 1.0237	 | 	Train Accuracy     : 0.7344
Valid Loss     : 1.1745	 | 	Valid Accuracy     : 0.6209

Epoch : 4
Train Loss     : 0.7521	 | 	Train Accuracy     : 0.8438
Valid Loss     : 1.0199	 | 	Valid Accuracy     : 0.6408

Epoch : 5
Train Loss     : 0.7246	 | 	Train Accuracy     : 0.8125
Valid Loss     : 0.8979	 | 	Valid Accuracy     : 0.6607

Epoch : 6
Train Loss     : 0.5245	 | 	Train Accuracy     : 0.9531
Valid Loss     : 0.8226	 | 	Valid Accuracy     : 0.6765

Epoch : 7
Train Loss     : 0.4676	 | 	Train Accuracy     : 0.9062
Valid Loss     : 0.7587	 | 	Valid Accuracy     : 0.6978

Epoch : 8
Train Loss     : 0.4336	 | 	Train Accuracy     : 0.8906
Valid Loss     : 0.7195	 | 	Valid Accuracy     : 0.7115

Epoch : 9
Train Loss     : 0.3756	 | 	Train Accuracy     : 0.9531
Valid Loss     : 0.6718	 | 	Valid Accuracy     : 0.7473

Epoch : 10
Train Loss     : 0.3516	 | 	Train Accuracy     : 0.9688
Valid Loss     : 0.6453	 | 	Valid Accuracy     : 0.7603

Epoch : 11
Train Loss     : 0.2879	 | 	Train Accuracy     : 0.9531
Valid Loss     : 0.6272	 | 	Valid Accuracy     : 0.7672

Epoch : 12
Train Loss     : 0.3646	 | 	Train Accuracy     : 0.9219
Valid Loss     : 0.6195	 | 	Valid Accuracy     : 0.7727

Epoch : 13
Train Loss     : 0.2548	 | 	Train Accuracy     : 0.9688
Valid Loss     : 0.6096	 | 	Valid Accuracy     : 0.7747

Epoch : 14
Train Loss     : 0.3034	 | 	Train Accuracy     : 0.9531
Valid Loss     : 0.6113	 | 	Valid Accuracy     : 0.7775

Epoch : 15
Train Loss     : 0.2806	 | 	Train Accuracy     : 0.9531
Valid Loss     : 0.6023	 | 	Valid Accuracy     : 0.7761

Epoch : 16
Train Loss     : 0.2594	 | 	Train Accuracy     : 0.9531
Valid Loss     : 0.5985	 | 	Valid Accuracy     : 0.7747

Epoch : 17
Train Loss     : 0.3038	 | 	Train Accuracy     : 0.9062
Valid Loss     : 0.5938	 | 	Valid Accuracy     : 0.7782

Epoch : 18
Train Loss     : 0.2602	 | 	Train Accuracy     : 0.9219
Valid Loss     : 0.5869	 | 	Valid Accuracy     : 0.7878

Epoch : 19
Train Loss     : 0.2547	 | 	Train Accuracy     : 0.9219
Valid Loss     : 0.5867	 | 	Valid Accuracy     : 0.7878

Epoch : 20
Train Loss     : 0.2307	 | 	Train Accuracy     : 0.9688
Valid Loss     : 0.5771	 | 	Valid Accuracy     : 0.7919

Epoch : 21
Train Loss     : 0.2724	 | 	Train Accuracy     : 0.9219
Valid Loss     : 0.5679	 | 	Valid Accuracy     : 0.7871

Epoch : 22
Train Loss     : 0.2012	 | 	Train Accuracy     : 0.9219
Valid Loss     : 0.5705	 | 	Valid Accuracy     : 0.7885

Epoch : 23
Train Loss     : 0.2622	 | 	Train Accuracy     : 0.9531
Valid Loss     : 0.5654	 | 	Valid Accuracy     : 0.7898

Epoch : 24
Train Loss     : 0.2417	 | 	Train Accuracy     : 0.9062
Valid Loss     : 0.5874	 | 	Valid Accuracy     : 0.7754

Epoch : 25
Train Loss     : 0.1732	 | 	Train Accuracy     : 0.9531
Valid Loss     : 0.5931	 | 	Valid Accuracy     : 0.7727

Epoch : 26
Train Loss     : 0.2022	 | 	Train Accuracy     : 0.9688
Valid Loss     : 0.5743	 | 	Valid Accuracy     : 0.7782

Epoch : 27
Train Loss     : 0.1848	 | 	Train Accuracy     : 0.9375
Valid Loss     : 0.5520	 | 	Valid Accuracy     : 0.7940

Epoch : 28
Train Loss     : 0.1255	 | 	Train Accuracy     : 0.9688
Valid Loss     : 0.5438	 | 	Valid Accuracy     : 0.8049

Epoch : 29
Train Loss     : 0.1552	 | 	Train Accuracy     : 0.9844
Valid Loss     : 0.5488	 | 	Valid Accuracy     : 0.8049

Epoch : 30
Train Loss     : 0.1517	 | 	Train Accuracy     : 0.9688
Valid Loss     : 0.5592	 | 	Valid Accuracy     : 0.7940

Epoch : 31
Train Loss     : 0.1179	 | 	Train Accuracy     : 0.9844
Valid Loss     : 0.5602	 | 	Valid Accuracy     : 0.7960

Epoch : 32
Train Loss     : 0.2025	 | 	Train Accuracy     : 0.9375
Valid Loss     : 0.5614	 | 	Valid Accuracy     : 0.7960

Epoch : 33
Train Loss     : 0.1602	 | 	Train Accuracy     : 0.9531
Valid Loss     : 0.5659	 | 	Valid Accuracy     : 0.7960

Epoch : 34
Train Loss     : 0.1600	 | 	Train Accuracy     : 0.9531
Valid Loss     : 0.5599	 | 	Valid Accuracy     : 0.7988

Epoch : 35
Train Loss     : 0.1096	 | 	Train Accuracy     : 0.9688
Valid Loss     : 0.5476	 | 	Valid Accuracy     : 0.8015

Epoch : 36
Train Loss     : 0.0863	 | 	Train Accuracy     : 0.9844
Valid Loss     : 0.5461	 | 	Valid Accuracy     : 0.8036

Epoch : 37
Train Loss     : 0.1850	 | 	Train Accuracy     : 0.9375
Valid Loss     : 0.5436	 | 	Valid Accuracy     : 0.8063

Epoch : 38
Train Loss     : 0.1147	 | 	Train Accuracy     : 0.9688
Valid Loss     : 0.5454	 | 	Valid Accuracy     : 0.8077

Epoch : 39
Train Loss     : 0.1558	 | 	Train Accuracy     : 0.9844
Valid Loss     : 0.5512	 | 	Valid Accuracy     : 0.8022

Epoch : 40
Train Loss     : 0.1326	 | 	Train Accuracy     : 0.9375
Valid Loss     : 0.5483	 | 	Valid Accuracy     : 0.8036

Evaluate on the Test set:
Test loss      :0.6719	 | Test Accuracy      : 0.7236

################## Training is Done! #########################
