=============================================
Dataset: HAR
Mode:    gen_pseudo_labels
=============================================
Data loaded ...
Training started ....

Epoch : 1
Train Loss     : 0.2071	 | 	Train Accuracy     : 0.9246
Valid Loss     : 0.1367	 | 	Valid Accuracy     : 0.9460

Epoch : 2
Train Loss     : 0.1359	 | 	Train Accuracy     : 0.9476
Valid Loss     : 0.1068	 | 	Valid Accuracy     : 0.9567

Epoch : 3
Train Loss     : 0.1222	 | 	Train Accuracy     : 0.9481
Valid Loss     : 0.1130	 | 	Valid Accuracy     : 0.9439

Epoch : 4
Train Loss     : 0.1194	 | 	Train Accuracy     : 0.9481
Valid Loss     : 0.1024	 | 	Valid Accuracy     : 0.9574

Epoch : 5
Train Loss     : 0.1102	 | 	Train Accuracy     : 0.9536
Valid Loss     : 0.0957	 | 	Valid Accuracy     : 0.9581

Epoch : 6
Train Loss     : 0.1117	 | 	Train Accuracy     : 0.9512
Valid Loss     : 0.0962	 | 	Valid Accuracy     : 0.9567

Epoch : 7
Train Loss     : 0.1049	 | 	Train Accuracy     : 0.9554
Valid Loss     : 0.0939	 | 	Valid Accuracy     : 0.9567

Epoch : 8
Train Loss     : 0.1000	 | 	Train Accuracy     : 0.9574
Valid Loss     : 0.0857	 | 	Valid Accuracy     : 0.9602

Epoch : 9
Train Loss     : 0.0982	 | 	Train Accuracy     : 0.9555
Valid Loss     : 0.0885	 | 	Valid Accuracy     : 0.9609

Epoch : 10
Train Loss     : 0.0953	 | 	Train Accuracy     : 0.9569
Valid Loss     : 0.0839	 | 	Valid Accuracy     : 0.9609

Epoch : 11
Train Loss     : 0.0957	 | 	Train Accuracy     : 0.9576
Valid Loss     : 0.0879	 | 	Valid Accuracy     : 0.9645

Epoch : 12
Train Loss     : 0.0951	 | 	Train Accuracy     : 0.9578
Valid Loss     : 0.0863	 | 	Valid Accuracy     : 0.9609

Epoch : 13
Train Loss     : 0.0943	 | 	Train Accuracy     : 0.9600
Valid Loss     : 0.0960	 | 	Valid Accuracy     : 0.9553

Epoch : 14
Train Loss     : 0.0946	 | 	Train Accuracy     : 0.9591
Valid Loss     : 0.0870	 | 	Valid Accuracy     : 0.9624

Epoch : 15
Train Loss     : 0.0904	 | 	Train Accuracy     : 0.9600
Valid Loss     : 0.0793	 | 	Valid Accuracy     : 0.9702

Epoch : 16
Train Loss     : 0.0873	 | 	Train Accuracy     : 0.9626
Valid Loss     : 0.0880	 | 	Valid Accuracy     : 0.9602

Epoch : 17
Train Loss     : 0.0837	 | 	Train Accuracy     : 0.9634
Valid Loss     : 0.0788	 | 	Valid Accuracy     : 0.9602

Epoch : 18
Train Loss     : 0.0852	 | 	Train Accuracy     : 0.9607
Valid Loss     : 0.0892	 | 	Valid Accuracy     : 0.9581

Epoch : 19
Train Loss     : 0.0892	 | 	Train Accuracy     : 0.9583
Valid Loss     : 0.0751	 | 	Valid Accuracy     : 0.9616

Epoch : 20
Train Loss     : 0.0881	 | 	Train Accuracy     : 0.9612
Valid Loss     : 0.0766	 | 	Valid Accuracy     : 0.9680

Epoch : 21
Train Loss     : 0.0813	 | 	Train Accuracy     : 0.9655
Valid Loss     : 0.0720	 | 	Valid Accuracy     : 0.9680

Epoch : 22
Train Loss     : 0.0761	 | 	Train Accuracy     : 0.9672
Valid Loss     : 0.0704	 | 	Valid Accuracy     : 0.9659

Epoch : 23
Train Loss     : 0.0784	 | 	Train Accuracy     : 0.9657
Valid Loss     : 0.0725	 | 	Valid Accuracy     : 0.9652

Epoch : 24
Train Loss     : 0.0759	 | 	Train Accuracy     : 0.9669
Valid Loss     : 0.0743	 | 	Valid Accuracy     : 0.9581

Epoch : 25
Train Loss     : 0.0743	 | 	Train Accuracy     : 0.9670
Valid Loss     : 0.0699	 | 	Valid Accuracy     : 0.9688

Epoch : 26
Train Loss     : 0.0769	 | 	Train Accuracy     : 0.9669
Valid Loss     : 0.0675	 | 	Valid Accuracy     : 0.9645

Epoch : 27
Train Loss     : 0.0769	 | 	Train Accuracy     : 0.9638
Valid Loss     : 0.0726	 | 	Valid Accuracy     : 0.9702

Epoch : 28
Train Loss     : 0.0739	 | 	Train Accuracy     : 0.9688
Valid Loss     : 0.0851	 | 	Valid Accuracy     : 0.9616

Epoch : 29
Train Loss     : 0.0802	 | 	Train Accuracy     : 0.9645
Valid Loss     : 0.0732	 | 	Valid Accuracy     : 0.9638

Epoch : 30
Train Loss     : 0.0755	 | 	Train Accuracy     : 0.9679
Valid Loss     : 0.0692	 | 	Valid Accuracy     : 0.9723

Epoch : 31
Train Loss     : 0.0735	 | 	Train Accuracy     : 0.9677
Valid Loss     : 0.0671	 | 	Valid Accuracy     : 0.9680

Epoch : 32
Train Loss     : 0.0722	 | 	Train Accuracy     : 0.9684
Valid Loss     : 0.0667	 | 	Valid Accuracy     : 0.9737

Epoch : 33
Train Loss     : 0.0689	 | 	Train Accuracy     : 0.9669
Valid Loss     : 0.0627	 | 	Valid Accuracy     : 0.9709

Epoch : 34
Train Loss     : 0.0718	 | 	Train Accuracy     : 0.9667
Valid Loss     : 0.0681	 | 	Valid Accuracy     : 0.9680

Epoch : 35
Train Loss     : 0.0775	 | 	Train Accuracy     : 0.9657
Valid Loss     : 0.0685	 | 	Valid Accuracy     : 0.9695

Epoch : 36
Train Loss     : 0.0709	 | 	Train Accuracy     : 0.9677
Valid Loss     : 0.0631	 | 	Valid Accuracy     : 0.9716

Epoch : 37
Train Loss     : 0.0718	 | 	Train Accuracy     : 0.9665
Valid Loss     : 0.0638	 | 	Valid Accuracy     : 0.9723

Epoch : 38
Train Loss     : 0.0672	 | 	Train Accuracy     : 0.9698
Valid Loss     : 0.0601	 | 	Valid Accuracy     : 0.9780

Epoch : 39
Train Loss     : 0.0708	 | 	Train Accuracy     : 0.9672
Valid Loss     : 0.0612	 | 	Valid Accuracy     : 0.9730

Epoch : 40
Train Loss     : 0.0679	 | 	Train Accuracy     : 0.9710
Valid Loss     : 0.0579	 | 	Valid Accuracy     : 0.9730

Evaluate on the Test set:
Test loss      :0.2363	 | Test Accuracy      : 0.9461

################## Training is Done! #########################
