=============================================
Dataset: HAR
Mode:    gen_pseudo_labels
=============================================
Data loaded ...
Training started ....

Epoch : 1
Train Loss     : 0.2378	 | 	Train Accuracy     : 0.9175
Valid Loss     : 0.1532	 | 	Valid Accuracy     : 0.9453

Epoch : 2
Train Loss     : 0.1349	 | 	Train Accuracy     : 0.9470
Valid Loss     : 0.1229	 | 	Valid Accuracy     : 0.9411

Epoch : 3
Train Loss     : 0.1189	 | 	Train Accuracy     : 0.9500
Valid Loss     : 0.1120	 | 	Valid Accuracy     : 0.9467

Epoch : 4
Train Loss     : 0.1196	 | 	Train Accuracy     : 0.9476
Valid Loss     : 0.1019	 | 	Valid Accuracy     : 0.9531

Epoch : 5
Train Loss     : 0.1044	 | 	Train Accuracy     : 0.9563
Valid Loss     : 0.0974	 | 	Valid Accuracy     : 0.9581

Epoch : 6
Train Loss     : 0.1135	 | 	Train Accuracy     : 0.9493
Valid Loss     : 0.0956	 | 	Valid Accuracy     : 0.9574

Epoch : 7
Train Loss     : 0.1006	 | 	Train Accuracy     : 0.9552
Valid Loss     : 0.0923	 | 	Valid Accuracy     : 0.9588

Epoch : 8
Train Loss     : 0.0958	 | 	Train Accuracy     : 0.9582
Valid Loss     : 0.0872	 | 	Valid Accuracy     : 0.9581

Epoch : 9
Train Loss     : 0.0963	 | 	Train Accuracy     : 0.9550
Valid Loss     : 0.0907	 | 	Valid Accuracy     : 0.9574

Epoch : 10
Train Loss     : 0.0961	 | 	Train Accuracy     : 0.9561
Valid Loss     : 0.0835	 | 	Valid Accuracy     : 0.9595

Epoch : 11
Train Loss     : 0.0933	 | 	Train Accuracy     : 0.9566
Valid Loss     : 0.0846	 | 	Valid Accuracy     : 0.9567

Epoch : 12
Train Loss     : 0.0890	 | 	Train Accuracy     : 0.9592
Valid Loss     : 0.0851	 | 	Valid Accuracy     : 0.9560

Epoch : 13
Train Loss     : 0.0880	 | 	Train Accuracy     : 0.9606
Valid Loss     : 0.0914	 | 	Valid Accuracy     : 0.9581

Epoch : 14
Train Loss     : 0.0880	 | 	Train Accuracy     : 0.9592
Valid Loss     : 0.0813	 | 	Valid Accuracy     : 0.9624

Epoch : 15
Train Loss     : 0.0829	 | 	Train Accuracy     : 0.9611
Valid Loss     : 0.0763	 | 	Valid Accuracy     : 0.9680

Epoch : 16
Train Loss     : 0.0796	 | 	Train Accuracy     : 0.9618
Valid Loss     : 0.0802	 | 	Valid Accuracy     : 0.9609

Epoch : 17
Train Loss     : 0.0778	 | 	Train Accuracy     : 0.9611
Valid Loss     : 0.0792	 | 	Valid Accuracy     : 0.9595

Epoch : 18
Train Loss     : 0.0825	 | 	Train Accuracy     : 0.9622
Valid Loss     : 0.0756	 | 	Valid Accuracy     : 0.9624

Epoch : 19
Train Loss     : 0.0799	 | 	Train Accuracy     : 0.9628
Valid Loss     : 0.0744	 | 	Valid Accuracy     : 0.9624

Epoch : 20
Train Loss     : 0.0812	 | 	Train Accuracy     : 0.9637
Valid Loss     : 0.0743	 | 	Valid Accuracy     : 0.9652

Epoch : 21
Train Loss     : 0.0786	 | 	Train Accuracy     : 0.9655
Valid Loss     : 0.0729	 | 	Valid Accuracy     : 0.9659

Epoch : 22
Train Loss     : 0.0705	 | 	Train Accuracy     : 0.9693
Valid Loss     : 0.0707	 | 	Valid Accuracy     : 0.9638

Epoch : 23
Train Loss     : 0.0740	 | 	Train Accuracy     : 0.9630
Valid Loss     : 0.0742	 | 	Valid Accuracy     : 0.9652

Epoch : 24
Train Loss     : 0.0737	 | 	Train Accuracy     : 0.9670
Valid Loss     : 0.0692	 | 	Valid Accuracy     : 0.9666

Epoch : 25
Train Loss     : 0.0705	 | 	Train Accuracy     : 0.9693
Valid Loss     : 0.0726	 | 	Valid Accuracy     : 0.9666

Epoch : 26
Train Loss     : 0.0776	 | 	Train Accuracy     : 0.9670
Valid Loss     : 0.0724	 | 	Valid Accuracy     : 0.9624

Epoch : 27
Train Loss     : 0.0700	 | 	Train Accuracy     : 0.9693
Valid Loss     : 0.0730	 | 	Valid Accuracy     : 0.9645

Epoch : 28
Train Loss     : 0.0658	 | 	Train Accuracy     : 0.9717
Valid Loss     : 0.0768	 | 	Valid Accuracy     : 0.9638

Epoch : 29
Train Loss     : 0.0730	 | 	Train Accuracy     : 0.9681
Valid Loss     : 0.0672	 | 	Valid Accuracy     : 0.9680

Epoch : 30
Train Loss     : 0.0682	 | 	Train Accuracy     : 0.9712
Valid Loss     : 0.0680	 | 	Valid Accuracy     : 0.9666

Epoch : 31
Train Loss     : 0.0626	 | 	Train Accuracy     : 0.9700
Valid Loss     : 0.0674	 | 	Valid Accuracy     : 0.9709

Epoch : 32
Train Loss     : 0.0656	 | 	Train Accuracy     : 0.9715
Valid Loss     : 0.0650	 | 	Valid Accuracy     : 0.9709

Epoch : 33
Train Loss     : 0.0673	 | 	Train Accuracy     : 0.9705
Valid Loss     : 0.0727	 | 	Valid Accuracy     : 0.9631

Epoch : 34
Train Loss     : 0.0670	 | 	Train Accuracy     : 0.9700
Valid Loss     : 0.0688	 | 	Valid Accuracy     : 0.9709

Epoch : 35
Train Loss     : 0.0727	 | 	Train Accuracy     : 0.9701
Valid Loss     : 0.0645	 | 	Valid Accuracy     : 0.9680

Epoch : 36
Train Loss     : 0.0690	 | 	Train Accuracy     : 0.9700
Valid Loss     : 0.0692	 | 	Valid Accuracy     : 0.9673

Epoch : 37
Train Loss     : 0.0697	 | 	Train Accuracy     : 0.9672
Valid Loss     : 0.0682	 | 	Valid Accuracy     : 0.9631

Epoch : 38
Train Loss     : 0.0630	 | 	Train Accuracy     : 0.9705
Valid Loss     : 0.0655	 | 	Valid Accuracy     : 0.9680

Epoch : 39
Train Loss     : 0.0680	 | 	Train Accuracy     : 0.9689
Valid Loss     : 0.0667	 | 	Valid Accuracy     : 0.9680

Epoch : 40
Train Loss     : 0.0660	 | 	Train Accuracy     : 0.9710
Valid Loss     : 0.0632	 | 	Valid Accuracy     : 0.9702

Evaluate on the Test set:
Test loss      :0.2020	 | Test Accuracy      : 0.9401

################## Training is Done! #########################
