=============================================
Dataset: HAR
Mode:    gen_pseudo_labels
=============================================
Data loaded ...
Training started ....

Epoch : 1
Train Loss     : 0.2404	 | 	Train Accuracy     : 0.9167
Valid Loss     : 0.1555	 | 	Valid Accuracy     : 0.9446

Epoch : 2
Train Loss     : 0.1356	 | 	Train Accuracy     : 0.9484
Valid Loss     : 0.1224	 | 	Valid Accuracy     : 0.9432

Epoch : 3
Train Loss     : 0.1192	 | 	Train Accuracy     : 0.9505
Valid Loss     : 0.1121	 | 	Valid Accuracy     : 0.9489

Epoch : 4
Train Loss     : 0.1202	 | 	Train Accuracy     : 0.9477
Valid Loss     : 0.1019	 | 	Valid Accuracy     : 0.9545

Epoch : 5
Train Loss     : 0.1040	 | 	Train Accuracy     : 0.9564
Valid Loss     : 0.0977	 | 	Valid Accuracy     : 0.9588

Epoch : 6
Train Loss     : 0.1127	 | 	Train Accuracy     : 0.9507
Valid Loss     : 0.0947	 | 	Valid Accuracy     : 0.9567

Epoch : 7
Train Loss     : 0.1001	 | 	Train Accuracy     : 0.9569
Valid Loss     : 0.0932	 | 	Valid Accuracy     : 0.9581

Epoch : 8
Train Loss     : 0.0954	 | 	Train Accuracy     : 0.9582
Valid Loss     : 0.0867	 | 	Valid Accuracy     : 0.9574

Epoch : 9
Train Loss     : 0.0965	 | 	Train Accuracy     : 0.9545
Valid Loss     : 0.0891	 | 	Valid Accuracy     : 0.9588

Epoch : 10
Train Loss     : 0.0951	 | 	Train Accuracy     : 0.9578
Valid Loss     : 0.0837	 | 	Valid Accuracy     : 0.9602

Epoch : 11
Train Loss     : 0.0933	 | 	Train Accuracy     : 0.9571
Valid Loss     : 0.0842	 | 	Valid Accuracy     : 0.9602

Epoch : 12
Train Loss     : 0.0880	 | 	Train Accuracy     : 0.9595
Valid Loss     : 0.0841	 | 	Valid Accuracy     : 0.9595

Epoch : 13
Train Loss     : 0.0878	 | 	Train Accuracy     : 0.9618
Valid Loss     : 0.0912	 | 	Valid Accuracy     : 0.9574

Epoch : 14
Train Loss     : 0.0865	 | 	Train Accuracy     : 0.9615
Valid Loss     : 0.0802	 | 	Valid Accuracy     : 0.9616

Epoch : 15
Train Loss     : 0.0814	 | 	Train Accuracy     : 0.9630
Valid Loss     : 0.0756	 | 	Valid Accuracy     : 0.9688

Epoch : 16
Train Loss     : 0.0803	 | 	Train Accuracy     : 0.9628
Valid Loss     : 0.0772	 | 	Valid Accuracy     : 0.9602

Epoch : 17
Train Loss     : 0.0781	 | 	Train Accuracy     : 0.9630
Valid Loss     : 0.0760	 | 	Valid Accuracy     : 0.9609

Epoch : 18
Train Loss     : 0.0817	 | 	Train Accuracy     : 0.9630
Valid Loss     : 0.0745	 | 	Valid Accuracy     : 0.9609

Epoch : 19
Train Loss     : 0.0794	 | 	Train Accuracy     : 0.9620
Valid Loss     : 0.0746	 | 	Valid Accuracy     : 0.9631

Epoch : 20
Train Loss     : 0.0807	 | 	Train Accuracy     : 0.9648
Valid Loss     : 0.0731	 | 	Valid Accuracy     : 0.9652

Epoch : 21
Train Loss     : 0.0780	 | 	Train Accuracy     : 0.9649
Valid Loss     : 0.0715	 | 	Valid Accuracy     : 0.9645

Epoch : 22
Train Loss     : 0.0703	 | 	Train Accuracy     : 0.9688
Valid Loss     : 0.0700	 | 	Valid Accuracy     : 0.9673

Epoch : 23
Train Loss     : 0.0731	 | 	Train Accuracy     : 0.9641
Valid Loss     : 0.0741	 | 	Valid Accuracy     : 0.9645

Epoch : 24
Train Loss     : 0.0725	 | 	Train Accuracy     : 0.9679
Valid Loss     : 0.0691	 | 	Valid Accuracy     : 0.9666

Epoch : 25
Train Loss     : 0.0699	 | 	Train Accuracy     : 0.9708
Valid Loss     : 0.0726	 | 	Valid Accuracy     : 0.9680

Epoch : 26
Train Loss     : 0.0775	 | 	Train Accuracy     : 0.9663
Valid Loss     : 0.0706	 | 	Valid Accuracy     : 0.9638

Epoch : 27
Train Loss     : 0.0706	 | 	Train Accuracy     : 0.9698
Valid Loss     : 0.0717	 | 	Valid Accuracy     : 0.9680

Epoch : 28
Train Loss     : 0.0653	 | 	Train Accuracy     : 0.9719
Valid Loss     : 0.0751	 | 	Valid Accuracy     : 0.9645

Epoch : 29
Train Loss     : 0.0729	 | 	Train Accuracy     : 0.9681
Valid Loss     : 0.0673	 | 	Valid Accuracy     : 0.9688

Epoch : 30
Train Loss     : 0.0681	 | 	Train Accuracy     : 0.9708
Valid Loss     : 0.0673	 | 	Valid Accuracy     : 0.9631

Epoch : 31
Train Loss     : 0.0623	 | 	Train Accuracy     : 0.9701
Valid Loss     : 0.0676	 | 	Valid Accuracy     : 0.9709

Epoch : 32
Train Loss     : 0.0663	 | 	Train Accuracy     : 0.9705
Valid Loss     : 0.0660	 | 	Valid Accuracy     : 0.9688

Epoch : 33
Train Loss     : 0.0674	 | 	Train Accuracy     : 0.9700
Valid Loss     : 0.0739	 | 	Valid Accuracy     : 0.9638

Epoch : 34
Train Loss     : 0.0668	 | 	Train Accuracy     : 0.9701
Valid Loss     : 0.0674	 | 	Valid Accuracy     : 0.9695

Epoch : 35
Train Loss     : 0.0724	 | 	Train Accuracy     : 0.9689
Valid Loss     : 0.0650	 | 	Valid Accuracy     : 0.9680

Epoch : 36
Train Loss     : 0.0691	 | 	Train Accuracy     : 0.9684
Valid Loss     : 0.0685	 | 	Valid Accuracy     : 0.9666

Epoch : 37
Train Loss     : 0.0686	 | 	Train Accuracy     : 0.9684
Valid Loss     : 0.0691	 | 	Valid Accuracy     : 0.9652

Epoch : 38
Train Loss     : 0.0627	 | 	Train Accuracy     : 0.9720
Valid Loss     : 0.0643	 | 	Valid Accuracy     : 0.9695

Epoch : 39
Train Loss     : 0.0697	 | 	Train Accuracy     : 0.9670
Valid Loss     : 0.0688	 | 	Valid Accuracy     : 0.9702

Epoch : 40
Train Loss     : 0.0656	 | 	Train Accuracy     : 0.9724
Valid Loss     : 0.0634	 | 	Valid Accuracy     : 0.9709

Evaluate on the Test set:
Test loss      :0.1894	 | Test Accuracy      : 0.9404

################## Training is Done! #########################
