=============================================
Dataset: HAR
Mode:    gen_pseudo_labels
=============================================
Data loaded ...
Training started ....

Epoch : 1
Train Loss     : 0.2083	 | 	Train Accuracy     : 0.9238
Valid Loss     : 0.1387	 | 	Valid Accuracy     : 0.9446

Epoch : 2
Train Loss     : 0.1357	 | 	Train Accuracy     : 0.9478
Valid Loss     : 0.1063	 | 	Valid Accuracy     : 0.9567

Epoch : 3
Train Loss     : 0.1226	 | 	Train Accuracy     : 0.9478
Valid Loss     : 0.1133	 | 	Valid Accuracy     : 0.9439

Epoch : 4
Train Loss     : 0.1195	 | 	Train Accuracy     : 0.9476
Valid Loss     : 0.1008	 | 	Valid Accuracy     : 0.9595

Epoch : 5
Train Loss     : 0.1095	 | 	Train Accuracy     : 0.9540
Valid Loss     : 0.0945	 | 	Valid Accuracy     : 0.9588

Epoch : 6
Train Loss     : 0.1113	 | 	Train Accuracy     : 0.9518
Valid Loss     : 0.0974	 | 	Valid Accuracy     : 0.9553

Epoch : 7
Train Loss     : 0.1042	 | 	Train Accuracy     : 0.9557
Valid Loss     : 0.0906	 | 	Valid Accuracy     : 0.9574

Epoch : 8
Train Loss     : 0.1005	 | 	Train Accuracy     : 0.9576
Valid Loss     : 0.0875	 | 	Valid Accuracy     : 0.9602

Epoch : 9
Train Loss     : 0.0968	 | 	Train Accuracy     : 0.9576
Valid Loss     : 0.0873	 | 	Valid Accuracy     : 0.9624

Epoch : 10
Train Loss     : 0.0941	 | 	Train Accuracy     : 0.9579
Valid Loss     : 0.0817	 | 	Valid Accuracy     : 0.9616

Epoch : 11
Train Loss     : 0.0957	 | 	Train Accuracy     : 0.9584
Valid Loss     : 0.0889	 | 	Valid Accuracy     : 0.9581

Epoch : 12
Train Loss     : 0.0957	 | 	Train Accuracy     : 0.9578
Valid Loss     : 0.0838	 | 	Valid Accuracy     : 0.9567

Epoch : 13
Train Loss     : 0.0945	 | 	Train Accuracy     : 0.9598
Valid Loss     : 0.0928	 | 	Valid Accuracy     : 0.9538

Epoch : 14
Train Loss     : 0.0934	 | 	Train Accuracy     : 0.9602
Valid Loss     : 0.0842	 | 	Valid Accuracy     : 0.9595

Epoch : 15
Train Loss     : 0.0891	 | 	Train Accuracy     : 0.9614
Valid Loss     : 0.0799	 | 	Valid Accuracy     : 0.9695

Epoch : 16
Train Loss     : 0.0866	 | 	Train Accuracy     : 0.9629
Valid Loss     : 0.0907	 | 	Valid Accuracy     : 0.9581

Epoch : 17
Train Loss     : 0.0835	 | 	Train Accuracy     : 0.9624
Valid Loss     : 0.0800	 | 	Valid Accuracy     : 0.9616

Epoch : 18
Train Loss     : 0.0847	 | 	Train Accuracy     : 0.9607
Valid Loss     : 0.0870	 | 	Valid Accuracy     : 0.9602

Epoch : 19
Train Loss     : 0.0903	 | 	Train Accuracy     : 0.9581
Valid Loss     : 0.0746	 | 	Valid Accuracy     : 0.9588

Epoch : 20
Train Loss     : 0.0880	 | 	Train Accuracy     : 0.9610
Valid Loss     : 0.0763	 | 	Valid Accuracy     : 0.9666

Epoch : 21
Train Loss     : 0.0809	 | 	Train Accuracy     : 0.9658
Valid Loss     : 0.0724	 | 	Valid Accuracy     : 0.9666

Epoch : 22
Train Loss     : 0.0768	 | 	Train Accuracy     : 0.9674
Valid Loss     : 0.0722	 | 	Valid Accuracy     : 0.9645

Epoch : 23
Train Loss     : 0.0794	 | 	Train Accuracy     : 0.9641
Valid Loss     : 0.0750	 | 	Valid Accuracy     : 0.9666

Epoch : 24
Train Loss     : 0.0765	 | 	Train Accuracy     : 0.9675
Valid Loss     : 0.0796	 | 	Valid Accuracy     : 0.9567

Epoch : 25
Train Loss     : 0.0750	 | 	Train Accuracy     : 0.9643
Valid Loss     : 0.0708	 | 	Valid Accuracy     : 0.9659

Epoch : 26
Train Loss     : 0.0769	 | 	Train Accuracy     : 0.9660
Valid Loss     : 0.0720	 | 	Valid Accuracy     : 0.9581

Epoch : 27
Train Loss     : 0.0772	 | 	Train Accuracy     : 0.9646
Valid Loss     : 0.0735	 | 	Valid Accuracy     : 0.9659

Epoch : 28
Train Loss     : 0.0753	 | 	Train Accuracy     : 0.9667
Valid Loss     : 0.0837	 | 	Valid Accuracy     : 0.9602

Epoch : 29
Train Loss     : 0.0787	 | 	Train Accuracy     : 0.9646
Valid Loss     : 0.0723	 | 	Valid Accuracy     : 0.9638

Epoch : 30
Train Loss     : 0.0754	 | 	Train Accuracy     : 0.9691
Valid Loss     : 0.0690	 | 	Valid Accuracy     : 0.9695

Epoch : 31
Train Loss     : 0.0724	 | 	Train Accuracy     : 0.9675
Valid Loss     : 0.0646	 | 	Valid Accuracy     : 0.9716

Epoch : 32
Train Loss     : 0.0715	 | 	Train Accuracy     : 0.9672
Valid Loss     : 0.0647	 | 	Valid Accuracy     : 0.9702

Epoch : 33
Train Loss     : 0.0708	 | 	Train Accuracy     : 0.9670
Valid Loss     : 0.0658	 | 	Valid Accuracy     : 0.9702

Epoch : 34
Train Loss     : 0.0741	 | 	Train Accuracy     : 0.9660
Valid Loss     : 0.0737	 | 	Valid Accuracy     : 0.9695

Epoch : 35
Train Loss     : 0.0786	 | 	Train Accuracy     : 0.9627
Valid Loss     : 0.0672	 | 	Valid Accuracy     : 0.9652

Epoch : 36
Train Loss     : 0.0718	 | 	Train Accuracy     : 0.9677
Valid Loss     : 0.0613	 | 	Valid Accuracy     : 0.9695

Epoch : 37
Train Loss     : 0.0709	 | 	Train Accuracy     : 0.9675
Valid Loss     : 0.0636	 | 	Valid Accuracy     : 0.9716

Epoch : 38
Train Loss     : 0.0668	 | 	Train Accuracy     : 0.9703
Valid Loss     : 0.0600	 | 	Valid Accuracy     : 0.9794

Epoch : 39
Train Loss     : 0.0714	 | 	Train Accuracy     : 0.9662
Valid Loss     : 0.0625	 | 	Valid Accuracy     : 0.9688

Epoch : 40
Train Loss     : 0.0673	 | 	Train Accuracy     : 0.9708
Valid Loss     : 0.0588	 | 	Valid Accuracy     : 0.9695

Evaluate on the Test set:
Test loss      :0.2037	 | Test Accuracy      : 0.9495

################## Training is Done! #########################
