=============================================
Dataset: HAR
Mode:    gen_pseudo_labels
=============================================
Data loaded ...
Training started ....

Epoch : 1
Train Loss     : 0.2401	 | 	Train Accuracy     : 0.9165
Valid Loss     : 0.1580	 | 	Valid Accuracy     : 0.9432

Epoch : 2
Train Loss     : 0.1365	 | 	Train Accuracy     : 0.9470
Valid Loss     : 0.1261	 | 	Valid Accuracy     : 0.9411

Epoch : 3
Train Loss     : 0.1200	 | 	Train Accuracy     : 0.9500
Valid Loss     : 0.1134	 | 	Valid Accuracy     : 0.9460

Epoch : 4
Train Loss     : 0.1202	 | 	Train Accuracy     : 0.9474
Valid Loss     : 0.1025	 | 	Valid Accuracy     : 0.9538

Epoch : 5
Train Loss     : 0.1044	 | 	Train Accuracy     : 0.9557
Valid Loss     : 0.0988	 | 	Valid Accuracy     : 0.9588

Epoch : 6
Train Loss     : 0.1128	 | 	Train Accuracy     : 0.9503
Valid Loss     : 0.0953	 | 	Valid Accuracy     : 0.9545

Epoch : 7
Train Loss     : 0.0997	 | 	Train Accuracy     : 0.9563
Valid Loss     : 0.0932	 | 	Valid Accuracy     : 0.9588

Epoch : 8
Train Loss     : 0.0947	 | 	Train Accuracy     : 0.9595
Valid Loss     : 0.0869	 | 	Valid Accuracy     : 0.9588

Epoch : 9
Train Loss     : 0.0948	 | 	Train Accuracy     : 0.9569
Valid Loss     : 0.0898	 | 	Valid Accuracy     : 0.9609

Epoch : 10
Train Loss     : 0.0927	 | 	Train Accuracy     : 0.9597
Valid Loss     : 0.0832	 | 	Valid Accuracy     : 0.9602

Epoch : 11
Train Loss     : 0.0935	 | 	Train Accuracy     : 0.9549
Valid Loss     : 0.0823	 | 	Valid Accuracy     : 0.9588

Epoch : 12
Train Loss     : 0.0883	 | 	Train Accuracy     : 0.9589
Valid Loss     : 0.0845	 | 	Valid Accuracy     : 0.9574

Epoch : 13
Train Loss     : 0.0868	 | 	Train Accuracy     : 0.9611
Valid Loss     : 0.0907	 | 	Valid Accuracy     : 0.9581

Epoch : 14
Train Loss     : 0.0867	 | 	Train Accuracy     : 0.9597
Valid Loss     : 0.0808	 | 	Valid Accuracy     : 0.9588

Epoch : 15
Train Loss     : 0.0823	 | 	Train Accuracy     : 0.9625
Valid Loss     : 0.0758	 | 	Valid Accuracy     : 0.9688

Epoch : 16
Train Loss     : 0.0798	 | 	Train Accuracy     : 0.9625
Valid Loss     : 0.0779	 | 	Valid Accuracy     : 0.9624

Epoch : 17
Train Loss     : 0.0780	 | 	Train Accuracy     : 0.9625
Valid Loss     : 0.0757	 | 	Valid Accuracy     : 0.9595

Epoch : 18
Train Loss     : 0.0822	 | 	Train Accuracy     : 0.9616
Valid Loss     : 0.0760	 | 	Valid Accuracy     : 0.9616

Epoch : 19
Train Loss     : 0.0796	 | 	Train Accuracy     : 0.9637
Valid Loss     : 0.0733	 | 	Valid Accuracy     : 0.9609

Epoch : 20
Train Loss     : 0.0813	 | 	Train Accuracy     : 0.9649
Valid Loss     : 0.0730	 | 	Valid Accuracy     : 0.9673

Epoch : 21
Train Loss     : 0.0782	 | 	Train Accuracy     : 0.9663
Valid Loss     : 0.0712	 | 	Valid Accuracy     : 0.9645

Epoch : 22
Train Loss     : 0.0701	 | 	Train Accuracy     : 0.9688
Valid Loss     : 0.0700	 | 	Valid Accuracy     : 0.9638

Epoch : 23
Train Loss     : 0.0724	 | 	Train Accuracy     : 0.9648
Valid Loss     : 0.0715	 | 	Valid Accuracy     : 0.9645

Epoch : 24
Train Loss     : 0.0731	 | 	Train Accuracy     : 0.9677
Valid Loss     : 0.0696	 | 	Valid Accuracy     : 0.9645

Epoch : 25
Train Loss     : 0.0710	 | 	Train Accuracy     : 0.9686
Valid Loss     : 0.0740	 | 	Valid Accuracy     : 0.9680

Epoch : 26
Train Loss     : 0.0773	 | 	Train Accuracy     : 0.9674
Valid Loss     : 0.0718	 | 	Valid Accuracy     : 0.9624

Epoch : 27
Train Loss     : 0.0705	 | 	Train Accuracy     : 0.9686
Valid Loss     : 0.0727	 | 	Valid Accuracy     : 0.9673

Epoch : 28
Train Loss     : 0.0660	 | 	Train Accuracy     : 0.9698
Valid Loss     : 0.0761	 | 	Valid Accuracy     : 0.9616

Epoch : 29
Train Loss     : 0.0740	 | 	Train Accuracy     : 0.9689
Valid Loss     : 0.0677	 | 	Valid Accuracy     : 0.9680

Epoch : 30
Train Loss     : 0.0682	 | 	Train Accuracy     : 0.9708
Valid Loss     : 0.0689	 | 	Valid Accuracy     : 0.9616

Epoch : 31
Train Loss     : 0.0627	 | 	Train Accuracy     : 0.9705
Valid Loss     : 0.0686	 | 	Valid Accuracy     : 0.9695

Epoch : 32
Train Loss     : 0.0662	 | 	Train Accuracy     : 0.9715
Valid Loss     : 0.0676	 | 	Valid Accuracy     : 0.9702

Epoch : 33
Train Loss     : 0.0676	 | 	Train Accuracy     : 0.9698
Valid Loss     : 0.0766	 | 	Valid Accuracy     : 0.9659

Epoch : 34
Train Loss     : 0.0693	 | 	Train Accuracy     : 0.9675
Valid Loss     : 0.0699	 | 	Valid Accuracy     : 0.9702

Epoch : 35
Train Loss     : 0.0738	 | 	Train Accuracy     : 0.9686
Valid Loss     : 0.0664	 | 	Valid Accuracy     : 0.9688

Epoch : 36
Train Loss     : 0.0680	 | 	Train Accuracy     : 0.9689
Valid Loss     : 0.0698	 | 	Valid Accuracy     : 0.9673

Epoch : 37
Train Loss     : 0.0695	 | 	Train Accuracy     : 0.9672
Valid Loss     : 0.0676	 | 	Valid Accuracy     : 0.9652

Epoch : 38
Train Loss     : 0.0637	 | 	Train Accuracy     : 0.9700
Valid Loss     : 0.0678	 | 	Valid Accuracy     : 0.9666

Epoch : 39
Train Loss     : 0.0696	 | 	Train Accuracy     : 0.9670
Valid Loss     : 0.0692	 | 	Valid Accuracy     : 0.9673

Epoch : 40
Train Loss     : 0.0662	 | 	Train Accuracy     : 0.9700
Valid Loss     : 0.0652	 | 	Valid Accuracy     : 0.9645

Evaluate on the Test set:
Test loss      :0.1937	 | Test Accuracy      : 0.9456

################## Training is Done! #########################
