=============================================
Dataset: HAR
Mode:    train_linear_SupCon_1p
=============================================
Data loaded ...
Training started ....

Epoch : 1
Train Loss     : 1.4505	 | 	Train Accuracy     : 0.7031
Valid Loss     : 1.4896	 | 	Valid Accuracy     : 0.6037

Epoch : 2
Train Loss     : 1.1439	 | 	Train Accuracy     : 0.8281
Valid Loss     : 1.3096	 | 	Valid Accuracy     : 0.7143

Epoch : 3
Train Loss     : 0.8839	 | 	Train Accuracy     : 0.8750
Valid Loss     : 1.1462	 | 	Valid Accuracy     : 0.7452

Epoch : 4
Train Loss     : 0.7692	 | 	Train Accuracy     : 0.8438
Valid Loss     : 1.0065	 | 	Valid Accuracy     : 0.7610

Epoch : 5
Train Loss     : 0.6285	 | 	Train Accuracy     : 0.9062
Valid Loss     : 0.8923	 | 	Valid Accuracy     : 0.7706

Epoch : 6
Train Loss     : 0.5960	 | 	Train Accuracy     : 0.8594
Valid Loss     : 0.8032	 | 	Valid Accuracy     : 0.7713

Epoch : 7
Train Loss     : 0.5148	 | 	Train Accuracy     : 0.9062
Valid Loss     : 0.7234	 | 	Valid Accuracy     : 0.7816

Epoch : 8
Train Loss     : 0.4432	 | 	Train Accuracy     : 0.9219
Valid Loss     : 0.6561	 | 	Valid Accuracy     : 0.7995

Epoch : 9
Train Loss     : 0.3827	 | 	Train Accuracy     : 0.9688
Valid Loss     : 0.6076	 | 	Valid Accuracy     : 0.8111

Epoch : 10
Train Loss     : 0.4041	 | 	Train Accuracy     : 0.9219
Valid Loss     : 0.5730	 | 	Valid Accuracy     : 0.8166

Epoch : 11
Train Loss     : 0.4081	 | 	Train Accuracy     : 0.8906
Valid Loss     : 0.5481	 | 	Valid Accuracy     : 0.8228

Epoch : 12
Train Loss     : 0.3530	 | 	Train Accuracy     : 0.9219
Valid Loss     : 0.5303	 | 	Valid Accuracy     : 0.8262

Epoch : 13
Train Loss     : 0.3226	 | 	Train Accuracy     : 0.9844
Valid Loss     : 0.5177	 | 	Valid Accuracy     : 0.8269

Epoch : 14
Train Loss     : 0.2471	 | 	Train Accuracy     : 0.9688
Valid Loss     : 0.5065	 | 	Valid Accuracy     : 0.8352

Epoch : 15
Train Loss     : 0.3147	 | 	Train Accuracy     : 0.9531
Valid Loss     : 0.4981	 | 	Valid Accuracy     : 0.8317

Epoch : 16
Train Loss     : 0.2927	 | 	Train Accuracy     : 0.9375
Valid Loss     : 0.4881	 | 	Valid Accuracy     : 0.8365

Epoch : 17
Train Loss     : 0.2894	 | 	Train Accuracy     : 0.9531
Valid Loss     : 0.4852	 | 	Valid Accuracy     : 0.8324

Epoch : 18
Train Loss     : 0.2380	 | 	Train Accuracy     : 0.9375
Valid Loss     : 0.4772	 | 	Valid Accuracy     : 0.8345

Epoch : 19
Train Loss     : 0.2671	 | 	Train Accuracy     : 0.9219
Valid Loss     : 0.4708	 | 	Valid Accuracy     : 0.8352

Epoch : 20
Train Loss     : 0.2510	 | 	Train Accuracy     : 0.9375
Valid Loss     : 0.4636	 | 	Valid Accuracy     : 0.8372

Epoch : 21
Train Loss     : 0.2030	 | 	Train Accuracy     : 0.9688
Valid Loss     : 0.4509	 | 	Valid Accuracy     : 0.8510

Epoch : 22
Train Loss     : 0.1876	 | 	Train Accuracy     : 0.9688
Valid Loss     : 0.4463	 | 	Valid Accuracy     : 0.8551

Epoch : 23
Train Loss     : 0.2934	 | 	Train Accuracy     : 0.9062
Valid Loss     : 0.4408	 | 	Valid Accuracy     : 0.8565

Epoch : 24
Train Loss     : 0.1813	 | 	Train Accuracy     : 0.9688
Valid Loss     : 0.4450	 | 	Valid Accuracy     : 0.8510

Epoch : 25
Train Loss     : 0.1563	 | 	Train Accuracy     : 0.9531
Valid Loss     : 0.4483	 | 	Valid Accuracy     : 0.8441

Epoch : 26
Train Loss     : 0.2119	 | 	Train Accuracy     : 0.9531
Valid Loss     : 0.4482	 | 	Valid Accuracy     : 0.8400

Epoch : 27
Train Loss     : 0.2982	 | 	Train Accuracy     : 0.9219
Valid Loss     : 0.4451	 | 	Valid Accuracy     : 0.8510
