=============================================
Dataset: HAR
Mode:    train_linear_SupCon_1p
=============================================
Data loaded ...
Training started ....

Epoch : 1
Train Loss     : 1.5012	 | 	Train Accuracy     : 0.6406
Valid Loss     : 1.5174	 | 	Valid Accuracy     : 0.6071

Epoch : 2
Train Loss     : 1.1684	 | 	Train Accuracy     : 0.8125
Valid Loss     : 1.3248	 | 	Valid Accuracy     : 0.7019

Epoch : 3
Train Loss     : 0.9328	 | 	Train Accuracy     : 0.8438
Valid Loss     : 1.1372	 | 	Valid Accuracy     : 0.7308

Epoch : 4
Train Loss     : 0.8213	 | 	Train Accuracy     : 0.8281
Valid Loss     : 0.9841	 | 	Valid Accuracy     : 0.7617

Epoch : 5
Train Loss     : 0.6525	 | 	Train Accuracy     : 0.8438
Valid Loss     : 0.8617	 | 	Valid Accuracy     : 0.7610

Epoch : 6
Train Loss     : 0.5473	 | 	Train Accuracy     : 0.9219
Valid Loss     : 0.7729	 | 	Valid Accuracy     : 0.7761

Epoch : 7
Train Loss     : 0.5221	 | 	Train Accuracy     : 0.9062
Valid Loss     : 0.7030	 | 	Valid Accuracy     : 0.7795

Epoch : 8
Train Loss     : 0.4712	 | 	Train Accuracy     : 0.8906
Valid Loss     : 0.6453	 | 	Valid Accuracy     : 0.7967

Epoch : 9
Train Loss     : 0.3866	 | 	Train Accuracy     : 0.9531
Valid Loss     : 0.6024	 | 	Valid Accuracy     : 0.8194

Epoch : 10
Train Loss     : 0.3276	 | 	Train Accuracy     : 0.9688
Valid Loss     : 0.5740	 | 	Valid Accuracy     : 0.8173

Epoch : 11
Train Loss     : 0.3345	 | 	Train Accuracy     : 0.9531
Valid Loss     : 0.5544	 | 	Valid Accuracy     : 0.8262

Epoch : 12
Train Loss     : 0.3239	 | 	Train Accuracy     : 0.9531
Valid Loss     : 0.5372	 | 	Valid Accuracy     : 0.8276

Epoch : 13
Train Loss     : 0.3381	 | 	Train Accuracy     : 0.8906
Valid Loss     : 0.5220	 | 	Valid Accuracy     : 0.8228

Epoch : 14
Train Loss     : 0.2866	 | 	Train Accuracy     : 0.9375
Valid Loss     : 0.5091	 | 	Valid Accuracy     : 0.8262

Epoch : 15
Train Loss     : 0.2308	 | 	Train Accuracy     : 0.9844
Valid Loss     : 0.5006	 | 	Valid Accuracy     : 0.8290

Epoch : 16
Train Loss     : 0.2688	 | 	Train Accuracy     : 0.9531
Valid Loss     : 0.4942	 | 	Valid Accuracy     : 0.8283

Epoch : 17
Train Loss     : 0.2950	 | 	Train Accuracy     : 0.8906
Valid Loss     : 0.4840	 | 	Valid Accuracy     : 0.8331

Epoch : 18
Train Loss     : 0.2800	 | 	Train Accuracy     : 0.9531
Valid Loss     : 0.4748	 | 	Valid Accuracy     : 0.8372

Epoch : 19
Train Loss     : 0.2717	 | 	Train Accuracy     : 0.9375
Valid Loss     : 0.4697	 | 	Valid Accuracy     : 0.8345

Epoch : 20
Train Loss     : 0.2619	 | 	Train Accuracy     : 0.9375
Valid Loss     : 0.4720	 | 	Valid Accuracy     : 0.8324

Epoch : 21
Train Loss     : 0.2450	 | 	Train Accuracy     : 0.9219
Valid Loss     : 0.4631	 | 	Valid Accuracy     : 0.8400

Epoch : 22
Train Loss     : 0.2653	 | 	Train Accuracy     : 0.9531
Valid Loss     : 0.4660	 | 	Valid Accuracy     : 0.8372

Epoch : 23
Train Loss     : 0.2246	 | 	Train Accuracy     : 0.9531
Valid Loss     : 0.4630	 | 	Valid Accuracy     : 0.8393

Epoch : 24
Train Loss     : 0.1948	 | 	Train Accuracy     : 0.9688
Valid Loss     : 0.4562	 | 	Valid Accuracy     : 0.8434

Epoch : 25
Train Loss     : 0.1917	 | 	Train Accuracy     : 0.9375
Valid Loss     : 0.4486	 | 	Valid Accuracy     : 0.8503

Epoch : 26
Train Loss     : 0.2351	 | 	Train Accuracy     : 0.9062
Valid Loss     : 0.4545	 | 	Valid Accuracy     : 0.8372

Epoch : 27
Train Loss     : 0.2330	 | 	Train Accuracy     : 0.9375
Valid Loss     : 0.4554	 | 	Valid Accuracy     : 0.8365

Epoch : 28
Train Loss     : 0.2463	 | 	Train Accuracy     : 0.9375
Valid Loss     : 0.4491	 | 	Valid Accuracy     : 0.8400

Epoch : 29
Train Loss     : 0.1489	 | 	Train Accuracy     : 0.9844
Valid Loss     : 0.4366	 | 	Valid Accuracy     : 0.8489

Epoch : 30
Train Loss     : 0.1678	 | 	Train Accuracy     : 0.9375
Valid Loss     : 0.4327	 | 	Valid Accuracy     : 0.8475

Epoch : 31
Train Loss     : 0.2414	 | 	Train Accuracy     : 0.9375
Valid Loss     : 0.4394	 | 	Valid Accuracy     : 0.8489

Epoch : 32
Train Loss     : 0.1393	 | 	Train Accuracy     : 0.9844
Valid Loss     : 0.4288	 | 	Valid Accuracy     : 0.8523

Epoch : 33
Train Loss     : 0.1651	 | 	Train Accuracy     : 0.9531
Valid Loss     : 0.4277	 | 	Valid Accuracy     : 0.8544

Epoch : 34
Train Loss     : 0.2022	 | 	Train Accuracy     : 0.9375
Valid Loss     : 0.4244	 | 	Valid Accuracy     : 0.8551

Epoch : 35
Train Loss     : 0.2519	 | 	Train Accuracy     : 0.8906
Valid Loss     : 0.4276	 | 	Valid Accuracy     : 0.8510

Epoch : 36
Train Loss     : 0.1671	 | 	Train Accuracy     : 0.9688
Valid Loss     : 0.4249	 | 	Valid Accuracy     : 0.8496

Epoch : 37
Train Loss     : 0.1655	 | 	Train Accuracy     : 0.9531
Valid Loss     : 0.4274	 | 	Valid Accuracy     : 0.8516

Epoch : 38
Train Loss     : 0.1523	 | 	Train Accuracy     : 0.9688
Valid Loss     : 0.4318	 | 	Valid Accuracy     : 0.8489

Epoch : 39
Train Loss     : 0.1116	 | 	Train Accuracy     : 0.9688
Valid Loss     : 0.4316	 | 	Valid Accuracy     : 0.8489

Epoch : 40
Train Loss     : 0.2783	 | 	Train Accuracy     : 0.8438
Valid Loss     : 0.4416	 | 	Valid Accuracy     : 0.8434

Evaluate on the Test set:
Test loss      :0.5666	 | Test Accuracy      : 0.7672

################## Training is Done! #########################
Training time is : 0:00:24.747437
