=============================================
Dataset: HAR
Mode:    train_linear_SupCon_1p
=============================================
Data loaded ...
Training started ....

Epoch : 1
Train Loss     : 1.4560	 | 	Train Accuracy     : 0.6719
Valid Loss     : 1.4902	 | 	Valid Accuracy     : 0.5769

Epoch : 2
Train Loss     : 1.1461	 | 	Train Accuracy     : 0.8281
Valid Loss     : 1.3085	 | 	Valid Accuracy     : 0.7026

Epoch : 3
Train Loss     : 0.8778	 | 	Train Accuracy     : 0.8750
Valid Loss     : 1.1449	 | 	Valid Accuracy     : 0.7335

Epoch : 4
Train Loss     : 0.7697	 | 	Train Accuracy     : 0.8438
Valid Loss     : 1.0064	 | 	Valid Accuracy     : 0.7521

Epoch : 5
Train Loss     : 0.6342	 | 	Train Accuracy     : 0.9062
Valid Loss     : 0.8919	 | 	Valid Accuracy     : 0.7610

Epoch : 6
Train Loss     : 0.5940	 | 	Train Accuracy     : 0.8281
Valid Loss     : 0.8036	 | 	Valid Accuracy     : 0.7658

Epoch : 7
Train Loss     : 0.5173	 | 	Train Accuracy     : 0.8906
Valid Loss     : 0.7238	 | 	Valid Accuracy     : 0.7788

Epoch : 8
Train Loss     : 0.4465	 | 	Train Accuracy     : 0.9219
Valid Loss     : 0.6563	 | 	Valid Accuracy     : 0.8001

Epoch : 9
Train Loss     : 0.3842	 | 	Train Accuracy     : 0.9531
Valid Loss     : 0.6084	 | 	Valid Accuracy     : 0.8084

Epoch : 10
Train Loss     : 0.4050	 | 	Train Accuracy     : 0.9219
Valid Loss     : 0.5742	 | 	Valid Accuracy     : 0.8063

Epoch : 11
Train Loss     : 0.4120	 | 	Train Accuracy     : 0.8906
Valid Loss     : 0.5486	 | 	Valid Accuracy     : 0.8207

Epoch : 12
Train Loss     : 0.3611	 | 	Train Accuracy     : 0.9219
Valid Loss     : 0.5304	 | 	Valid Accuracy     : 0.8255

Epoch : 13
Train Loss     : 0.3249	 | 	Train Accuracy     : 0.9688
Valid Loss     : 0.5171	 | 	Valid Accuracy     : 0.8249

Epoch : 14
Train Loss     : 0.2468	 | 	Train Accuracy     : 0.9688
Valid Loss     : 0.5048	 | 	Valid Accuracy     : 0.8324

Epoch : 15
Train Loss     : 0.3166	 | 	Train Accuracy     : 0.9531
Valid Loss     : 0.4972	 | 	Valid Accuracy     : 0.8304

Epoch : 16
Train Loss     : 0.2962	 | 	Train Accuracy     : 0.9375
Valid Loss     : 0.4862	 | 	Valid Accuracy     : 0.8379

Epoch : 17
Train Loss     : 0.2888	 | 	Train Accuracy     : 0.9531
Valid Loss     : 0.4835	 | 	Valid Accuracy     : 0.8365

Epoch : 18
Train Loss     : 0.2388	 | 	Train Accuracy     : 0.9375
Valid Loss     : 0.4762	 | 	Valid Accuracy     : 0.8331

Epoch : 19
Train Loss     : 0.2646	 | 	Train Accuracy     : 0.9375
Valid Loss     : 0.4701	 | 	Valid Accuracy     : 0.8352

Epoch : 20
Train Loss     : 0.2515	 | 	Train Accuracy     : 0.9219
Valid Loss     : 0.4622	 | 	Valid Accuracy     : 0.8379

Epoch : 21
Train Loss     : 0.2075	 | 	Train Accuracy     : 0.9688
Valid Loss     : 0.4490	 | 	Valid Accuracy     : 0.8455

Epoch : 22
Train Loss     : 0.1873	 | 	Train Accuracy     : 0.9688
Valid Loss     : 0.4437	 | 	Valid Accuracy     : 0.8578

Epoch : 23
Train Loss     : 0.2918	 | 	Train Accuracy     : 0.8906
Valid Loss     : 0.4377	 | 	Valid Accuracy     : 0.8592

Epoch : 24
Train Loss     : 0.1795	 | 	Train Accuracy     : 0.9688
Valid Loss     : 0.4426	 | 	Valid Accuracy     : 0.8516

Epoch : 25
Train Loss     : 0.1569	 | 	Train Accuracy     : 0.9531
Valid Loss     : 0.4476	 | 	Valid Accuracy     : 0.8434

Epoch : 26
Train Loss     : 0.2178	 | 	Train Accuracy     : 0.9375
Valid Loss     : 0.4477	 | 	Valid Accuracy     : 0.8427

Epoch : 27
Train Loss     : 0.2985	 | 	Train Accuracy     : 0.9375
Valid Loss     : 0.4456	 | 	Valid Accuracy     : 0.8448

Epoch : 28
Train Loss     : 0.2729	 | 	Train Accuracy     : 0.8750
Valid Loss     : 0.4283	 | 	Valid Accuracy     : 0.8544

Epoch : 29
Train Loss     : 0.1886	 | 	Train Accuracy     : 0.9688
Valid Loss     : 0.4207	 | 	Valid Accuracy     : 0.8565

Epoch : 30
Train Loss     : 0.1791	 | 	Train Accuracy     : 0.9531
Valid Loss     : 0.4175	 | 	Valid Accuracy     : 0.8565

Epoch : 31
Train Loss     : 0.1697	 | 	Train Accuracy     : 0.9688
Valid Loss     : 0.4150	 | 	Valid Accuracy     : 0.8571

Epoch : 32
Train Loss     : 0.1592	 | 	Train Accuracy     : 0.9688
Valid Loss     : 0.4246	 | 	Valid Accuracy     : 0.8558

Epoch : 33
Train Loss     : 0.1976	 | 	Train Accuracy     : 0.9688
Valid Loss     : 0.4316	 | 	Valid Accuracy     : 0.8503

Epoch : 34
Train Loss     : 0.1252	 | 	Train Accuracy     : 0.9844
Valid Loss     : 0.4405	 | 	Valid Accuracy     : 0.8434

Epoch : 35
Train Loss     : 0.1380	 | 	Train Accuracy     : 0.9688
Valid Loss     : 0.4469	 | 	Valid Accuracy     : 0.8379

Epoch : 36
Train Loss     : 0.1663	 | 	Train Accuracy     : 0.9531
Valid Loss     : 0.4484	 | 	Valid Accuracy     : 0.8420

Epoch : 37
Train Loss     : 0.2200	 | 	Train Accuracy     : 0.9375
Valid Loss     : 0.4455	 | 	Valid Accuracy     : 0.8413

Epoch : 38
Train Loss     : 0.2289	 | 	Train Accuracy     : 0.9062
Valid Loss     : 0.4296	 | 	Valid Accuracy     : 0.8455

Epoch : 39
Train Loss     : 0.1430	 | 	Train Accuracy     : 0.9688
Valid Loss     : 0.4214	 | 	Valid Accuracy     : 0.8468

Epoch : 40
Train Loss     : 0.1256	 | 	Train Accuracy     : 0.9844
Valid Loss     : 0.4175	 | 	Valid Accuracy     : 0.8510

Evaluate on the Test set:
Test loss      :0.5450	 | Test Accuracy      : 0.7801

################## Training is Done! #########################
Training time is : 0:00:24.938431
