=============================================
Dataset: HAR
Mode:    train_linear_SupCon_1p
=============================================
Data loaded ...
Training started ....

Epoch : 1
Train Loss     : 1.4494	 | 	Train Accuracy     : 0.7344
Valid Loss     : 1.4812	 | 	Valid Accuracy     : 0.5467

Epoch : 2
Train Loss     : 1.1584	 | 	Train Accuracy     : 0.7812
Valid Loss     : 1.2957	 | 	Valid Accuracy     : 0.6545

Epoch : 3
Train Loss     : 0.8847	 | 	Train Accuracy     : 0.8906
Valid Loss     : 1.1297	 | 	Valid Accuracy     : 0.6930

Epoch : 4
Train Loss     : 0.7706	 | 	Train Accuracy     : 0.8125
Valid Loss     : 0.9885	 | 	Valid Accuracy     : 0.7260

Epoch : 5
Train Loss     : 0.6231	 | 	Train Accuracy     : 0.8750
Valid Loss     : 0.8674	 | 	Valid Accuracy     : 0.7493

Epoch : 6
Train Loss     : 0.5709	 | 	Train Accuracy     : 0.8594
Valid Loss     : 0.7757	 | 	Valid Accuracy     : 0.7685

Epoch : 7
Train Loss     : 0.4838	 | 	Train Accuracy     : 0.8906
Valid Loss     : 0.6933	 | 	Valid Accuracy     : 0.7816

Epoch : 8
Train Loss     : 0.4082	 | 	Train Accuracy     : 0.9375
Valid Loss     : 0.6233	 | 	Valid Accuracy     : 0.8139

Epoch : 9
Train Loss     : 0.3525	 | 	Train Accuracy     : 0.9688
Valid Loss     : 0.5750	 | 	Valid Accuracy     : 0.8290

Epoch : 10
Train Loss     : 0.3913	 | 	Train Accuracy     : 0.9062
Valid Loss     : 0.5425	 | 	Valid Accuracy     : 0.8345

Epoch : 11
Train Loss     : 0.3931	 | 	Train Accuracy     : 0.9062
Valid Loss     : 0.5190	 | 	Valid Accuracy     : 0.8468

Epoch : 12
Train Loss     : 0.3323	 | 	Train Accuracy     : 0.9531
Valid Loss     : 0.5007	 | 	Valid Accuracy     : 0.8489

Epoch : 13
Train Loss     : 0.3174	 | 	Train Accuracy     : 0.9688
Valid Loss     : 0.4873	 | 	Valid Accuracy     : 0.8523

Epoch : 14
Train Loss     : 0.2318	 | 	Train Accuracy     : 0.9688
Valid Loss     : 0.4768	 | 	Valid Accuracy     : 0.8516

Epoch : 15
Train Loss     : 0.2848	 | 	Train Accuracy     : 0.9531
Valid Loss     : 0.4694	 | 	Valid Accuracy     : 0.8489

Epoch : 16
Train Loss     : 0.2719	 | 	Train Accuracy     : 0.9375
Valid Loss     : 0.4577	 | 	Valid Accuracy     : 0.8496

Epoch : 17
Train Loss     : 0.2790	 | 	Train Accuracy     : 0.9375
Valid Loss     : 0.4550	 | 	Valid Accuracy     : 0.8462

Epoch : 18
Train Loss     : 0.2232	 | 	Train Accuracy     : 0.9375
Valid Loss     : 0.4460	 | 	Valid Accuracy     : 0.8468

Epoch : 19
Train Loss     : 0.2499	 | 	Train Accuracy     : 0.9375
Valid Loss     : 0.4411	 | 	Valid Accuracy     : 0.8475

Epoch : 20
Train Loss     : 0.2513	 | 	Train Accuracy     : 0.9219
Valid Loss     : 0.4329	 | 	Valid Accuracy     : 0.8585

Epoch : 21
Train Loss     : 0.1933	 | 	Train Accuracy     : 0.9688
Valid Loss     : 0.4191	 | 	Valid Accuracy     : 0.8620

Epoch : 22
Train Loss     : 0.1772	 | 	Train Accuracy     : 0.9688
Valid Loss     : 0.4151	 | 	Valid Accuracy     : 0.8626

Epoch : 23
Train Loss     : 0.2771	 | 	Train Accuracy     : 0.9062
Valid Loss     : 0.4087	 | 	Valid Accuracy     : 0.8674

Epoch : 24
Train Loss     : 0.1673	 | 	Train Accuracy     : 0.9688
Valid Loss     : 0.4110	 | 	Valid Accuracy     : 0.8620

Epoch : 25
Train Loss     : 0.1505	 | 	Train Accuracy     : 0.9531
Valid Loss     : 0.4125	 | 	Valid Accuracy     : 0.8599

Epoch : 26
Train Loss     : 0.2066	 | 	Train Accuracy     : 0.9531
Valid Loss     : 0.4137	 | 	Valid Accuracy     : 0.8599

Epoch : 27
Train Loss     : 0.2697	 | 	Train Accuracy     : 0.9219
Valid Loss     : 0.4090	 | 	Valid Accuracy     : 0.8626

Epoch : 28
Train Loss     : 0.2592	 | 	Train Accuracy     : 0.9219
Valid Loss     : 0.3942	 | 	Valid Accuracy     : 0.8674

Epoch : 29
Train Loss     : 0.1871	 | 	Train Accuracy     : 0.9375
Valid Loss     : 0.3853	 | 	Valid Accuracy     : 0.8688

Epoch : 30
Train Loss     : 0.1617	 | 	Train Accuracy     : 0.9844
Valid Loss     : 0.3816	 | 	Valid Accuracy     : 0.8716

Epoch : 31
Train Loss     : 0.1551	 | 	Train Accuracy     : 1.0000
Valid Loss     : 0.3777	 | 	Valid Accuracy     : 0.8716

Epoch : 32
Train Loss     : 0.1519	 | 	Train Accuracy     : 0.9844
Valid Loss     : 0.3862	 | 	Valid Accuracy     : 0.8702

Epoch : 33
Train Loss     : 0.1883	 | 	Train Accuracy     : 0.9688
Valid Loss     : 0.3935	 | 	Valid Accuracy     : 0.8647

Epoch : 34
Train Loss     : 0.1199	 | 	Train Accuracy     : 0.9844
Valid Loss     : 0.4040	 | 	Valid Accuracy     : 0.8578

Epoch : 35
Train Loss     : 0.1222	 | 	Train Accuracy     : 0.9531
Valid Loss     : 0.4088	 | 	Valid Accuracy     : 0.8558

Epoch : 36
Train Loss     : 0.1505	 | 	Train Accuracy     : 0.9531
Valid Loss     : 0.4102	 | 	Valid Accuracy     : 0.8565

Epoch : 37
Train Loss     : 0.2134	 | 	Train Accuracy     : 0.9375
Valid Loss     : 0.4103	 | 	Valid Accuracy     : 0.8537

Epoch : 38
Train Loss     : 0.2254	 | 	Train Accuracy     : 0.9219
Valid Loss     : 0.3972	 | 	Valid Accuracy     : 0.8599

Epoch : 39
Train Loss     : 0.1276	 | 	Train Accuracy     : 0.9688
Valid Loss     : 0.3910	 | 	Valid Accuracy     : 0.8592

Epoch : 40
Train Loss     : 0.1222	 | 	Train Accuracy     : 0.9844
Valid Loss     : 0.3890	 | 	Valid Accuracy     : 0.8592

Evaluate on the Test set:
Test loss      :0.5101	 | Test Accuracy      : 0.7895

################## Training is Done! #########################
Training time is : 0:00:20.865388
