=============================================
Dataset: HAR
Mode:    train_linear_SupCon_1p
=============================================
Data loaded ...
Training started ....

Epoch : 1
Train Loss     : 1.4727	 | 	Train Accuracy     : 0.6250
Valid Loss     : 1.4275	 | 	Valid Accuracy     : 0.6360

Epoch : 2
Train Loss     : 1.1673	 | 	Train Accuracy     : 0.7969
Valid Loss     : 1.2216	 | 	Valid Accuracy     : 0.6813

Epoch : 3
Train Loss     : 0.9343	 | 	Train Accuracy     : 0.8125
Valid Loss     : 1.0513	 | 	Valid Accuracy     : 0.7747

Epoch : 4
Train Loss     : 0.7616	 | 	Train Accuracy     : 0.9062
Valid Loss     : 0.9376	 | 	Valid Accuracy     : 0.7761

Epoch : 5
Train Loss     : 0.6532	 | 	Train Accuracy     : 0.8906
Valid Loss     : 0.8439	 | 	Valid Accuracy     : 0.7603

Epoch : 6
Train Loss     : 0.5473	 | 	Train Accuracy     : 0.8750
Valid Loss     : 0.7666	 | 	Valid Accuracy     : 0.7761

Epoch : 7
Train Loss     : 0.5269	 | 	Train Accuracy     : 0.8750
Valid Loss     : 0.7074	 | 	Valid Accuracy     : 0.7809

Epoch : 8
Train Loss     : 0.4376	 | 	Train Accuracy     : 0.9375
Valid Loss     : 0.6461	 | 	Valid Accuracy     : 0.8077

Epoch : 9
Train Loss     : 0.4066	 | 	Train Accuracy     : 0.9531
Valid Loss     : 0.6071	 | 	Valid Accuracy     : 0.8125

Epoch : 10
Train Loss     : 0.3251	 | 	Train Accuracy     : 0.9688
Valid Loss     : 0.5768	 | 	Valid Accuracy     : 0.8262

Epoch : 11
Train Loss     : 0.3533	 | 	Train Accuracy     : 0.9219
Valid Loss     : 0.5564	 | 	Valid Accuracy     : 0.8338

Epoch : 12
Train Loss     : 0.2903	 | 	Train Accuracy     : 0.9531
Valid Loss     : 0.5310	 | 	Valid Accuracy     : 0.8420

Epoch : 13
Train Loss     : 0.3853	 | 	Train Accuracy     : 0.9219
Valid Loss     : 0.5098	 | 	Valid Accuracy     : 0.8537

Epoch : 14
Train Loss     : 0.2941	 | 	Train Accuracy     : 0.9531
Valid Loss     : 0.5146	 | 	Valid Accuracy     : 0.8379

Epoch : 15
Train Loss     : 0.3029	 | 	Train Accuracy     : 0.9219
Valid Loss     : 0.5141	 | 	Valid Accuracy     : 0.8324

Epoch : 16
Train Loss     : 0.2118	 | 	Train Accuracy     : 0.9688
Valid Loss     : 0.4948	 | 	Valid Accuracy     : 0.8420

Epoch : 17
Train Loss     : 0.2913	 | 	Train Accuracy     : 0.9375
Valid Loss     : 0.4883	 | 	Valid Accuracy     : 0.8420

Epoch : 18
Train Loss     : 0.2476	 | 	Train Accuracy     : 0.9219
Valid Loss     : 0.5010	 | 	Valid Accuracy     : 0.8304

Epoch : 19
Train Loss     : 0.1910	 | 	Train Accuracy     : 0.9844
Valid Loss     : 0.4780	 | 	Valid Accuracy     : 0.8475

Epoch : 20
Train Loss     : 0.2245	 | 	Train Accuracy     : 0.9688
Valid Loss     : 0.4649	 | 	Valid Accuracy     : 0.8489

Epoch : 21
Train Loss     : 0.1758	 | 	Train Accuracy     : 0.9844
Valid Loss     : 0.4674	 | 	Valid Accuracy     : 0.8420

Epoch : 22
Train Loss     : 0.2327	 | 	Train Accuracy     : 0.9219
Valid Loss     : 0.4648	 | 	Valid Accuracy     : 0.8489

Epoch : 23
Train Loss     : 0.2274	 | 	Train Accuracy     : 0.9219
Valid Loss     : 0.4629	 | 	Valid Accuracy     : 0.8455

Epoch : 24
Train Loss     : 0.2054	 | 	Train Accuracy     : 0.9688
Valid Loss     : 0.4687	 | 	Valid Accuracy     : 0.8434

Epoch : 25
Train Loss     : 0.1879	 | 	Train Accuracy     : 0.9531
Valid Loss     : 0.4586	 | 	Valid Accuracy     : 0.8523

Epoch : 26
Train Loss     : 0.1831	 | 	Train Accuracy     : 0.9688
Valid Loss     : 0.4587	 | 	Valid Accuracy     : 0.8482

Epoch : 27
Train Loss     : 0.2392	 | 	Train Accuracy     : 0.9375
Valid Loss     : 0.4773	 | 	Valid Accuracy     : 0.8372

Epoch : 28
Train Loss     : 0.1411	 | 	Train Accuracy     : 0.9688
Valid Loss     : 0.4631	 | 	Valid Accuracy     : 0.8420

Epoch : 29
Train Loss     : 0.1558	 | 	Train Accuracy     : 0.9688
Valid Loss     : 0.4531	 | 	Valid Accuracy     : 0.8475

Epoch : 30
Train Loss     : 0.1718	 | 	Train Accuracy     : 0.9531
Valid Loss     : 0.4661	 | 	Valid Accuracy     : 0.8434

Epoch : 31
Train Loss     : 0.2098	 | 	Train Accuracy     : 0.9531
Valid Loss     : 0.4561	 | 	Valid Accuracy     : 0.8434

Epoch : 32
Train Loss     : 0.1456	 | 	Train Accuracy     : 0.9688
Valid Loss     : 0.4377	 | 	Valid Accuracy     : 0.8620

Epoch : 33
Train Loss     : 0.2746	 | 	Train Accuracy     : 0.9062
Valid Loss     : 0.4389	 | 	Valid Accuracy     : 0.8510

Epoch : 34
Train Loss     : 0.1891	 | 	Train Accuracy     : 0.9375
Valid Loss     : 0.4428	 | 	Valid Accuracy     : 0.8530

Epoch : 35
Train Loss     : 0.1063	 | 	Train Accuracy     : 0.9688
Valid Loss     : 0.4481	 | 	Valid Accuracy     : 0.8496

Epoch : 36
Train Loss     : 0.2705	 | 	Train Accuracy     : 0.9219
Valid Loss     : 0.4454	 | 	Valid Accuracy     : 0.8523

Epoch : 37
Train Loss     : 0.1768	 | 	Train Accuracy     : 0.9531
Valid Loss     : 0.4518	 | 	Valid Accuracy     : 0.8510

Epoch : 38
Train Loss     : 0.1199	 | 	Train Accuracy     : 0.9688
Valid Loss     : 0.4705	 | 	Valid Accuracy     : 0.8372

Epoch : 39
Train Loss     : 0.1727	 | 	Train Accuracy     : 0.9219
Valid Loss     : 0.4643	 | 	Valid Accuracy     : 0.8372

Epoch : 40
Train Loss     : 0.1248	 | 	Train Accuracy     : 0.9688
Valid Loss     : 0.4730	 | 	Valid Accuracy     : 0.8407

Evaluate on the Test set:
Test loss      :0.5894	 | Test Accuracy      : 0.7774

################## Training is Done! #########################
Training time is : 0:00:28.369150
