=============================================
Dataset: HAR
Mode:    train_linear_SupCon_1p
=============================================
Data loaded ...
Training started ....

Epoch : 1
Train Loss     : 1.4691	 | 	Train Accuracy     : 0.7031
Valid Loss     : 1.4897	 | 	Valid Accuracy     : 0.5776

Epoch : 2
Train Loss     : 1.1594	 | 	Train Accuracy     : 0.7969
Valid Loss     : 1.3081	 | 	Valid Accuracy     : 0.6848

Epoch : 3
Train Loss     : 0.8906	 | 	Train Accuracy     : 0.8594
Valid Loss     : 1.1463	 | 	Valid Accuracy     : 0.7246

Epoch : 4
Train Loss     : 0.7788	 | 	Train Accuracy     : 0.8438
Valid Loss     : 1.0082	 | 	Valid Accuracy     : 0.7431

Epoch : 5
Train Loss     : 0.6396	 | 	Train Accuracy     : 0.8750
Valid Loss     : 0.8944	 | 	Valid Accuracy     : 0.7630

Epoch : 6
Train Loss     : 0.6064	 | 	Train Accuracy     : 0.8281
Valid Loss     : 0.8074	 | 	Valid Accuracy     : 0.7727

Epoch : 7
Train Loss     : 0.5232	 | 	Train Accuracy     : 0.8906
Valid Loss     : 0.7294	 | 	Valid Accuracy     : 0.7850

Epoch : 8
Train Loss     : 0.4479	 | 	Train Accuracy     : 0.9219
Valid Loss     : 0.6638	 | 	Valid Accuracy     : 0.8029

Epoch : 9
Train Loss     : 0.3865	 | 	Train Accuracy     : 0.9688
Valid Loss     : 0.6172	 | 	Valid Accuracy     : 0.8118

Epoch : 10
Train Loss     : 0.4103	 | 	Train Accuracy     : 0.9062
Valid Loss     : 0.5833	 | 	Valid Accuracy     : 0.8111

Epoch : 11
Train Loss     : 0.4155	 | 	Train Accuracy     : 0.8906
Valid Loss     : 0.5577	 | 	Valid Accuracy     : 0.8235

Epoch : 12
Train Loss     : 0.3668	 | 	Train Accuracy     : 0.9062
Valid Loss     : 0.5400	 | 	Valid Accuracy     : 0.8283

Epoch : 13
Train Loss     : 0.3249	 | 	Train Accuracy     : 0.9531
Valid Loss     : 0.5266	 | 	Valid Accuracy     : 0.8283

Epoch : 14
Train Loss     : 0.2530	 | 	Train Accuracy     : 0.9688
Valid Loss     : 0.5148	 | 	Valid Accuracy     : 0.8352

Epoch : 15
Train Loss     : 0.3214	 | 	Train Accuracy     : 0.9531
Valid Loss     : 0.5070	 | 	Valid Accuracy     : 0.8324

Epoch : 16
Train Loss     : 0.2939	 | 	Train Accuracy     : 0.9375
Valid Loss     : 0.4957	 | 	Valid Accuracy     : 0.8331

Epoch : 17
Train Loss     : 0.2927	 | 	Train Accuracy     : 0.9688
Valid Loss     : 0.4930	 | 	Valid Accuracy     : 0.8290

Epoch : 18
Train Loss     : 0.2389	 | 	Train Accuracy     : 0.9375
Valid Loss     : 0.4860	 | 	Valid Accuracy     : 0.8331

Epoch : 19
Train Loss     : 0.2634	 | 	Train Accuracy     : 0.9219
Valid Loss     : 0.4815	 | 	Valid Accuracy     : 0.8365

Epoch : 20
Train Loss     : 0.2549	 | 	Train Accuracy     : 0.9062
Valid Loss     : 0.4736	 | 	Valid Accuracy     : 0.8386

Epoch : 21
Train Loss     : 0.2087	 | 	Train Accuracy     : 0.9688
Valid Loss     : 0.4596	 | 	Valid Accuracy     : 0.8489

Epoch : 22
Train Loss     : 0.1882	 | 	Train Accuracy     : 0.9688
Valid Loss     : 0.4554	 | 	Valid Accuracy     : 0.8503

Epoch : 23
Train Loss     : 0.2930	 | 	Train Accuracy     : 0.8906
Valid Loss     : 0.4505	 | 	Valid Accuracy     : 0.8544

Epoch : 24
Train Loss     : 0.1816	 | 	Train Accuracy     : 0.9688
Valid Loss     : 0.4552	 | 	Valid Accuracy     : 0.8496

Epoch : 25
Train Loss     : 0.1591	 | 	Train Accuracy     : 0.9531
Valid Loss     : 0.4593	 | 	Valid Accuracy     : 0.8427

Epoch : 26
Train Loss     : 0.2170	 | 	Train Accuracy     : 0.9375
Valid Loss     : 0.4593	 | 	Valid Accuracy     : 0.8359

Epoch : 27
Train Loss     : 0.2950	 | 	Train Accuracy     : 0.9375
Valid Loss     : 0.4565	 | 	Valid Accuracy     : 0.8420

Epoch : 28
Train Loss     : 0.2702	 | 	Train Accuracy     : 0.8906
Valid Loss     : 0.4407	 | 	Valid Accuracy     : 0.8489

Epoch : 29
Train Loss     : 0.1887	 | 	Train Accuracy     : 0.9688
Valid Loss     : 0.4320	 | 	Valid Accuracy     : 0.8537

Epoch : 30
Train Loss     : 0.1827	 | 	Train Accuracy     : 0.9531
Valid Loss     : 0.4280	 | 	Valid Accuracy     : 0.8558

Epoch : 31
Train Loss     : 0.1795	 | 	Train Accuracy     : 0.9844
Valid Loss     : 0.4268	 | 	Valid Accuracy     : 0.8544

Epoch : 32
Train Loss     : 0.1604	 | 	Train Accuracy     : 0.9844
Valid Loss     : 0.4371	 | 	Valid Accuracy     : 0.8510

Epoch : 33
Train Loss     : 0.1930	 | 	Train Accuracy     : 0.9688
Valid Loss     : 0.4460	 | 	Valid Accuracy     : 0.8441

Epoch : 34
Train Loss     : 0.1301	 | 	Train Accuracy     : 0.9844
Valid Loss     : 0.4560	 | 	Valid Accuracy     : 0.8393

Epoch : 35
Train Loss     : 0.1413	 | 	Train Accuracy     : 0.9688
Valid Loss     : 0.4613	 | 	Valid Accuracy     : 0.8400

Epoch : 36
Train Loss     : 0.1653	 | 	Train Accuracy     : 0.9531
Valid Loss     : 0.4614	 | 	Valid Accuracy     : 0.8420

Epoch : 37
Train Loss     : 0.2224	 | 	Train Accuracy     : 0.9219
Valid Loss     : 0.4578	 | 	Valid Accuracy     : 0.8386

Epoch : 38
Train Loss     : 0.2235	 | 	Train Accuracy     : 0.9062
Valid Loss     : 0.4424	 | 	Valid Accuracy     : 0.8413

Epoch : 39
Train Loss     : 0.1428	 | 	Train Accuracy     : 0.9531
Valid Loss     : 0.4343	 | 	Valid Accuracy     : 0.8468

Epoch : 40
Train Loss     : 0.1298	 | 	Train Accuracy     : 0.9844
Valid Loss     : 0.4312	 | 	Valid Accuracy     : 0.8489

Evaluate on the Test set:
Test loss      :0.5483	 | Test Accuracy      : 0.7760

################## Training is Done! #########################
Training time is : 0:00:20.852596
