=============================================
Dataset: HAR
Mode:    train_linear_SupCon_1p
=============================================
Data loaded ...
Training started ....

Epoch : 1
Train Loss     : 1.4686	 | 	Train Accuracy     : 0.6719
Valid Loss     : 1.4809	 | 	Valid Accuracy     : 0.5817

Epoch : 2
Train Loss     : 1.1623	 | 	Train Accuracy     : 0.8281
Valid Loss     : 1.3009	 | 	Valid Accuracy     : 0.6992

Epoch : 3
Train Loss     : 0.8907	 | 	Train Accuracy     : 0.8594
Valid Loss     : 1.1389	 | 	Valid Accuracy     : 0.7383

Epoch : 4
Train Loss     : 0.7761	 | 	Train Accuracy     : 0.8438
Valid Loss     : 1.0004	 | 	Valid Accuracy     : 0.7473

Epoch : 5
Train Loss     : 0.6396	 | 	Train Accuracy     : 0.8906
Valid Loss     : 0.8862	 | 	Valid Accuracy     : 0.7644

Epoch : 6
Train Loss     : 0.6000	 | 	Train Accuracy     : 0.8594
Valid Loss     : 0.7977	 | 	Valid Accuracy     : 0.7740

Epoch : 7
Train Loss     : 0.5135	 | 	Train Accuracy     : 0.9062
Valid Loss     : 0.7190	 | 	Valid Accuracy     : 0.7802

Epoch : 8
Train Loss     : 0.4421	 | 	Train Accuracy     : 0.9375
Valid Loss     : 0.6524	 | 	Valid Accuracy     : 0.8001

Epoch : 9
Train Loss     : 0.3811	 | 	Train Accuracy     : 0.9688
Valid Loss     : 0.6047	 | 	Valid Accuracy     : 0.8166

Epoch : 10
Train Loss     : 0.4102	 | 	Train Accuracy     : 0.9219
Valid Loss     : 0.5716	 | 	Valid Accuracy     : 0.8235

Epoch : 11
Train Loss     : 0.4099	 | 	Train Accuracy     : 0.8906
Valid Loss     : 0.5460	 | 	Valid Accuracy     : 0.8290

Epoch : 12
Train Loss     : 0.3586	 | 	Train Accuracy     : 0.9062
Valid Loss     : 0.5286	 | 	Valid Accuracy     : 0.8338

Epoch : 13
Train Loss     : 0.3215	 | 	Train Accuracy     : 0.9688
Valid Loss     : 0.5148	 | 	Valid Accuracy     : 0.8345

Epoch : 14
Train Loss     : 0.2480	 | 	Train Accuracy     : 0.9688
Valid Loss     : 0.5034	 | 	Valid Accuracy     : 0.8393

Epoch : 15
Train Loss     : 0.3064	 | 	Train Accuracy     : 0.9531
Valid Loss     : 0.4956	 | 	Valid Accuracy     : 0.8345

Epoch : 16
Train Loss     : 0.2964	 | 	Train Accuracy     : 0.9375
Valid Loss     : 0.4840	 | 	Valid Accuracy     : 0.8441

Epoch : 17
Train Loss     : 0.2863	 | 	Train Accuracy     : 0.9844
Valid Loss     : 0.4809	 | 	Valid Accuracy     : 0.8400

Epoch : 18
Train Loss     : 0.2340	 | 	Train Accuracy     : 0.9375
Valid Loss     : 0.4729	 | 	Valid Accuracy     : 0.8400

Epoch : 19
Train Loss     : 0.2605	 | 	Train Accuracy     : 0.9375
Valid Loss     : 0.4676	 | 	Valid Accuracy     : 0.8386

Epoch : 20
Train Loss     : 0.2472	 | 	Train Accuracy     : 0.9375
Valid Loss     : 0.4605	 | 	Valid Accuracy     : 0.8393

Epoch : 21
Train Loss     : 0.1998	 | 	Train Accuracy     : 0.9688
Valid Loss     : 0.4473	 | 	Valid Accuracy     : 0.8482

Epoch : 22
Train Loss     : 0.1891	 | 	Train Accuracy     : 0.9688
Valid Loss     : 0.4434	 | 	Valid Accuracy     : 0.8544

Epoch : 23
Train Loss     : 0.2901	 | 	Train Accuracy     : 0.8906
Valid Loss     : 0.4382	 | 	Valid Accuracy     : 0.8620

Epoch : 24
Train Loss     : 0.1806	 | 	Train Accuracy     : 0.9688
Valid Loss     : 0.4427	 | 	Valid Accuracy     : 0.8510

Epoch : 25
Train Loss     : 0.1572	 | 	Train Accuracy     : 0.9531
Valid Loss     : 0.4466	 | 	Valid Accuracy     : 0.8448

Epoch : 26
Train Loss     : 0.2144	 | 	Train Accuracy     : 0.9531
Valid Loss     : 0.4470	 | 	Valid Accuracy     : 0.8400

Epoch : 27
Train Loss     : 0.2891	 | 	Train Accuracy     : 0.9375
Valid Loss     : 0.4451	 | 	Valid Accuracy     : 0.8482

Epoch : 28
Train Loss     : 0.2681	 | 	Train Accuracy     : 0.8906
Valid Loss     : 0.4299	 | 	Valid Accuracy     : 0.8530

Epoch : 29
Train Loss     : 0.1849	 | 	Train Accuracy     : 0.9531
Valid Loss     : 0.4212	 | 	Valid Accuracy     : 0.8592

Epoch : 30
Train Loss     : 0.1715	 | 	Train Accuracy     : 0.9688
Valid Loss     : 0.4175	 | 	Valid Accuracy     : 0.8592

Epoch : 31
Train Loss     : 0.1715	 | 	Train Accuracy     : 0.9688
Valid Loss     : 0.4164	 | 	Valid Accuracy     : 0.8571

Epoch : 32
Train Loss     : 0.1550	 | 	Train Accuracy     : 0.9844
Valid Loss     : 0.4263	 | 	Valid Accuracy     : 0.8530

Epoch : 33
Train Loss     : 0.1892	 | 	Train Accuracy     : 0.9688
Valid Loss     : 0.4347	 | 	Valid Accuracy     : 0.8482

Epoch : 34
Train Loss     : 0.1212	 | 	Train Accuracy     : 0.9844
Valid Loss     : 0.4443	 | 	Valid Accuracy     : 0.8407

Epoch : 35
Train Loss     : 0.1354	 | 	Train Accuracy     : 0.9688
Valid Loss     : 0.4490	 | 	Valid Accuracy     : 0.8400

Epoch : 36
Train Loss     : 0.1641	 | 	Train Accuracy     : 0.9531
Valid Loss     : 0.4478	 | 	Valid Accuracy     : 0.8427

Epoch : 37
Train Loss     : 0.2187	 | 	Train Accuracy     : 0.9375
Valid Loss     : 0.4452	 | 	Valid Accuracy     : 0.8393

Epoch : 38
Train Loss     : 0.2238	 | 	Train Accuracy     : 0.9062
Valid Loss     : 0.4303	 | 	Valid Accuracy     : 0.8434

Epoch : 39
Train Loss     : 0.1402	 | 	Train Accuracy     : 0.9688
Valid Loss     : 0.4223	 | 	Valid Accuracy     : 0.8510

Epoch : 40
Train Loss     : 0.1248	 | 	Train Accuracy     : 0.9844
Valid Loss     : 0.4189	 | 	Valid Accuracy     : 0.8537

Evaluate on the Test set:
Test loss      :0.5314	 | Test Accuracy      : 0.7831

################## Training is Done! #########################
Training time is : 0:00:26.470248
