=============================================
Dataset: HAR
Mode:    train_linear_1p
=============================================
Data loaded ...
Training started ....

Epoch : 1
Train Loss     : 1.8347	 | 	Train Accuracy     : 0.1875
Valid Loss     : 1.6443	 | 	Valid Accuracy     : 0.4636

Epoch : 2
Train Loss     : 1.2983	 | 	Train Accuracy     : 0.5938
Valid Loss     : 1.3732	 | 	Valid Accuracy     : 0.5817

Epoch : 3
Train Loss     : 1.0234	 | 	Train Accuracy     : 0.7500
Valid Loss     : 1.1670	 | 	Valid Accuracy     : 0.6291

Epoch : 4
Train Loss     : 0.7490	 | 	Train Accuracy     : 0.8281
Valid Loss     : 1.0174	 | 	Valid Accuracy     : 0.6401

Epoch : 5
Train Loss     : 0.7260	 | 	Train Accuracy     : 0.8438
Valid Loss     : 0.8981	 | 	Valid Accuracy     : 0.6745

Epoch : 6
Train Loss     : 0.5215	 | 	Train Accuracy     : 0.9531
Valid Loss     : 0.8245	 | 	Valid Accuracy     : 0.6786

Epoch : 7
Train Loss     : 0.4751	 | 	Train Accuracy     : 0.8906
Valid Loss     : 0.7636	 | 	Valid Accuracy     : 0.6957

Epoch : 8
Train Loss     : 0.4334	 | 	Train Accuracy     : 0.8906
Valid Loss     : 0.7256	 | 	Valid Accuracy     : 0.7081

Epoch : 9
Train Loss     : 0.3765	 | 	Train Accuracy     : 0.9219
Valid Loss     : 0.6768	 | 	Valid Accuracy     : 0.7404

Epoch : 10
Train Loss     : 0.3522	 | 	Train Accuracy     : 0.9688
Valid Loss     : 0.6489	 | 	Valid Accuracy     : 0.7562

Epoch : 11
Train Loss     : 0.2900	 | 	Train Accuracy     : 0.9531
Valid Loss     : 0.6295	 | 	Valid Accuracy     : 0.7679

Epoch : 12
Train Loss     : 0.3633	 | 	Train Accuracy     : 0.9062
Valid Loss     : 0.6235	 | 	Valid Accuracy     : 0.7658

Epoch : 13
Train Loss     : 0.2506	 | 	Train Accuracy     : 0.9688
Valid Loss     : 0.6156	 | 	Valid Accuracy     : 0.7672

Epoch : 14
Train Loss     : 0.3033	 | 	Train Accuracy     : 0.9531
Valid Loss     : 0.6180	 | 	Valid Accuracy     : 0.7685

Epoch : 15
Train Loss     : 0.2817	 | 	Train Accuracy     : 0.9375
Valid Loss     : 0.6098	 | 	Valid Accuracy     : 0.7734

Epoch : 16
Train Loss     : 0.2609	 | 	Train Accuracy     : 0.9531
Valid Loss     : 0.6059	 | 	Valid Accuracy     : 0.7727

Epoch : 17
Train Loss     : 0.3079	 | 	Train Accuracy     : 0.9062
Valid Loss     : 0.6000	 | 	Valid Accuracy     : 0.7727

Epoch : 18
Train Loss     : 0.2619	 | 	Train Accuracy     : 0.9219
Valid Loss     : 0.5917	 | 	Valid Accuracy     : 0.7823

Epoch : 19
Train Loss     : 0.2551	 | 	Train Accuracy     : 0.9219
Valid Loss     : 0.5908	 | 	Valid Accuracy     : 0.7830

Epoch : 20
Train Loss     : 0.2305	 | 	Train Accuracy     : 0.9531
Valid Loss     : 0.5813	 | 	Valid Accuracy     : 0.7843

Epoch : 21
Train Loss     : 0.2772	 | 	Train Accuracy     : 0.9219
Valid Loss     : 0.5739	 | 	Valid Accuracy     : 0.7843

Epoch : 22
Train Loss     : 0.1980	 | 	Train Accuracy     : 0.9531
Valid Loss     : 0.5774	 | 	Valid Accuracy     : 0.7823

Epoch : 23
Train Loss     : 0.2586	 | 	Train Accuracy     : 0.9375
Valid Loss     : 0.5716	 | 	Valid Accuracy     : 0.7823

Epoch : 24
Train Loss     : 0.2405	 | 	Train Accuracy     : 0.9062
Valid Loss     : 0.5929	 | 	Valid Accuracy     : 0.7768

Epoch : 25
Train Loss     : 0.1729	 | 	Train Accuracy     : 0.9531
Valid Loss     : 0.5981	 | 	Valid Accuracy     : 0.7727

Epoch : 26
Train Loss     : 0.2027	 | 	Train Accuracy     : 0.9688
Valid Loss     : 0.5781	 | 	Valid Accuracy     : 0.7782

Epoch : 27
Train Loss     : 0.1819	 | 	Train Accuracy     : 0.9375
Valid Loss     : 0.5550	 | 	Valid Accuracy     : 0.7933

Epoch : 28
Train Loss     : 0.1266	 | 	Train Accuracy     : 0.9688
Valid Loss     : 0.5463	 | 	Valid Accuracy     : 0.8008

Epoch : 29
Train Loss     : 0.1510	 | 	Train Accuracy     : 0.9844
Valid Loss     : 0.5518	 | 	Valid Accuracy     : 0.8022

Epoch : 30
Train Loss     : 0.1500	 | 	Train Accuracy     : 0.9688
Valid Loss     : 0.5610	 | 	Valid Accuracy     : 0.7912

Epoch : 31
Train Loss     : 0.1171	 | 	Train Accuracy     : 0.9844
Valid Loss     : 0.5621	 | 	Valid Accuracy     : 0.7926

Epoch : 32
Train Loss     : 0.2059	 | 	Train Accuracy     : 0.9375
Valid Loss     : 0.5640	 | 	Valid Accuracy     : 0.7974

Epoch : 33
Train Loss     : 0.1615	 | 	Train Accuracy     : 0.9531
Valid Loss     : 0.5702	 | 	Valid Accuracy     : 0.7953

Epoch : 34
Train Loss     : 0.1605	 | 	Train Accuracy     : 0.9531
Valid Loss     : 0.5663	 | 	Valid Accuracy     : 0.7960

Epoch : 35
Train Loss     : 0.1085	 | 	Train Accuracy     : 0.9688
Valid Loss     : 0.5539	 | 	Valid Accuracy     : 0.8008

Epoch : 36
Train Loss     : 0.0848	 | 	Train Accuracy     : 0.9844
Valid Loss     : 0.5511	 | 	Valid Accuracy     : 0.7988

Epoch : 37
Train Loss     : 0.1863	 | 	Train Accuracy     : 0.9375
Valid Loss     : 0.5472	 | 	Valid Accuracy     : 0.8043

Epoch : 38
Train Loss     : 0.1153	 | 	Train Accuracy     : 0.9688
Valid Loss     : 0.5474	 | 	Valid Accuracy     : 0.8029

Epoch : 39
Train Loss     : 0.1522	 | 	Train Accuracy     : 0.9844
Valid Loss     : 0.5522	 | 	Valid Accuracy     : 0.8015

Epoch : 40
Train Loss     : 0.1317	 | 	Train Accuracy     : 0.9375
Valid Loss     : 0.5519	 | 	Valid Accuracy     : 0.7995

Evaluate on the Test set:
Test loss      :0.6836	 | Test Accuracy      : 0.7213

################## Training is Done! #########################
