=============================================
Dataset: HAR
Mode:    train_linear_1p
=============================================
Data loaded ...
Training started ....

Epoch : 1
Train Loss     : 1.8230	 | 	Train Accuracy     : 0.1719
Valid Loss     : 1.6459	 | 	Valid Accuracy     : 0.4451

Epoch : 2
Train Loss     : 1.2746	 | 	Train Accuracy     : 0.6406
Valid Loss     : 1.3732	 | 	Valid Accuracy     : 0.5989

Epoch : 3
Train Loss     : 1.0148	 | 	Train Accuracy     : 0.7500
Valid Loss     : 1.1630	 | 	Valid Accuracy     : 0.6422

Epoch : 4
Train Loss     : 0.7431	 | 	Train Accuracy     : 0.8438
Valid Loss     : 1.0113	 | 	Valid Accuracy     : 0.6511

Epoch : 5
Train Loss     : 0.7166	 | 	Train Accuracy     : 0.7969
Valid Loss     : 0.8917	 | 	Valid Accuracy     : 0.6745

Epoch : 6
Train Loss     : 0.5168	 | 	Train Accuracy     : 0.9375
Valid Loss     : 0.8174	 | 	Valid Accuracy     : 0.6868

Epoch : 7
Train Loss     : 0.4653	 | 	Train Accuracy     : 0.9062
Valid Loss     : 0.7572	 | 	Valid Accuracy     : 0.7019

Epoch : 8
Train Loss     : 0.4211	 | 	Train Accuracy     : 0.8906
Valid Loss     : 0.7211	 | 	Valid Accuracy     : 0.7163

Epoch : 9
Train Loss     : 0.3728	 | 	Train Accuracy     : 0.9375
Valid Loss     : 0.6744	 | 	Valid Accuracy     : 0.7507

Epoch : 10
Train Loss     : 0.3499	 | 	Train Accuracy     : 0.9688
Valid Loss     : 0.6478	 | 	Valid Accuracy     : 0.7644

Epoch : 11
Train Loss     : 0.2838	 | 	Train Accuracy     : 0.9531
Valid Loss     : 0.6297	 | 	Valid Accuracy     : 0.7720

Epoch : 12
Train Loss     : 0.3570	 | 	Train Accuracy     : 0.9375
Valid Loss     : 0.6238	 | 	Valid Accuracy     : 0.7754

Epoch : 13
Train Loss     : 0.2490	 | 	Train Accuracy     : 0.9688
Valid Loss     : 0.6158	 | 	Valid Accuracy     : 0.7734

Epoch : 14
Train Loss     : 0.3066	 | 	Train Accuracy     : 0.9531
Valid Loss     : 0.6191	 | 	Valid Accuracy     : 0.7782

Epoch : 15
Train Loss     : 0.2779	 | 	Train Accuracy     : 0.9531
Valid Loss     : 0.6111	 | 	Valid Accuracy     : 0.7768

Epoch : 16
Train Loss     : 0.2575	 | 	Train Accuracy     : 0.9531
Valid Loss     : 0.6079	 | 	Valid Accuracy     : 0.7747

Epoch : 17
Train Loss     : 0.3016	 | 	Train Accuracy     : 0.9062
Valid Loss     : 0.6024	 | 	Valid Accuracy     : 0.7768

Epoch : 18
Train Loss     : 0.2606	 | 	Train Accuracy     : 0.9219
Valid Loss     : 0.5948	 | 	Valid Accuracy     : 0.7885

Epoch : 19
Train Loss     : 0.2493	 | 	Train Accuracy     : 0.9219
Valid Loss     : 0.5952	 | 	Valid Accuracy     : 0.7878

Epoch : 20
Train Loss     : 0.2303	 | 	Train Accuracy     : 0.9688
Valid Loss     : 0.5854	 | 	Valid Accuracy     : 0.7905

Epoch : 21
Train Loss     : 0.2718	 | 	Train Accuracy     : 0.9219
Valid Loss     : 0.5758	 | 	Valid Accuracy     : 0.7885

Epoch : 22
Train Loss     : 0.1948	 | 	Train Accuracy     : 0.9531
Valid Loss     : 0.5770	 | 	Valid Accuracy     : 0.7891

Epoch : 23
Train Loss     : 0.2567	 | 	Train Accuracy     : 0.9531
Valid Loss     : 0.5706	 | 	Valid Accuracy     : 0.7905

Epoch : 24
Train Loss     : 0.2399	 | 	Train Accuracy     : 0.9062
Valid Loss     : 0.5922	 | 	Valid Accuracy     : 0.7775

Epoch : 25
Train Loss     : 0.1740	 | 	Train Accuracy     : 0.9531
Valid Loss     : 0.5991	 | 	Valid Accuracy     : 0.7740

Epoch : 26
Train Loss     : 0.2024	 | 	Train Accuracy     : 0.9688
Valid Loss     : 0.5817	 | 	Valid Accuracy     : 0.7802

Epoch : 27
Train Loss     : 0.1847	 | 	Train Accuracy     : 0.9375
Valid Loss     : 0.5597	 | 	Valid Accuracy     : 0.7940

Epoch : 28
Train Loss     : 0.1250	 | 	Train Accuracy     : 0.9688
Valid Loss     : 0.5513	 | 	Valid Accuracy     : 0.8036

Epoch : 29
Train Loss     : 0.1520	 | 	Train Accuracy     : 0.9844
Valid Loss     : 0.5575	 | 	Valid Accuracy     : 0.8036

Epoch : 30
Train Loss     : 0.1506	 | 	Train Accuracy     : 0.9688
Valid Loss     : 0.5682	 | 	Valid Accuracy     : 0.7946

Epoch : 31
Train Loss     : 0.1162	 | 	Train Accuracy     : 0.9844
Valid Loss     : 0.5692	 | 	Valid Accuracy     : 0.7960

Epoch : 32
Train Loss     : 0.2031	 | 	Train Accuracy     : 0.9375
Valid Loss     : 0.5706	 | 	Valid Accuracy     : 0.7946

Epoch : 33
Train Loss     : 0.1592	 | 	Train Accuracy     : 0.9531
Valid Loss     : 0.5756	 | 	Valid Accuracy     : 0.7974

Epoch : 34
Train Loss     : 0.1596	 | 	Train Accuracy     : 0.9531
Valid Loss     : 0.5713	 | 	Valid Accuracy     : 0.7967

Epoch : 35
Train Loss     : 0.1091	 | 	Train Accuracy     : 0.9688
Valid Loss     : 0.5600	 | 	Valid Accuracy     : 0.7933

Epoch : 36
Train Loss     : 0.0861	 | 	Train Accuracy     : 0.9844
Valid Loss     : 0.5570	 | 	Valid Accuracy     : 0.7988

Epoch : 37
Train Loss     : 0.1842	 | 	Train Accuracy     : 0.9375
Valid Loss     : 0.5534	 | 	Valid Accuracy     : 0.8001

Epoch : 38
Train Loss     : 0.1132	 | 	Train Accuracy     : 0.9688
Valid Loss     : 0.5549	 | 	Valid Accuracy     : 0.8036

Epoch : 39
Train Loss     : 0.1499	 | 	Train Accuracy     : 0.9844
Valid Loss     : 0.5607	 | 	Valid Accuracy     : 0.8015

Epoch : 40
Train Loss     : 0.1308	 | 	Train Accuracy     : 0.9375
Valid Loss     : 0.5603	 | 	Valid Accuracy     : 0.8029

Evaluate on the Test set:
Test loss      :0.6823	 | Test Accuracy      : 0.7189

################## Training is Done! #########################
