=============================================
Dataset: HAR
Mode:    train_linear_1p
=============================================
Data loaded ...
Training started ....

Epoch : 1
Train Loss     : 1.9039	 | 	Train Accuracy     : 0.1250
Valid Loss     : 1.7213	 | 	Valid Accuracy     : 0.3047

Epoch : 2
Train Loss     : 1.6832	 | 	Train Accuracy     : 0.2812
Valid Loss     : 1.6351	 | 	Valid Accuracy     : 0.4666

Epoch : 3
Train Loss     : 1.4861	 | 	Train Accuracy     : 0.5312
Valid Loss     : 1.5525	 | 	Valid Accuracy     : 0.5611

Epoch : 4
Train Loss     : 1.3098	 | 	Train Accuracy     : 0.7500
Valid Loss     : 1.4727	 | 	Valid Accuracy     : 0.5945

Epoch : 5
Train Loss     : 1.1679	 | 	Train Accuracy     : 0.7812
Valid Loss     : 1.3977	 | 	Valid Accuracy     : 0.5959

Epoch : 6
Train Loss     : 1.0419	 | 	Train Accuracy     : 0.8281
Valid Loss     : 1.3283	 | 	Valid Accuracy     : 0.5987

Epoch : 7
Train Loss     : 0.9194	 | 	Train Accuracy     : 0.8281
Valid Loss     : 1.2653	 | 	Valid Accuracy     : 0.5973

Epoch : 8
Train Loss     : 0.8561	 | 	Train Accuracy     : 0.8281
Valid Loss     : 1.2045	 | 	Valid Accuracy     : 0.6001

Epoch : 9
Train Loss     : 0.7718	 | 	Train Accuracy     : 0.8281
Valid Loss     : 1.1451	 | 	Valid Accuracy     : 0.6037

Epoch : 10
Train Loss     : 0.7006	 | 	Train Accuracy     : 0.8594
Valid Loss     : 1.0875	 | 	Valid Accuracy     : 0.6229

Epoch : 11
Train Loss     : 0.6037	 | 	Train Accuracy     : 0.9062
Valid Loss     : 1.0343	 | 	Valid Accuracy     : 0.6364

Epoch : 12
Train Loss     : 0.5812	 | 	Train Accuracy     : 0.9062
Valid Loss     : 0.9840	 | 	Valid Accuracy     : 0.6442

Epoch : 13
Train Loss     : 0.5234	 | 	Train Accuracy     : 0.9062
Valid Loss     : 0.9365	 | 	Valid Accuracy     : 0.6584

Epoch : 14
Train Loss     : 0.4338	 | 	Train Accuracy     : 0.9531
Valid Loss     : 0.8935	 | 	Valid Accuracy     : 0.6705

Epoch : 15
Train Loss     : 0.4491	 | 	Train Accuracy     : 0.9531
Valid Loss     : 0.8538	 | 	Valid Accuracy     : 0.6790

Epoch : 16
Train Loss     : 0.4046	 | 	Train Accuracy     : 0.9531
Valid Loss     : 0.8184	 | 	Valid Accuracy     : 0.6882

Epoch : 17
Train Loss     : 0.3823	 | 	Train Accuracy     : 0.9531
Valid Loss     : 0.7864	 | 	Valid Accuracy     : 0.6967

Epoch : 18
Train Loss     : 0.3827	 | 	Train Accuracy     : 0.9375
Valid Loss     : 0.7576	 | 	Valid Accuracy     : 0.7102

Epoch : 19
Train Loss     : 0.3065	 | 	Train Accuracy     : 0.9688
Valid Loss     : 0.7303	 | 	Valid Accuracy     : 0.7230

Epoch : 20
Train Loss     : 0.2975	 | 	Train Accuracy     : 0.9844
Valid Loss     : 0.7065	 | 	Valid Accuracy     : 0.7337

Epoch : 21
Train Loss     : 0.2944	 | 	Train Accuracy     : 0.9688
Valid Loss     : 0.6866	 | 	Valid Accuracy     : 0.7521

Epoch : 22
Train Loss     : 0.3035	 | 	Train Accuracy     : 0.9688
Valid Loss     : 0.6713	 | 	Valid Accuracy     : 0.7571

Epoch : 23
Train Loss     : 0.2978	 | 	Train Accuracy     : 0.9688
Valid Loss     : 0.6566	 | 	Valid Accuracy     : 0.7607

Epoch : 24
Train Loss     : 0.2627	 | 	Train Accuracy     : 0.9531
Valid Loss     : 0.6461	 | 	Valid Accuracy     : 0.7649

Epoch : 25
Train Loss     : 0.2605	 | 	Train Accuracy     : 0.9688
Valid Loss     : 0.6358	 | 	Valid Accuracy     : 0.7578

Epoch : 26
Train Loss     : 0.2252	 | 	Train Accuracy     : 0.9844
Valid Loss     : 0.6246	 | 	Valid Accuracy     : 0.7699

Epoch : 27
Train Loss     : 0.2332	 | 	Train Accuracy     : 0.9688
Valid Loss     : 0.6136	 | 	Valid Accuracy     : 0.7727

Epoch : 28
Train Loss     : 0.2004	 | 	Train Accuracy     : 0.9844
Valid Loss     : 0.6036	 | 	Valid Accuracy     : 0.7791

Epoch : 29
Train Loss     : 0.2290	 | 	Train Accuracy     : 0.9531
Valid Loss     : 0.5938	 | 	Valid Accuracy     : 0.7841

Epoch : 30
Train Loss     : 0.2146	 | 	Train Accuracy     : 0.9688
Valid Loss     : 0.5869	 | 	Valid Accuracy     : 0.7884

Epoch : 31
Train Loss     : 0.1777	 | 	Train Accuracy     : 0.9844
Valid Loss     : 0.5800	 | 	Valid Accuracy     : 0.7898

Epoch : 32
Train Loss     : 0.1917	 | 	Train Accuracy     : 0.9688
Valid Loss     : 0.5725	 | 	Valid Accuracy     : 0.7926

Epoch : 33
Train Loss     : 0.1826	 | 	Train Accuracy     : 0.9688
Valid Loss     : 0.5674	 | 	Valid Accuracy     : 0.7940

Epoch : 34
Train Loss     : 0.1776	 | 	Train Accuracy     : 0.9688
Valid Loss     : 0.5636	 | 	Valid Accuracy     : 0.7947

Epoch : 35
Train Loss     : 0.1814	 | 	Train Accuracy     : 0.9688
Valid Loss     : 0.5589	 | 	Valid Accuracy     : 0.7955

Epoch : 36
Train Loss     : 0.1496	 | 	Train Accuracy     : 0.9844
Valid Loss     : 0.5562	 | 	Valid Accuracy     : 0.7976

Epoch : 37
Train Loss     : 0.1702	 | 	Train Accuracy     : 0.9688
Valid Loss     : 0.5548	 | 	Valid Accuracy     : 0.7962

Epoch : 38
Train Loss     : 0.1386	 | 	Train Accuracy     : 0.9844
Valid Loss     : 0.5514	 | 	Valid Accuracy     : 0.7990

Epoch : 39
Train Loss     : 0.1616	 | 	Train Accuracy     : 0.9688
Valid Loss     : 0.5479	 | 	Valid Accuracy     : 0.7997

Epoch : 40
Train Loss     : 0.1379	 | 	Train Accuracy     : 0.9844
Valid Loss     : 0.5429	 | 	Valid Accuracy     : 0.8018

Evaluate on the Test set:
Test loss      :0.7248	 | Test Accuracy      : 0.7064

################## Training is Done! #########################
