=============================================
Dataset: sleep
Mode:    ft_1p
=============================================
Data loaded ...
Training started ....

Epoch : 1
Train Loss     : 1.4993	 | 	Train Accuracy     : 0.4219
Valid Loss     : 1.8396	 | 	Valid Accuracy     : 0.5073

Epoch : 2
Train Loss     : 0.8949	 | 	Train Accuracy     : 0.7617
Valid Loss     : 2.1107	 | 	Valid Accuracy     : 0.5086

Epoch : 3
Train Loss     : 0.5932	 | 	Train Accuracy     : 0.8086
Valid Loss     : 2.2425	 | 	Valid Accuracy     : 0.5134

Epoch : 4
Train Loss     : 0.3677	 | 	Train Accuracy     : 0.8477
Valid Loss     : 2.5093	 | 	Valid Accuracy     : 0.5837

Epoch : 5
Train Loss     : 0.3018	 | 	Train Accuracy     : 0.9180
Valid Loss     : 2.9421	 | 	Valid Accuracy     : 0.3941

Epoch : 6
Train Loss     : 0.2805	 | 	Train Accuracy     : 0.9414
Valid Loss     : 3.2365	 | 	Valid Accuracy     : 0.3480

Epoch : 7
Train Loss     : 0.2158	 | 	Train Accuracy     : 0.9688
Valid Loss     : 3.3235	 | 	Valid Accuracy     : 0.4074

Epoch : 8
Train Loss     : 0.1555	 | 	Train Accuracy     : 0.9805
Valid Loss     : 3.3614	 | 	Valid Accuracy     : 0.4843

Epoch : 9
Train Loss     : 0.1501	 | 	Train Accuracy     : 0.9609
Valid Loss     : 3.4235	 | 	Valid Accuracy     : 0.5415

Epoch : 10
Train Loss     : 0.1338	 | 	Train Accuracy     : 0.9648
Valid Loss     : 3.5351	 | 	Valid Accuracy     : 0.5456

Epoch : 11
Train Loss     : 0.1204	 | 	Train Accuracy     : 0.9766
Valid Loss     : 3.6819	 | 	Valid Accuracy     : 0.5207

Epoch : 12
Train Loss     : 0.0926	 | 	Train Accuracy     : 0.9805
Valid Loss     : 3.8666	 | 	Valid Accuracy     : 0.4886

Epoch : 13
Train Loss     : 0.0737	 | 	Train Accuracy     : 0.9922
Valid Loss     : 3.9635	 | 	Valid Accuracy     : 0.4892

Epoch : 14
Train Loss     : 0.0842	 | 	Train Accuracy     : 0.9922
Valid Loss     : 4.0635	 | 	Valid Accuracy     : 0.4919

Epoch : 15
Train Loss     : 0.0722	 | 	Train Accuracy     : 0.9922
Valid Loss     : 4.1614	 | 	Valid Accuracy     : 0.4933

Epoch : 16
Train Loss     : 0.0707	 | 	Train Accuracy     : 0.9922
Valid Loss     : 4.2497	 | 	Valid Accuracy     : 0.4932

Epoch : 17
Train Loss     : 0.0715	 | 	Train Accuracy     : 0.9922
Valid Loss     : 4.3264	 | 	Valid Accuracy     : 0.4947

Epoch : 18
Train Loss     : 0.0748	 | 	Train Accuracy     : 0.9922
Valid Loss     : 4.4021	 | 	Valid Accuracy     : 0.4945

Epoch : 19
Train Loss     : 0.0684	 | 	Train Accuracy     : 0.9883
Valid Loss     : 4.4614	 | 	Valid Accuracy     : 0.4923

Epoch : 20
Train Loss     : 0.0697	 | 	Train Accuracy     : 0.9961
Valid Loss     : 4.5172	 | 	Valid Accuracy     : 0.4913

Epoch : 21
Train Loss     : 0.0843	 | 	Train Accuracy     : 0.9844
Valid Loss     : 4.5631	 | 	Valid Accuracy     : 0.4892

Epoch : 22
Train Loss     : 0.0729	 | 	Train Accuracy     : 0.9961
Valid Loss     : 4.5999	 | 	Valid Accuracy     : 0.4852

Epoch : 23
Train Loss     : 0.0629	 | 	Train Accuracy     : 0.9922
Valid Loss     : 4.6283	 | 	Valid Accuracy     : 0.4845

Epoch : 24
Train Loss     : 0.0656	 | 	Train Accuracy     : 0.9883
Valid Loss     : 4.6544	 | 	Valid Accuracy     : 0.4845

Epoch : 25
Train Loss     : 0.0612	 | 	Train Accuracy     : 0.9961
Valid Loss     : 4.6714	 | 	Valid Accuracy     : 0.4841

Epoch : 26
Train Loss     : 0.0635	 | 	Train Accuracy     : 0.9922
Valid Loss     : 4.6853	 | 	Valid Accuracy     : 0.4844

Epoch : 27
Train Loss     : 0.0631	 | 	Train Accuracy     : 0.9922
Valid Loss     : 4.6988	 | 	Valid Accuracy     : 0.4852

Epoch : 28
Train Loss     : 0.0669	 | 	Train Accuracy     : 0.9922
Valid Loss     : 4.7140	 | 	Valid Accuracy     : 0.4859

Epoch : 29
Train Loss     : 0.0643	 | 	Train Accuracy     : 0.9961
Valid Loss     : 4.7186	 | 	Valid Accuracy     : 0.4852

Epoch : 30
Train Loss     : 0.0662	 | 	Train Accuracy     : 0.9961
Valid Loss     : 4.7291	 | 	Valid Accuracy     : 0.4857

Epoch : 31
Train Loss     : 0.0633	 | 	Train Accuracy     : 0.9961
Valid Loss     : 4.7358	 | 	Valid Accuracy     : 0.4866

Epoch : 32
Train Loss     : 0.0698	 | 	Train Accuracy     : 0.9922
Valid Loss     : 4.7383	 | 	Valid Accuracy     : 0.4885

Epoch : 33
Train Loss     : 0.0651	 | 	Train Accuracy     : 0.9961
Valid Loss     : 4.7369	 | 	Valid Accuracy     : 0.4888

Epoch : 34
Train Loss     : 0.0626	 | 	Train Accuracy     : 0.9961
Valid Loss     : 4.7502	 | 	Valid Accuracy     : 0.4880

Epoch : 35
Train Loss     : 0.0686	 | 	Train Accuracy     : 0.9883
Valid Loss     : 4.7528	 | 	Valid Accuracy     : 0.4886

Epoch : 36
Train Loss     : 0.0614	 | 	Train Accuracy     : 0.9961
Valid Loss     : 4.7534	 | 	Valid Accuracy     : 0.4895

Epoch : 37
Train Loss     : 0.0666	 | 	Train Accuracy     : 0.9961
Valid Loss     : 4.7623	 | 	Valid Accuracy     : 0.4897

Epoch : 38
Train Loss     : 0.0618	 | 	Train Accuracy     : 0.9961
Valid Loss     : 4.7672	 | 	Valid Accuracy     : 0.4905

Epoch : 39
Train Loss     : 0.0625	 | 	Train Accuracy     : 0.9922
Valid Loss     : 4.7683	 | 	Valid Accuracy     : 0.4900

Epoch : 40
Train Loss     : 0.0661	 | 	Train Accuracy     : 0.9961
Valid Loss     : 4.7556	 | 	Valid Accuracy     : 0.4906

Evaluate on the Test set:
Test loss      :1.0901	 | Test Accuracy      : 0.5586

################## Training is Done! #########################
Training time is : 0:00:19.945478
