=============================================
Dataset: HAR
Mode:    train_linear_1p
=============================================
Data loaded ...
Training started ....

Epoch : 1
Train Loss     : 1.7241	 | 	Train Accuracy     : 0.1719
Valid Loss     : 1.5179	 | 	Valid Accuracy     : 0.4890

Epoch : 2
Train Loss     : 1.2035	 | 	Train Accuracy     : 0.6406
Valid Loss     : 1.3021	 | 	Valid Accuracy     : 0.5968

Epoch : 3
Train Loss     : 0.8767	 | 	Train Accuracy     : 0.7500
Valid Loss     : 1.1380	 | 	Valid Accuracy     : 0.6291

Epoch : 4
Train Loss     : 0.7457	 | 	Train Accuracy     : 0.7969
Valid Loss     : 0.9912	 | 	Valid Accuracy     : 0.6367

Epoch : 5
Train Loss     : 0.5842	 | 	Train Accuracy     : 0.8750
Valid Loss     : 0.8624	 | 	Valid Accuracy     : 0.6545

Epoch : 6
Train Loss     : 0.5529	 | 	Train Accuracy     : 0.8594
Valid Loss     : 0.7810	 | 	Valid Accuracy     : 0.6786

Epoch : 7
Train Loss     : 0.4920	 | 	Train Accuracy     : 0.9062
Valid Loss     : 0.7188	 | 	Valid Accuracy     : 0.7088

Epoch : 8
Train Loss     : 0.4182	 | 	Train Accuracy     : 0.9219
Valid Loss     : 0.6714	 | 	Valid Accuracy     : 0.7466

Epoch : 9
Train Loss     : 0.3497	 | 	Train Accuracy     : 0.9531
Valid Loss     : 0.6528	 | 	Valid Accuracy     : 0.7486

Epoch : 10
Train Loss     : 0.3973	 | 	Train Accuracy     : 0.8750
Valid Loss     : 0.6444	 | 	Valid Accuracy     : 0.7486

Epoch : 11
Train Loss     : 0.3964	 | 	Train Accuracy     : 0.8906
Valid Loss     : 0.6271	 | 	Valid Accuracy     : 0.7630

Epoch : 12
Train Loss     : 0.3189	 | 	Train Accuracy     : 0.9062
Valid Loss     : 0.6089	 | 	Valid Accuracy     : 0.7713

Epoch : 13
Train Loss     : 0.3201	 | 	Train Accuracy     : 0.9219
Valid Loss     : 0.5998	 | 	Valid Accuracy     : 0.7795

Epoch : 14
Train Loss     : 0.2374	 | 	Train Accuracy     : 0.9688
Valid Loss     : 0.5900	 | 	Valid Accuracy     : 0.7823

Epoch : 15
Train Loss     : 0.2750	 | 	Train Accuracy     : 0.9531
Valid Loss     : 0.5953	 | 	Valid Accuracy     : 0.7720

Epoch : 16
Train Loss     : 0.2625	 | 	Train Accuracy     : 0.9375
Valid Loss     : 0.5853	 | 	Valid Accuracy     : 0.7782

Epoch : 17
Train Loss     : 0.2690	 | 	Train Accuracy     : 0.9531
Valid Loss     : 0.5898	 | 	Valid Accuracy     : 0.7740

Epoch : 18
Train Loss     : 0.2259	 | 	Train Accuracy     : 0.9531
Valid Loss     : 0.5860	 | 	Valid Accuracy     : 0.7740

Epoch : 19
Train Loss     : 0.2589	 | 	Train Accuracy     : 0.9219
Valid Loss     : 0.5810	 | 	Valid Accuracy     : 0.7747

Epoch : 20
Train Loss     : 0.2413	 | 	Train Accuracy     : 0.9219
Valid Loss     : 0.5671	 | 	Valid Accuracy     : 0.7919

Epoch : 21
Train Loss     : 0.2080	 | 	Train Accuracy     : 0.9688
Valid Loss     : 0.5554	 | 	Valid Accuracy     : 0.8036

Epoch : 22
Train Loss     : 0.1881	 | 	Train Accuracy     : 0.9688
Valid Loss     : 0.5550	 | 	Valid Accuracy     : 0.7946

Epoch : 23
Train Loss     : 0.2933	 | 	Train Accuracy     : 0.8594
Valid Loss     : 0.5607	 | 	Valid Accuracy     : 0.7919

Epoch : 24
Train Loss     : 0.1834	 | 	Train Accuracy     : 0.9688
Valid Loss     : 0.5802	 | 	Valid Accuracy     : 0.7782

Epoch : 25
Train Loss     : 0.1459	 | 	Train Accuracy     : 0.9531
Valid Loss     : 0.5901	 | 	Valid Accuracy     : 0.7775

Epoch : 26
Train Loss     : 0.2086	 | 	Train Accuracy     : 0.9531
Valid Loss     : 0.5883	 | 	Valid Accuracy     : 0.7809

Epoch : 27
Train Loss     : 0.3037	 | 	Train Accuracy     : 0.9219
Valid Loss     : 0.5827	 | 	Valid Accuracy     : 0.7891

Epoch : 28
Train Loss     : 0.2695	 | 	Train Accuracy     : 0.9062
Valid Loss     : 0.5518	 | 	Valid Accuracy     : 0.7988

Epoch : 29
Train Loss     : 0.1793	 | 	Train Accuracy     : 0.9688
Valid Loss     : 0.5387	 | 	Valid Accuracy     : 0.8056

Epoch : 30
Train Loss     : 0.1626	 | 	Train Accuracy     : 0.9688
Valid Loss     : 0.5364	 | 	Valid Accuracy     : 0.8077

Epoch : 31
Train Loss     : 0.1706	 | 	Train Accuracy     : 0.9688
Valid Loss     : 0.5473	 | 	Valid Accuracy     : 0.7981

Epoch : 32
Train Loss     : 0.1461	 | 	Train Accuracy     : 0.9844
Valid Loss     : 0.5709	 | 	Valid Accuracy     : 0.7898

Epoch : 33
Train Loss     : 0.1630	 | 	Train Accuracy     : 0.9844
Valid Loss     : 0.5869	 | 	Valid Accuracy     : 0.7857

Epoch : 34
Train Loss     : 0.1208	 | 	Train Accuracy     : 0.9844
Valid Loss     : 0.6046	 | 	Valid Accuracy     : 0.7802

Epoch : 35
Train Loss     : 0.1306	 | 	Train Accuracy     : 0.9375
Valid Loss     : 0.6132	 | 	Valid Accuracy     : 0.7775

Epoch : 36
Train Loss     : 0.1633	 | 	Train Accuracy     : 0.9531
Valid Loss     : 0.6119	 | 	Valid Accuracy     : 0.7782

Epoch : 37
Train Loss     : 0.1899	 | 	Train Accuracy     : 0.9531
Valid Loss     : 0.6145	 | 	Valid Accuracy     : 0.7795

Epoch : 38
Train Loss     : 0.2141	 | 	Train Accuracy     : 0.9062
Valid Loss     : 0.5948	 | 	Valid Accuracy     : 0.7850

Epoch : 39
Train Loss     : 0.1375	 | 	Train Accuracy     : 0.9531
Valid Loss     : 0.5774	 | 	Valid Accuracy     : 0.7885

Epoch : 40
Train Loss     : 0.1343	 | 	Train Accuracy     : 0.9844
Valid Loss     : 0.5683	 | 	Valid Accuracy     : 0.7898

Evaluate on the Test set:
Test loss      :0.6876	 | Test Accuracy      : 0.7213

################## Training is Done! #########################
Training time is : 0:00:11.265460
