=============================================
Dataset: HAR
Mode:    train_linear_1p
=============================================
Data loaded ...
Training started ....
AMP (Automatic Mixed Precision) enabled

Epoch : 1
Train Loss     : 1.7432	 | 	Train Accuracy     : 0.2969
Valid Loss     : 1.5120	 | 	Valid Accuracy     : 0.4904

Epoch : 2
Train Loss     : 1.2171	 | 	Train Accuracy     : 0.6719
Valid Loss     : 1.2931	 | 	Valid Accuracy     : 0.5666

Epoch : 3
Train Loss     : 0.8863	 | 	Train Accuracy     : 0.7656
Valid Loss     : 1.0904	 | 	Valid Accuracy     : 0.6181

Epoch : 4
Train Loss     : 0.7088	 | 	Train Accuracy     : 0.8281
Valid Loss     : 0.9234	 | 	Valid Accuracy     : 0.6484

Epoch : 5
Train Loss     : 0.6240	 | 	Train Accuracy     : 0.7812
Valid Loss     : 0.8161	 | 	Valid Accuracy     : 0.6525

Epoch : 6
Train Loss     : 0.4434	 | 	Train Accuracy     : 0.9062
Valid Loss     : 0.7530	 | 	Valid Accuracy     : 0.6793

Epoch : 7
Train Loss     : 0.4394	 | 	Train Accuracy     : 0.8594
Valid Loss     : 0.6954	 | 	Valid Accuracy     : 0.7266

Epoch : 8
Train Loss     : 0.4584	 | 	Train Accuracy     : 0.8906
Valid Loss     : 0.6686	 | 	Valid Accuracy     : 0.7514

Epoch : 9
Train Loss     : 0.3472	 | 	Train Accuracy     : 0.9531
Valid Loss     : 0.6448	 | 	Valid Accuracy     : 0.7589

Epoch : 10
Train Loss     : 0.3550	 | 	Train Accuracy     : 0.8594
Valid Loss     : 0.6207	 | 	Valid Accuracy     : 0.7706

Epoch : 11
Train Loss     : 0.3207	 | 	Train Accuracy     : 0.9375
Valid Loss     : 0.6067	 | 	Valid Accuracy     : 0.7734

Epoch : 12
Train Loss     : 0.2714	 | 	Train Accuracy     : 0.9688
Valid Loss     : 0.6016	 | 	Valid Accuracy     : 0.7795

Epoch : 13
Train Loss     : 0.2792	 | 	Train Accuracy     : 0.9062
Valid Loss     : 0.5892	 | 	Valid Accuracy     : 0.7830

Epoch : 14
Train Loss     : 0.2455	 | 	Train Accuracy     : 0.9375
Valid Loss     : 0.5898	 | 	Valid Accuracy     : 0.7871

Epoch : 15
Train Loss     : 0.2252	 | 	Train Accuracy     : 0.9531
Valid Loss     : 0.5935	 | 	Valid Accuracy     : 0.7946

Epoch : 16
Train Loss     : 0.2681	 | 	Train Accuracy     : 0.9219
Valid Loss     : 0.5780	 | 	Valid Accuracy     : 0.7940

Epoch : 17
Train Loss     : 0.2448	 | 	Train Accuracy     : 0.9531
Valid Loss     : 0.5665	 | 	Valid Accuracy     : 0.7960

Epoch : 18
Train Loss     : 0.2721	 | 	Train Accuracy     : 0.9375
Valid Loss     : 0.5723	 | 	Valid Accuracy     : 0.7871

Epoch : 19
Train Loss     : 0.2023	 | 	Train Accuracy     : 0.9531
Valid Loss     : 0.5864	 | 	Valid Accuracy     : 0.7720

Epoch : 20
Train Loss     : 0.2040	 | 	Train Accuracy     : 0.9531
Valid Loss     : 0.5881	 | 	Valid Accuracy     : 0.7768

Epoch : 21
Train Loss     : 0.2391	 | 	Train Accuracy     : 0.9375
Valid Loss     : 0.5826	 | 	Valid Accuracy     : 0.7830

Epoch : 22
Train Loss     : 0.1839	 | 	Train Accuracy     : 0.9531
Valid Loss     : 0.5737	 | 	Valid Accuracy     : 0.7830

Epoch : 23
Train Loss     : 0.1703	 | 	Train Accuracy     : 0.9844
Valid Loss     : 0.5652	 | 	Valid Accuracy     : 0.7857

Epoch : 24
Train Loss     : 0.2421	 | 	Train Accuracy     : 0.9375
Valid Loss     : 0.5676	 | 	Valid Accuracy     : 0.7857

Epoch : 25
Train Loss     : 0.2846	 | 	Train Accuracy     : 0.9219
Valid Loss     : 0.5519	 | 	Valid Accuracy     : 0.7988

Epoch : 26
Train Loss     : 0.2091	 | 	Train Accuracy     : 0.9375
Valid Loss     : 0.5335	 | 	Valid Accuracy     : 0.8022

Epoch : 27
Train Loss     : 0.1624	 | 	Train Accuracy     : 0.9844
Valid Loss     : 0.5387	 | 	Valid Accuracy     : 0.7960

Epoch : 28
Train Loss     : 0.1868	 | 	Train Accuracy     : 0.9844
Valid Loss     : 0.5418	 | 	Valid Accuracy     : 0.7995

Epoch : 29
Train Loss     : 0.1519	 | 	Train Accuracy     : 0.9688
Valid Loss     : 0.5532	 | 	Valid Accuracy     : 0.8015

Epoch : 30
Train Loss     : 0.1070	 | 	Train Accuracy     : 1.0000
Valid Loss     : 0.5684	 | 	Valid Accuracy     : 0.7919

Epoch : 31
Train Loss     : 0.1492	 | 	Train Accuracy     : 1.0000
Valid Loss     : 0.5814	 | 	Valid Accuracy     : 0.7837

Epoch : 32
Train Loss     : 0.1727	 | 	Train Accuracy     : 0.9375
Valid Loss     : 0.5716	 | 	Valid Accuracy     : 0.7912

Epoch : 33
Train Loss     : 0.1479	 | 	Train Accuracy     : 0.9531
Valid Loss     : 0.5607	 | 	Valid Accuracy     : 0.8008

Epoch : 34
Train Loss     : 0.1854	 | 	Train Accuracy     : 0.9375
Valid Loss     : 0.5489	 | 	Valid Accuracy     : 0.8063

Epoch : 35
Train Loss     : 0.2364	 | 	Train Accuracy     : 0.9062
Valid Loss     : 0.5379	 | 	Valid Accuracy     : 0.8125

Epoch : 36
Train Loss     : 0.1150	 | 	Train Accuracy     : 0.9844
Valid Loss     : 0.5364	 | 	Valid Accuracy     : 0.8077

Epoch : 37
Train Loss     : 0.1736	 | 	Train Accuracy     : 0.9375
Valid Loss     : 0.5423	 | 	Valid Accuracy     : 0.8036

Epoch : 38
Train Loss     : 0.1998	 | 	Train Accuracy     : 0.9062
Valid Loss     : 0.5504	 | 	Valid Accuracy     : 0.7995

Epoch : 39
Train Loss     : 0.1249	 | 	Train Accuracy     : 0.9688
Valid Loss     : 0.5503	 | 	Valid Accuracy     : 0.8008

Epoch : 40
Train Loss     : 0.1438	 | 	Train Accuracy     : 0.9531
Valid Loss     : 0.5555	 | 	Valid Accuracy     : 0.7981

Evaluate on the Test set:
Test loss      :0.6865	 | Test Accuracy      : 0.7176

################## Training is Done! #########################
Training time is : 0:00:15.404723
