=============================================
Dataset: HAR
Mode:    train_linear_1p
=============================================
Data loaded ...
Training started ....

Epoch : 1
Train Loss     : 1.6797	 | 	Train Accuracy     : 0.2500
Valid Loss     : 1.5163	 | 	Valid Accuracy     : 0.4677

Epoch : 2
Train Loss     : 1.1637	 | 	Train Accuracy     : 0.6094
Valid Loss     : 1.3030	 | 	Valid Accuracy     : 0.5721

Epoch : 3
Train Loss     : 0.8558	 | 	Train Accuracy     : 0.7812
Valid Loss     : 1.1392	 | 	Valid Accuracy     : 0.6195

Epoch : 4
Train Loss     : 0.7274	 | 	Train Accuracy     : 0.8125
Valid Loss     : 0.9905	 | 	Valid Accuracy     : 0.6353

Epoch : 5
Train Loss     : 0.5660	 | 	Train Accuracy     : 0.8906
Valid Loss     : 0.8603	 | 	Valid Accuracy     : 0.6532

Epoch : 6
Train Loss     : 0.5458	 | 	Train Accuracy     : 0.8750
Valid Loss     : 0.7776	 | 	Valid Accuracy     : 0.6834

Epoch : 7
Train Loss     : 0.4820	 | 	Train Accuracy     : 0.8906
Valid Loss     : 0.7154	 | 	Valid Accuracy     : 0.7109

Epoch : 8
Train Loss     : 0.4120	 | 	Train Accuracy     : 0.9219
Valid Loss     : 0.6693	 | 	Valid Accuracy     : 0.7500

Epoch : 9
Train Loss     : 0.3343	 | 	Train Accuracy     : 0.9531
Valid Loss     : 0.6511	 | 	Valid Accuracy     : 0.7466

Epoch : 10
Train Loss     : 0.3933	 | 	Train Accuracy     : 0.8750
Valid Loss     : 0.6434	 | 	Valid Accuracy     : 0.7466

Epoch : 11
Train Loss     : 0.3871	 | 	Train Accuracy     : 0.9062
Valid Loss     : 0.6270	 | 	Valid Accuracy     : 0.7589

Epoch : 12
Train Loss     : 0.3144	 | 	Train Accuracy     : 0.9219
Valid Loss     : 0.6094	 | 	Valid Accuracy     : 0.7740

Epoch : 13
Train Loss     : 0.3147	 | 	Train Accuracy     : 0.9375
Valid Loss     : 0.5989	 | 	Valid Accuracy     : 0.7775

Epoch : 14
Train Loss     : 0.2332	 | 	Train Accuracy     : 0.9688
Valid Loss     : 0.5887	 | 	Valid Accuracy     : 0.7823

Epoch : 15
Train Loss     : 0.2689	 | 	Train Accuracy     : 0.9531
Valid Loss     : 0.5938	 | 	Valid Accuracy     : 0.7754

Epoch : 16
Train Loss     : 0.2595	 | 	Train Accuracy     : 0.9375
Valid Loss     : 0.5841	 | 	Valid Accuracy     : 0.7816

Epoch : 17
Train Loss     : 0.2619	 | 	Train Accuracy     : 0.9688
Valid Loss     : 0.5882	 | 	Valid Accuracy     : 0.7775

Epoch : 18
Train Loss     : 0.2188	 | 	Train Accuracy     : 0.9531
Valid Loss     : 0.5852	 | 	Valid Accuracy     : 0.7754

Epoch : 19
Train Loss     : 0.2526	 | 	Train Accuracy     : 0.9375
Valid Loss     : 0.5794	 | 	Valid Accuracy     : 0.7802

Epoch : 20
Train Loss     : 0.2408	 | 	Train Accuracy     : 0.9219
Valid Loss     : 0.5645	 | 	Valid Accuracy     : 0.7953

Epoch : 21
Train Loss     : 0.2087	 | 	Train Accuracy     : 0.9531
Valid Loss     : 0.5527	 | 	Valid Accuracy     : 0.8063

Epoch : 22
Train Loss     : 0.1828	 | 	Train Accuracy     : 0.9688
Valid Loss     : 0.5532	 | 	Valid Accuracy     : 0.7988

Epoch : 23
Train Loss     : 0.2863	 | 	Train Accuracy     : 0.8750
Valid Loss     : 0.5588	 | 	Valid Accuracy     : 0.7967

Epoch : 24
Train Loss     : 0.1791	 | 	Train Accuracy     : 0.9531
Valid Loss     : 0.5773	 | 	Valid Accuracy     : 0.7775

Epoch : 25
Train Loss     : 0.1439	 | 	Train Accuracy     : 0.9531
Valid Loss     : 0.5862	 | 	Valid Accuracy     : 0.7782

Epoch : 26
Train Loss     : 0.2072	 | 	Train Accuracy     : 0.9531
Valid Loss     : 0.5846	 | 	Valid Accuracy     : 0.7823

Epoch : 27
Train Loss     : 0.3000	 | 	Train Accuracy     : 0.9219
Valid Loss     : 0.5795	 | 	Valid Accuracy     : 0.7960

Epoch : 28
Train Loss     : 0.2672	 | 	Train Accuracy     : 0.9062
Valid Loss     : 0.5481	 | 	Valid Accuracy     : 0.8036

Epoch : 29
Train Loss     : 0.1779	 | 	Train Accuracy     : 0.9688
Valid Loss     : 0.5349	 | 	Valid Accuracy     : 0.8125

Epoch : 30
Train Loss     : 0.1599	 | 	Train Accuracy     : 0.9688
Valid Loss     : 0.5328	 | 	Valid Accuracy     : 0.8139

Epoch : 31
Train Loss     : 0.1702	 | 	Train Accuracy     : 0.9688
Valid Loss     : 0.5464	 | 	Valid Accuracy     : 0.8049

Epoch : 32
Train Loss     : 0.1410	 | 	Train Accuracy     : 0.9844
Valid Loss     : 0.5732	 | 	Valid Accuracy     : 0.7926

Epoch : 33
Train Loss     : 0.1611	 | 	Train Accuracy     : 0.9844
Valid Loss     : 0.5894	 | 	Valid Accuracy     : 0.7919

Epoch : 34
Train Loss     : 0.1190	 | 	Train Accuracy     : 0.9844
Valid Loss     : 0.6060	 | 	Valid Accuracy     : 0.7788

Epoch : 35
Train Loss     : 0.1276	 | 	Train Accuracy     : 0.9375
Valid Loss     : 0.6115	 | 	Valid Accuracy     : 0.7816

Epoch : 36
Train Loss     : 0.1607	 | 	Train Accuracy     : 0.9531
Valid Loss     : 0.6074	 | 	Valid Accuracy     : 0.7843

Epoch : 37
Train Loss     : 0.1880	 | 	Train Accuracy     : 0.9531
Valid Loss     : 0.6069	 | 	Valid Accuracy     : 0.7802

Epoch : 38
Train Loss     : 0.2169	 | 	Train Accuracy     : 0.9062
Valid Loss     : 0.5868	 | 	Valid Accuracy     : 0.7885

Epoch : 39
Train Loss     : 0.1374	 | 	Train Accuracy     : 0.9531
Valid Loss     : 0.5713	 | 	Valid Accuracy     : 0.7926

Epoch : 40
Train Loss     : 0.1340	 | 	Train Accuracy     : 0.9844
Valid Loss     : 0.5636	 | 	Valid Accuracy     : 0.7981

Evaluate on the Test set:
Test loss      :0.6863	 | Test Accuracy      : 0.7220

################## Training is Done! #########################
Training time is : 0:00:25.639844
