=============================================
Dataset: HAR
Mode:    train_linear_1p
=============================================
Data loaded ...
Training started ....

Epoch : 1
Train Loss     : 1.8323	 | 	Train Accuracy     : 0.2500
Valid Loss     : 1.5959	 | 	Valid Accuracy     : 0.3990

Epoch : 2
Train Loss     : 1.2116	 | 	Train Accuracy     : 0.6406
Valid Loss     : 1.3537	 | 	Valid Accuracy     : 0.5096

Epoch : 3
Train Loss     : 0.9753	 | 	Train Accuracy     : 0.7031
Valid Loss     : 1.1857	 | 	Valid Accuracy     : 0.5598

Epoch : 4
Train Loss     : 0.7984	 | 	Train Accuracy     : 0.7188
Valid Loss     : 1.0181	 | 	Valid Accuracy     : 0.5872

Epoch : 5
Train Loss     : 0.6095	 | 	Train Accuracy     : 0.8125
Valid Loss     : 0.8797	 | 	Valid Accuracy     : 0.6724

Epoch : 6
Train Loss     : 0.5650	 | 	Train Accuracy     : 0.8750
Valid Loss     : 0.7686	 | 	Valid Accuracy     : 0.7280

Epoch : 7
Train Loss     : 0.5018	 | 	Train Accuracy     : 0.8750
Valid Loss     : 0.7103	 | 	Valid Accuracy     : 0.7534

Epoch : 8
Train Loss     : 0.4159	 | 	Train Accuracy     : 0.9844
Valid Loss     : 0.6753	 | 	Valid Accuracy     : 0.7617

Epoch : 9
Train Loss     : 0.3792	 | 	Train Accuracy     : 0.9531
Valid Loss     : 0.6519	 | 	Valid Accuracy     : 0.7582

Epoch : 10
Train Loss     : 0.3848	 | 	Train Accuracy     : 0.9531
Valid Loss     : 0.6290	 | 	Valid Accuracy     : 0.7617

Epoch : 11
Train Loss     : 0.4115	 | 	Train Accuracy     : 0.8750
Valid Loss     : 0.6102	 | 	Valid Accuracy     : 0.7651

Epoch : 12
Train Loss     : 0.3691	 | 	Train Accuracy     : 0.8906
Valid Loss     : 0.5823	 | 	Valid Accuracy     : 0.7871

Epoch : 13
Train Loss     : 0.3126	 | 	Train Accuracy     : 0.9375
Valid Loss     : 0.5723	 | 	Valid Accuracy     : 0.7919

Epoch : 14
Train Loss     : 0.3468	 | 	Train Accuracy     : 0.9062
Valid Loss     : 0.5770	 | 	Valid Accuracy     : 0.7830

Epoch : 15
Train Loss     : 0.2613	 | 	Train Accuracy     : 0.9688
Valid Loss     : 0.5860	 | 	Valid Accuracy     : 0.7788

Epoch : 16
Train Loss     : 0.2672	 | 	Train Accuracy     : 0.9375
Valid Loss     : 0.5932	 | 	Valid Accuracy     : 0.7754

Epoch : 17
Train Loss     : 0.2031	 | 	Train Accuracy     : 0.9531
Valid Loss     : 0.5853	 | 	Valid Accuracy     : 0.7843

Epoch : 18
Train Loss     : 0.2858	 | 	Train Accuracy     : 0.9375
Valid Loss     : 0.5889	 | 	Valid Accuracy     : 0.7816

Epoch : 19
Train Loss     : 0.2142	 | 	Train Accuracy     : 0.9531
Valid Loss     : 0.5817	 | 	Valid Accuracy     : 0.7823

Epoch : 20
Train Loss     : 0.2041	 | 	Train Accuracy     : 0.9531
Valid Loss     : 0.5876	 | 	Valid Accuracy     : 0.7802

Epoch : 21
Train Loss     : 0.2208	 | 	Train Accuracy     : 0.9688
Valid Loss     : 0.5846	 | 	Valid Accuracy     : 0.7775

Epoch : 22
Train Loss     : 0.1974	 | 	Train Accuracy     : 0.9688
Valid Loss     : 0.5595	 | 	Valid Accuracy     : 0.7926

Epoch : 23
Train Loss     : 0.1903	 | 	Train Accuracy     : 0.9531
Valid Loss     : 0.5491	 | 	Valid Accuracy     : 0.7974

Epoch : 24
Train Loss     : 0.2051	 | 	Train Accuracy     : 0.9531
Valid Loss     : 0.5503	 | 	Valid Accuracy     : 0.7953

Epoch : 25
Train Loss     : 0.1709	 | 	Train Accuracy     : 0.9531
Valid Loss     : 0.5533	 | 	Valid Accuracy     : 0.7946

Epoch : 26
Train Loss     : 0.2198	 | 	Train Accuracy     : 0.9219
Valid Loss     : 0.5577	 | 	Valid Accuracy     : 0.7974

Epoch : 27
Train Loss     : 0.2307	 | 	Train Accuracy     : 0.9531
Valid Loss     : 0.5724	 | 	Valid Accuracy     : 0.7953

Epoch : 28
Train Loss     : 0.2539	 | 	Train Accuracy     : 0.9062
Valid Loss     : 0.5623	 | 	Valid Accuracy     : 0.8056

Epoch : 29
Train Loss     : 0.2092	 | 	Train Accuracy     : 0.9219
Valid Loss     : 0.5566	 | 	Valid Accuracy     : 0.8063

Epoch : 30
Train Loss     : 0.1414	 | 	Train Accuracy     : 0.9531
Valid Loss     : 0.5485	 | 	Valid Accuracy     : 0.8070

Epoch : 31
Train Loss     : 0.1565	 | 	Train Accuracy     : 0.9531
Valid Loss     : 0.5468	 | 	Valid Accuracy     : 0.8084

Epoch : 32
Train Loss     : 0.2934	 | 	Train Accuracy     : 0.8594
Valid Loss     : 0.5740	 | 	Valid Accuracy     : 0.7953

Epoch : 33
Train Loss     : 0.1457	 | 	Train Accuracy     : 0.9688
Valid Loss     : 0.6088	 | 	Valid Accuracy     : 0.7802

Epoch : 34
Train Loss     : 0.1813	 | 	Train Accuracy     : 0.9375
Valid Loss     : 0.6260	 | 	Valid Accuracy     : 0.7679

Epoch : 35
Train Loss     : 0.1471	 | 	Train Accuracy     : 0.9844
Valid Loss     : 0.6276	 | 	Valid Accuracy     : 0.7706

Epoch : 36
Train Loss     : 0.1419	 | 	Train Accuracy     : 0.9531
Valid Loss     : 0.6076	 | 	Valid Accuracy     : 0.7857

Epoch : 37
Train Loss     : 0.1202	 | 	Train Accuracy     : 0.9844
Valid Loss     : 0.6038	 | 	Valid Accuracy     : 0.7843

Epoch : 38
Train Loss     : 0.1051	 | 	Train Accuracy     : 0.9844
Valid Loss     : 0.5975	 | 	Valid Accuracy     : 0.7871

Epoch : 39
Train Loss     : 0.1525	 | 	Train Accuracy     : 0.9219
Valid Loss     : 0.5805	 | 	Valid Accuracy     : 0.7988

Epoch : 40
Train Loss     : 0.2035	 | 	Train Accuracy     : 0.9375
Valid Loss     : 0.5784	 | 	Valid Accuracy     : 0.8036

Evaluate on the Test set:
Test loss      :0.7131	 | Test Accuracy      : 0.7243

################## Training is Done! #########################
Training time is : 0:00:24.958645
