=============================================
Dataset: HAR
Mode:    train_linear_1p
=============================================
Data loaded ...
Training started ....

Epoch : 1
Train Loss     : 1.7021	 | 	Train Accuracy     : 0.1875
Valid Loss     : 1.5176	 | 	Valid Accuracy     : 0.4801

Epoch : 2
Train Loss     : 1.1822	 | 	Train Accuracy     : 0.6094
Valid Loss     : 1.3004	 | 	Valid Accuracy     : 0.5728

Epoch : 3
Train Loss     : 0.8728	 | 	Train Accuracy     : 0.7656
Valid Loss     : 1.1329	 | 	Valid Accuracy     : 0.6257

Epoch : 4
Train Loss     : 0.7407	 | 	Train Accuracy     : 0.8281
Valid Loss     : 0.9827	 | 	Valid Accuracy     : 0.6456

Epoch : 5
Train Loss     : 0.5777	 | 	Train Accuracy     : 0.8750
Valid Loss     : 0.8540	 | 	Valid Accuracy     : 0.6662

Epoch : 6
Train Loss     : 0.5490	 | 	Train Accuracy     : 0.8594
Valid Loss     : 0.7731	 | 	Valid Accuracy     : 0.6930

Epoch : 7
Train Loss     : 0.4853	 | 	Train Accuracy     : 0.9375
Valid Loss     : 0.7118	 | 	Valid Accuracy     : 0.7218

Epoch : 8
Train Loss     : 0.4192	 | 	Train Accuracy     : 0.9219
Valid Loss     : 0.6657	 | 	Valid Accuracy     : 0.7569

Epoch : 9
Train Loss     : 0.3418	 | 	Train Accuracy     : 0.9375
Valid Loss     : 0.6476	 | 	Valid Accuracy     : 0.7521

Epoch : 10
Train Loss     : 0.3957	 | 	Train Accuracy     : 0.8750
Valid Loss     : 0.6417	 | 	Valid Accuracy     : 0.7521

Epoch : 11
Train Loss     : 0.3926	 | 	Train Accuracy     : 0.9062
Valid Loss     : 0.6262	 | 	Valid Accuracy     : 0.7637

Epoch : 12
Train Loss     : 0.3143	 | 	Train Accuracy     : 0.9219
Valid Loss     : 0.6086	 | 	Valid Accuracy     : 0.7727

Epoch : 13
Train Loss     : 0.3153	 | 	Train Accuracy     : 0.9375
Valid Loss     : 0.5985	 | 	Valid Accuracy     : 0.7768

Epoch : 14
Train Loss     : 0.2377	 | 	Train Accuracy     : 0.9688
Valid Loss     : 0.5872	 | 	Valid Accuracy     : 0.7843

Epoch : 15
Train Loss     : 0.2710	 | 	Train Accuracy     : 0.9531
Valid Loss     : 0.5909	 | 	Valid Accuracy     : 0.7795

Epoch : 16
Train Loss     : 0.2579	 | 	Train Accuracy     : 0.9375
Valid Loss     : 0.5816	 | 	Valid Accuracy     : 0.7830

Epoch : 17
Train Loss     : 0.2639	 | 	Train Accuracy     : 0.9531
Valid Loss     : 0.5849	 | 	Valid Accuracy     : 0.7788

Epoch : 18
Train Loss     : 0.2220	 | 	Train Accuracy     : 0.9531
Valid Loss     : 0.5808	 | 	Valid Accuracy     : 0.7768

Epoch : 19
Train Loss     : 0.2572	 | 	Train Accuracy     : 0.9219
Valid Loss     : 0.5751	 | 	Valid Accuracy     : 0.7816

Epoch : 20
Train Loss     : 0.2439	 | 	Train Accuracy     : 0.9219
Valid Loss     : 0.5629	 | 	Valid Accuracy     : 0.7953

Epoch : 21
Train Loss     : 0.2093	 | 	Train Accuracy     : 0.9531
Valid Loss     : 0.5525	 | 	Valid Accuracy     : 0.8056

Epoch : 22
Train Loss     : 0.1856	 | 	Train Accuracy     : 0.9688
Valid Loss     : 0.5528	 | 	Valid Accuracy     : 0.8022

Epoch : 23
Train Loss     : 0.2891	 | 	Train Accuracy     : 0.8750
Valid Loss     : 0.5586	 | 	Valid Accuracy     : 0.7953

Epoch : 24
Train Loss     : 0.1801	 | 	Train Accuracy     : 0.9531
Valid Loss     : 0.5766	 | 	Valid Accuracy     : 0.7830

Epoch : 25
Train Loss     : 0.1456	 | 	Train Accuracy     : 0.9531
Valid Loss     : 0.5856	 | 	Valid Accuracy     : 0.7802

Epoch : 26
Train Loss     : 0.2064	 | 	Train Accuracy     : 0.9531
Valid Loss     : 0.5841	 | 	Valid Accuracy     : 0.7843

Epoch : 27
Train Loss     : 0.3006	 | 	Train Accuracy     : 0.9219
Valid Loss     : 0.5786	 | 	Valid Accuracy     : 0.7933

Epoch : 28
Train Loss     : 0.2708	 | 	Train Accuracy     : 0.9062
Valid Loss     : 0.5480	 | 	Valid Accuracy     : 0.8043

Epoch : 29
Train Loss     : 0.1789	 | 	Train Accuracy     : 0.9531
Valid Loss     : 0.5352	 | 	Valid Accuracy     : 0.8118

Epoch : 30
Train Loss     : 0.1587	 | 	Train Accuracy     : 0.9688
Valid Loss     : 0.5332	 | 	Valid Accuracy     : 0.8139

Epoch : 31
Train Loss     : 0.1647	 | 	Train Accuracy     : 0.9688
Valid Loss     : 0.5442	 | 	Valid Accuracy     : 0.8056

Epoch : 32
Train Loss     : 0.1449	 | 	Train Accuracy     : 0.9844
Valid Loss     : 0.5682	 | 	Valid Accuracy     : 0.7953

Epoch : 33
Train Loss     : 0.1635	 | 	Train Accuracy     : 0.9844
Valid Loss     : 0.5838	 | 	Valid Accuracy     : 0.7905

Epoch : 34
Train Loss     : 0.1210	 | 	Train Accuracy     : 0.9844
Valid Loss     : 0.6007	 | 	Valid Accuracy     : 0.7857

Epoch : 35
Train Loss     : 0.1283	 | 	Train Accuracy     : 0.9375
Valid Loss     : 0.6092	 | 	Valid Accuracy     : 0.7816

Epoch : 36
Train Loss     : 0.1633	 | 	Train Accuracy     : 0.9531
Valid Loss     : 0.6082	 | 	Valid Accuracy     : 0.7850

Epoch : 37
Train Loss     : 0.1893	 | 	Train Accuracy     : 0.9531
Valid Loss     : 0.6105	 | 	Valid Accuracy     : 0.7782

Epoch : 38
Train Loss     : 0.2188	 | 	Train Accuracy     : 0.9062
Valid Loss     : 0.5920	 | 	Valid Accuracy     : 0.7898

Epoch : 39
Train Loss     : 0.1384	 | 	Train Accuracy     : 0.9531
Valid Loss     : 0.5753	 | 	Valid Accuracy     : 0.7926

Epoch : 40
Train Loss     : 0.1348	 | 	Train Accuracy     : 0.9844
Valid Loss     : 0.5660	 | 	Valid Accuracy     : 0.7960

Evaluate on the Test set:
Test loss      :0.6933	 | Test Accuracy      : 0.7233

################## Training is Done! #########################
Training time is : 0:00:26.512402
