=============================================
Dataset: HAR
Mode:    train_linear_1p
=============================================
Data loaded ...
Training started ....

Epoch : 1
Train Loss     : 1.8722	 | 	Train Accuracy     : 0.2500
Valid Loss     : 1.6132	 | 	Valid Accuracy     : 0.4087

Epoch : 2
Train Loss     : 1.2257	 | 	Train Accuracy     : 0.6562
Valid Loss     : 1.3642	 | 	Valid Accuracy     : 0.5117

Epoch : 3
Train Loss     : 0.9827	 | 	Train Accuracy     : 0.6719
Valid Loss     : 1.1884	 | 	Valid Accuracy     : 0.5584

Epoch : 4
Train Loss     : 0.7984	 | 	Train Accuracy     : 0.7031
Valid Loss     : 1.0154	 | 	Valid Accuracy     : 0.5927

Epoch : 5
Train Loss     : 0.6073	 | 	Train Accuracy     : 0.8281
Valid Loss     : 0.8745	 | 	Valid Accuracy     : 0.6696

Epoch : 6
Train Loss     : 0.5591	 | 	Train Accuracy     : 0.8438
Valid Loss     : 0.7615	 | 	Valid Accuracy     : 0.7266

Epoch : 7
Train Loss     : 0.5029	 | 	Train Accuracy     : 0.8906
Valid Loss     : 0.7027	 | 	Valid Accuracy     : 0.7514

Epoch : 8
Train Loss     : 0.4123	 | 	Train Accuracy     : 0.9531
Valid Loss     : 0.6684	 | 	Valid Accuracy     : 0.7658

Epoch : 9
Train Loss     : 0.3830	 | 	Train Accuracy     : 0.9375
Valid Loss     : 0.6448	 | 	Valid Accuracy     : 0.7630

Epoch : 10
Train Loss     : 0.3853	 | 	Train Accuracy     : 0.9531
Valid Loss     : 0.6226	 | 	Valid Accuracy     : 0.7672

Epoch : 11
Train Loss     : 0.4133	 | 	Train Accuracy     : 0.8750
Valid Loss     : 0.6046	 | 	Valid Accuracy     : 0.7630

Epoch : 12
Train Loss     : 0.3678	 | 	Train Accuracy     : 0.8906
Valid Loss     : 0.5781	 | 	Valid Accuracy     : 0.7885

Epoch : 13
Train Loss     : 0.3191	 | 	Train Accuracy     : 0.9375
Valid Loss     : 0.5695	 | 	Valid Accuracy     : 0.8008

Epoch : 14
Train Loss     : 0.3519	 | 	Train Accuracy     : 0.9062
Valid Loss     : 0.5748	 | 	Valid Accuracy     : 0.7837

Epoch : 15
Train Loss     : 0.2624	 | 	Train Accuracy     : 0.9688
Valid Loss     : 0.5841	 | 	Valid Accuracy     : 0.7768

Epoch : 16
Train Loss     : 0.2718	 | 	Train Accuracy     : 0.9375
Valid Loss     : 0.5922	 | 	Valid Accuracy     : 0.7754

Epoch : 17
Train Loss     : 0.2074	 | 	Train Accuracy     : 0.9531
Valid Loss     : 0.5839	 | 	Valid Accuracy     : 0.7864

Epoch : 18
Train Loss     : 0.2896	 | 	Train Accuracy     : 0.9219
Valid Loss     : 0.5870	 | 	Valid Accuracy     : 0.7850

Epoch : 19
Train Loss     : 0.2204	 | 	Train Accuracy     : 0.9531
Valid Loss     : 0.5801	 | 	Valid Accuracy     : 0.7885

Epoch : 20
Train Loss     : 0.2052	 | 	Train Accuracy     : 0.9531
Valid Loss     : 0.5862	 | 	Valid Accuracy     : 0.7795

Epoch : 21
Train Loss     : 0.2223	 | 	Train Accuracy     : 0.9688
Valid Loss     : 0.5831	 | 	Valid Accuracy     : 0.7768

Epoch : 22
Train Loss     : 0.1999	 | 	Train Accuracy     : 0.9844
Valid Loss     : 0.5596	 | 	Valid Accuracy     : 0.7960

Epoch : 23
Train Loss     : 0.1912	 | 	Train Accuracy     : 0.9531
Valid Loss     : 0.5503	 | 	Valid Accuracy     : 0.7953

Epoch : 24
Train Loss     : 0.2092	 | 	Train Accuracy     : 0.9531
Valid Loss     : 0.5514	 | 	Valid Accuracy     : 0.7912

Epoch : 25
Train Loss     : 0.1742	 | 	Train Accuracy     : 0.9375
Valid Loss     : 0.5540	 | 	Valid Accuracy     : 0.7940

Epoch : 26
Train Loss     : 0.2255	 | 	Train Accuracy     : 0.9062
Valid Loss     : 0.5581	 | 	Valid Accuracy     : 0.7960

Epoch : 27
Train Loss     : 0.2309	 | 	Train Accuracy     : 0.9375
Valid Loss     : 0.5741	 | 	Valid Accuracy     : 0.7974

Epoch : 28
Train Loss     : 0.2607	 | 	Train Accuracy     : 0.9062
Valid Loss     : 0.5658	 | 	Valid Accuracy     : 0.8043

Epoch : 29
Train Loss     : 0.2080	 | 	Train Accuracy     : 0.9219
Valid Loss     : 0.5606	 | 	Valid Accuracy     : 0.8036

Epoch : 30
Train Loss     : 0.1401	 | 	Train Accuracy     : 0.9531
Valid Loss     : 0.5522	 | 	Valid Accuracy     : 0.8118

Epoch : 31
Train Loss     : 0.1587	 | 	Train Accuracy     : 0.9531
Valid Loss     : 0.5496	 | 	Valid Accuracy     : 0.8063

Epoch : 32
Train Loss     : 0.2967	 | 	Train Accuracy     : 0.8594
Valid Loss     : 0.5752	 | 	Valid Accuracy     : 0.7960

Epoch : 33
Train Loss     : 0.1495	 | 	Train Accuracy     : 0.9531
Valid Loss     : 0.6101	 | 	Valid Accuracy     : 0.7788

Epoch : 34
Train Loss     : 0.1832	 | 	Train Accuracy     : 0.9375
Valid Loss     : 0.6263	 | 	Valid Accuracy     : 0.7720

Epoch : 35
Train Loss     : 0.1476	 | 	Train Accuracy     : 0.9844
Valid Loss     : 0.6278	 | 	Valid Accuracy     : 0.7692

Epoch : 36
Train Loss     : 0.1425	 | 	Train Accuracy     : 0.9531
Valid Loss     : 0.6068	 | 	Valid Accuracy     : 0.7850

Epoch : 37
Train Loss     : 0.1209	 | 	Train Accuracy     : 0.9844
Valid Loss     : 0.6020	 | 	Valid Accuracy     : 0.7843

Epoch : 38
Train Loss     : 0.1046	 | 	Train Accuracy     : 0.9844
Valid Loss     : 0.5965	 | 	Valid Accuracy     : 0.7864

Epoch : 39
Train Loss     : 0.1558	 | 	Train Accuracy     : 0.9219
Valid Loss     : 0.5802	 | 	Valid Accuracy     : 0.8001

Epoch : 40
Train Loss     : 0.2044	 | 	Train Accuracy     : 0.9531
Valid Loss     : 0.5783	 | 	Valid Accuracy     : 0.8029

Evaluate on the Test set:
Test loss      :0.7193	 | Test Accuracy      : 0.7253

################## Training is Done! #########################
Training time is : 0:00:25.072600
