=============================================
Dataset: HAR
Mode:    train_linear_1p
=============================================
Data loaded ...
Training started ....

Epoch : 1
Train Loss     : 1.9097	 | 	Train Accuracy     : 0.2031
Valid Loss     : 1.6752	 | 	Valid Accuracy     : 0.4609

Epoch : 2
Train Loss     : 1.4021	 | 	Train Accuracy     : 0.5000
Valid Loss     : 1.4225	 | 	Valid Accuracy     : 0.5000

Epoch : 3
Train Loss     : 1.0521	 | 	Train Accuracy     : 0.6562
Valid Loss     : 1.1999	 | 	Valid Accuracy     : 0.5460

Epoch : 4
Train Loss     : 0.8333	 | 	Train Accuracy     : 0.7812
Valid Loss     : 1.0243	 | 	Valid Accuracy     : 0.6319

Epoch : 5
Train Loss     : 0.7032	 | 	Train Accuracy     : 0.7812
Valid Loss     : 0.8963	 | 	Valid Accuracy     : 0.6841

Epoch : 6
Train Loss     : 0.5737	 | 	Train Accuracy     : 0.8906
Valid Loss     : 0.8039	 | 	Valid Accuracy     : 0.7109

Epoch : 7
Train Loss     : 0.5632	 | 	Train Accuracy     : 0.8750
Valid Loss     : 0.7264	 | 	Valid Accuracy     : 0.7335

Epoch : 8
Train Loss     : 0.4110	 | 	Train Accuracy     : 0.9375
Valid Loss     : 0.6789	 | 	Valid Accuracy     : 0.7397

Epoch : 9
Train Loss     : 0.4009	 | 	Train Accuracy     : 0.9062
Valid Loss     : 0.6582	 | 	Valid Accuracy     : 0.7459

Epoch : 10
Train Loss     : 0.4220	 | 	Train Accuracy     : 0.8750
Valid Loss     : 0.6417	 | 	Valid Accuracy     : 0.7486

Epoch : 11
Train Loss     : 0.3934	 | 	Train Accuracy     : 0.8906
Valid Loss     : 0.6299	 | 	Valid Accuracy     : 0.7589

Epoch : 12
Train Loss     : 0.3675	 | 	Train Accuracy     : 0.9219
Valid Loss     : 0.6175	 | 	Valid Accuracy     : 0.7624

Epoch : 13
Train Loss     : 0.3656	 | 	Train Accuracy     : 0.9219
Valid Loss     : 0.6156	 | 	Valid Accuracy     : 0.7521

Epoch : 14
Train Loss     : 0.3267	 | 	Train Accuracy     : 0.9219
Valid Loss     : 0.6024	 | 	Valid Accuracy     : 0.7603

Epoch : 15
Train Loss     : 0.3131	 | 	Train Accuracy     : 0.9531
Valid Loss     : 0.5840	 | 	Valid Accuracy     : 0.7720

Epoch : 16
Train Loss     : 0.2949	 | 	Train Accuracy     : 0.9062
Valid Loss     : 0.5831	 | 	Valid Accuracy     : 0.7699

Epoch : 17
Train Loss     : 0.2529	 | 	Train Accuracy     : 0.9531
Valid Loss     : 0.5743	 | 	Valid Accuracy     : 0.7706

Epoch : 18
Train Loss     : 0.2229	 | 	Train Accuracy     : 0.9375
Valid Loss     : 0.5640	 | 	Valid Accuracy     : 0.7782

Epoch : 19
Train Loss     : 0.2396	 | 	Train Accuracy     : 0.9375
Valid Loss     : 0.5672	 | 	Valid Accuracy     : 0.7816

Epoch : 20
Train Loss     : 0.2581	 | 	Train Accuracy     : 0.9375
Valid Loss     : 0.5771	 | 	Valid Accuracy     : 0.7788

Epoch : 21
Train Loss     : 0.2180	 | 	Train Accuracy     : 0.9531
Valid Loss     : 0.5902	 | 	Valid Accuracy     : 0.7747

Epoch : 22
Train Loss     : 0.2600	 | 	Train Accuracy     : 0.9219
Valid Loss     : 0.5917	 | 	Valid Accuracy     : 0.7782

Epoch : 23
Train Loss     : 0.2102	 | 	Train Accuracy     : 0.9688
Valid Loss     : 0.5875	 | 	Valid Accuracy     : 0.7830

Epoch : 24
Train Loss     : 0.2741	 | 	Train Accuracy     : 0.9375
Valid Loss     : 0.5694	 | 	Valid Accuracy     : 0.7905

Epoch : 25
Train Loss     : 0.1510	 | 	Train Accuracy     : 0.9688
Valid Loss     : 0.5572	 | 	Valid Accuracy     : 0.7988

Epoch : 26
Train Loss     : 0.2342	 | 	Train Accuracy     : 0.9375
Valid Loss     : 0.5475	 | 	Valid Accuracy     : 0.8008

Epoch : 27
Train Loss     : 0.1793	 | 	Train Accuracy     : 0.9375
Valid Loss     : 0.5476	 | 	Valid Accuracy     : 0.8022

Epoch : 28
Train Loss     : 0.1896	 | 	Train Accuracy     : 0.9688
Valid Loss     : 0.5511	 | 	Valid Accuracy     : 0.8022

Epoch : 29
Train Loss     : 0.1967	 | 	Train Accuracy     : 0.9375
Valid Loss     : 0.5557	 | 	Valid Accuracy     : 0.7940

Epoch : 30
Train Loss     : 0.1502	 | 	Train Accuracy     : 0.9688
Valid Loss     : 0.5904	 | 	Valid Accuracy     : 0.7768

Epoch : 31
Train Loss     : 0.2248	 | 	Train Accuracy     : 0.9531
Valid Loss     : 0.6025	 | 	Valid Accuracy     : 0.7768

Epoch : 32
Train Loss     : 0.2428	 | 	Train Accuracy     : 0.9062
Valid Loss     : 0.5936	 | 	Valid Accuracy     : 0.7795

Epoch : 33
Train Loss     : 0.1642	 | 	Train Accuracy     : 0.9531
Valid Loss     : 0.5957	 | 	Valid Accuracy     : 0.7782

Epoch : 34
Train Loss     : 0.1350	 | 	Train Accuracy     : 0.9844
Valid Loss     : 0.6034	 | 	Valid Accuracy     : 0.7761

Epoch : 35
Train Loss     : 0.1295	 | 	Train Accuracy     : 0.9688
Valid Loss     : 0.6085	 | 	Valid Accuracy     : 0.7747

Epoch : 36
Train Loss     : 0.2089	 | 	Train Accuracy     : 0.9375
Valid Loss     : 0.5923	 | 	Valid Accuracy     : 0.7809

Epoch : 37
Train Loss     : 0.2369	 | 	Train Accuracy     : 0.8906
Valid Loss     : 0.5808	 | 	Valid Accuracy     : 0.7898

Epoch : 38
Train Loss     : 0.1609	 | 	Train Accuracy     : 0.9531
Valid Loss     : 0.5800	 | 	Valid Accuracy     : 0.7864

Epoch : 39
Train Loss     : 0.1368	 | 	Train Accuracy     : 0.9531
Valid Loss     : 0.5786	 | 	Valid Accuracy     : 0.7898

Epoch : 40
Train Loss     : 0.1458	 | 	Train Accuracy     : 0.9531
Valid Loss     : 0.5779	 | 	Valid Accuracy     : 0.7878

Evaluate on the Test set:
Test loss      :0.7268	 | Test Accuracy      : 0.7169

################## Training is Done! #########################
Training time is : 0:00:18.216029
