=============================================
Dataset: HAR
Mode:    train_linear_1p
=============================================
Data loaded ...
Training started ....

Epoch : 1
Train Loss     : 1.7039	 | 	Train Accuracy     : 0.2344
Valid Loss     : 1.5162	 | 	Valid Accuracy     : 0.4753

Epoch : 2
Train Loss     : 1.1773	 | 	Train Accuracy     : 0.6250
Valid Loss     : 1.2989	 | 	Valid Accuracy     : 0.5831

Epoch : 3
Train Loss     : 0.8713	 | 	Train Accuracy     : 0.7812
Valid Loss     : 1.1315	 | 	Valid Accuracy     : 0.6339

Epoch : 4
Train Loss     : 0.7373	 | 	Train Accuracy     : 0.8125
Valid Loss     : 0.9820	 | 	Valid Accuracy     : 0.6394

Epoch : 5
Train Loss     : 0.5725	 | 	Train Accuracy     : 0.8750
Valid Loss     : 0.8536	 | 	Valid Accuracy     : 0.6648

Epoch : 6
Train Loss     : 0.5460	 | 	Train Accuracy     : 0.8750
Valid Loss     : 0.7720	 | 	Valid Accuracy     : 0.6848

Epoch : 7
Train Loss     : 0.4822	 | 	Train Accuracy     : 0.9219
Valid Loss     : 0.7092	 | 	Valid Accuracy     : 0.7136

Epoch : 8
Train Loss     : 0.4149	 | 	Train Accuracy     : 0.9219
Valid Loss     : 0.6624	 | 	Valid Accuracy     : 0.7562

Epoch : 9
Train Loss     : 0.3386	 | 	Train Accuracy     : 0.9375
Valid Loss     : 0.6440	 | 	Valid Accuracy     : 0.7541

Epoch : 10
Train Loss     : 0.3973	 | 	Train Accuracy     : 0.8750
Valid Loss     : 0.6363	 | 	Valid Accuracy     : 0.7514

Epoch : 11
Train Loss     : 0.3934	 | 	Train Accuracy     : 0.9062
Valid Loss     : 0.6213	 | 	Valid Accuracy     : 0.7624

Epoch : 12
Train Loss     : 0.3106	 | 	Train Accuracy     : 0.9375
Valid Loss     : 0.6054	 | 	Valid Accuracy     : 0.7775

Epoch : 13
Train Loss     : 0.3134	 | 	Train Accuracy     : 0.9375
Valid Loss     : 0.5970	 | 	Valid Accuracy     : 0.7782

Epoch : 14
Train Loss     : 0.2360	 | 	Train Accuracy     : 0.9688
Valid Loss     : 0.5866	 | 	Valid Accuracy     : 0.7843

Epoch : 15
Train Loss     : 0.2706	 | 	Train Accuracy     : 0.9531
Valid Loss     : 0.5902	 | 	Valid Accuracy     : 0.7747

Epoch : 16
Train Loss     : 0.2551	 | 	Train Accuracy     : 0.9375
Valid Loss     : 0.5801	 | 	Valid Accuracy     : 0.7788

Epoch : 17
Train Loss     : 0.2629	 | 	Train Accuracy     : 0.9531
Valid Loss     : 0.5835	 | 	Valid Accuracy     : 0.7761

Epoch : 18
Train Loss     : 0.2195	 | 	Train Accuracy     : 0.9531
Valid Loss     : 0.5796	 | 	Valid Accuracy     : 0.7754

Epoch : 19
Train Loss     : 0.2552	 | 	Train Accuracy     : 0.9219
Valid Loss     : 0.5733	 | 	Valid Accuracy     : 0.7816

Epoch : 20
Train Loss     : 0.2407	 | 	Train Accuracy     : 0.9219
Valid Loss     : 0.5597	 | 	Valid Accuracy     : 0.7988

Epoch : 21
Train Loss     : 0.2080	 | 	Train Accuracy     : 0.9688
Valid Loss     : 0.5496	 | 	Valid Accuracy     : 0.8084

Epoch : 22
Train Loss     : 0.1853	 | 	Train Accuracy     : 0.9688
Valid Loss     : 0.5494	 | 	Valid Accuracy     : 0.8056

Epoch : 23
Train Loss     : 0.2845	 | 	Train Accuracy     : 0.8750
Valid Loss     : 0.5542	 | 	Valid Accuracy     : 0.7940

Epoch : 24
Train Loss     : 0.1785	 | 	Train Accuracy     : 0.9688
Valid Loss     : 0.5715	 | 	Valid Accuracy     : 0.7843

Epoch : 25
Train Loss     : 0.1446	 | 	Train Accuracy     : 0.9531
Valid Loss     : 0.5823	 | 	Valid Accuracy     : 0.7782

Epoch : 26
Train Loss     : 0.2065	 | 	Train Accuracy     : 0.9531
Valid Loss     : 0.5822	 | 	Valid Accuracy     : 0.7795

Epoch : 27
Train Loss     : 0.3050	 | 	Train Accuracy     : 0.9219
Valid Loss     : 0.5778	 | 	Valid Accuracy     : 0.7912

Epoch : 28
Train Loss     : 0.2715	 | 	Train Accuracy     : 0.9062
Valid Loss     : 0.5466	 | 	Valid Accuracy     : 0.8049

Epoch : 29
Train Loss     : 0.1778	 | 	Train Accuracy     : 0.9531
Valid Loss     : 0.5331	 | 	Valid Accuracy     : 0.8084

Epoch : 30
Train Loss     : 0.1577	 | 	Train Accuracy     : 0.9688
Valid Loss     : 0.5302	 | 	Valid Accuracy     : 0.8118

Epoch : 31
Train Loss     : 0.1645	 | 	Train Accuracy     : 0.9688
Valid Loss     : 0.5395	 | 	Valid Accuracy     : 0.8063

Epoch : 32
Train Loss     : 0.1452	 | 	Train Accuracy     : 0.9844
Valid Loss     : 0.5618	 | 	Valid Accuracy     : 0.7974

Epoch : 33
Train Loss     : 0.1613	 | 	Train Accuracy     : 0.9844
Valid Loss     : 0.5770	 | 	Valid Accuracy     : 0.7926

Epoch : 34
Train Loss     : 0.1209	 | 	Train Accuracy     : 0.9844
Valid Loss     : 0.5948	 | 	Valid Accuracy     : 0.7837

Epoch : 35
Train Loss     : 0.1255	 | 	Train Accuracy     : 0.9375
Valid Loss     : 0.6037	 | 	Valid Accuracy     : 0.7823

Epoch : 36
Train Loss     : 0.1617	 | 	Train Accuracy     : 0.9531
Valid Loss     : 0.6028	 | 	Valid Accuracy     : 0.7843

Epoch : 37
Train Loss     : 0.1888	 | 	Train Accuracy     : 0.9531
Valid Loss     : 0.6057	 | 	Valid Accuracy     : 0.7795

Epoch : 38
Train Loss     : 0.2197	 | 	Train Accuracy     : 0.9062
Valid Loss     : 0.5869	 | 	Valid Accuracy     : 0.7905

Epoch : 39
Train Loss     : 0.1366	 | 	Train Accuracy     : 0.9531
Valid Loss     : 0.5710	 | 	Valid Accuracy     : 0.7891

Epoch : 40
Train Loss     : 0.1349	 | 	Train Accuracy     : 0.9844
Valid Loss     : 0.5621	 | 	Valid Accuracy     : 0.7967

Evaluate on the Test set:
Test loss      :0.6897	 | Test Accuracy      : 0.7216

################## Training is Done! #########################
Training time is : 0:00:25.505136
