=============================================
Dataset: HAR
Mode:    train_linear_1p
=============================================
Data loaded ...
Training started ....

Epoch : 1
Train Loss     : 1.7763	 | 	Train Accuracy     : 0.3125
Valid Loss     : 1.5565	 | 	Valid Accuracy     : 0.4718

Epoch : 2
Train Loss     : 1.2538	 | 	Train Accuracy     : 0.6094
Valid Loss     : 1.3134	 | 	Valid Accuracy     : 0.5859

Epoch : 3
Train Loss     : 0.9313	 | 	Train Accuracy     : 0.7188
Valid Loss     : 1.1065	 | 	Valid Accuracy     : 0.6312

Epoch : 4
Train Loss     : 0.7662	 | 	Train Accuracy     : 0.7969
Valid Loss     : 0.9593	 | 	Valid Accuracy     : 0.6312

Epoch : 5
Train Loss     : 0.6358	 | 	Train Accuracy     : 0.9062
Valid Loss     : 0.8401	 | 	Valid Accuracy     : 0.6875

Epoch : 6
Train Loss     : 0.5232	 | 	Train Accuracy     : 0.9375
Valid Loss     : 0.7607	 | 	Valid Accuracy     : 0.7198

Epoch : 7
Train Loss     : 0.4900	 | 	Train Accuracy     : 0.9219
Valid Loss     : 0.7130	 | 	Valid Accuracy     : 0.7301

Epoch : 8
Train Loss     : 0.4418	 | 	Train Accuracy     : 0.8906
Valid Loss     : 0.6754	 | 	Valid Accuracy     : 0.7431

Epoch : 9
Train Loss     : 0.3776	 | 	Train Accuracy     : 0.9062
Valid Loss     : 0.6499	 | 	Valid Accuracy     : 0.7445

Epoch : 10
Train Loss     : 0.3093	 | 	Train Accuracy     : 0.9531
Valid Loss     : 0.6311	 | 	Valid Accuracy     : 0.7603

Epoch : 11
Train Loss     : 0.3054	 | 	Train Accuracy     : 0.9531
Valid Loss     : 0.6135	 | 	Valid Accuracy     : 0.7713

Epoch : 12
Train Loss     : 0.2983	 | 	Train Accuracy     : 0.9062
Valid Loss     : 0.6092	 | 	Valid Accuracy     : 0.7706

Epoch : 13
Train Loss     : 0.3259	 | 	Train Accuracy     : 0.8906
Valid Loss     : 0.6045	 | 	Valid Accuracy     : 0.7679

Epoch : 14
Train Loss     : 0.2550	 | 	Train Accuracy     : 0.9375
Valid Loss     : 0.5959	 | 	Valid Accuracy     : 0.7692

Epoch : 15
Train Loss     : 0.2059	 | 	Train Accuracy     : 0.9688
Valid Loss     : 0.5938	 | 	Valid Accuracy     : 0.7679

Epoch : 16
Train Loss     : 0.2582	 | 	Train Accuracy     : 0.9375
Valid Loss     : 0.5866	 | 	Valid Accuracy     : 0.7720

Epoch : 17
Train Loss     : 0.2683	 | 	Train Accuracy     : 0.9375
Valid Loss     : 0.5681	 | 	Valid Accuracy     : 0.7926

Epoch : 18
Train Loss     : 0.2759	 | 	Train Accuracy     : 0.9375
Valid Loss     : 0.5647	 | 	Valid Accuracy     : 0.7898

Epoch : 19
Train Loss     : 0.2697	 | 	Train Accuracy     : 0.9219
Valid Loss     : 0.5632	 | 	Valid Accuracy     : 0.7974

Epoch : 20
Train Loss     : 0.2185	 | 	Train Accuracy     : 0.9688
Valid Loss     : 0.5757	 | 	Valid Accuracy     : 0.7857

Epoch : 21
Train Loss     : 0.2392	 | 	Train Accuracy     : 0.9219
Valid Loss     : 0.5719	 | 	Valid Accuracy     : 0.7864

Epoch : 22
Train Loss     : 0.2506	 | 	Train Accuracy     : 0.9531
Valid Loss     : 0.5827	 | 	Valid Accuracy     : 0.7816

Epoch : 23
Train Loss     : 0.2112	 | 	Train Accuracy     : 0.9531
Valid Loss     : 0.5852	 | 	Valid Accuracy     : 0.7809

Epoch : 24
Train Loss     : 0.2020	 | 	Train Accuracy     : 0.9531
Valid Loss     : 0.5793	 | 	Valid Accuracy     : 0.7857

Epoch : 25
Train Loss     : 0.1806	 | 	Train Accuracy     : 0.9375
Valid Loss     : 0.5730	 | 	Valid Accuracy     : 0.7864

Epoch : 26
Train Loss     : 0.2073	 | 	Train Accuracy     : 0.9219
Valid Loss     : 0.5914	 | 	Valid Accuracy     : 0.7706

Epoch : 27
Train Loss     : 0.2189	 | 	Train Accuracy     : 0.9219
Valid Loss     : 0.5813	 | 	Valid Accuracy     : 0.7795

Epoch : 28
Train Loss     : 0.2124	 | 	Train Accuracy     : 0.9688
Valid Loss     : 0.5665	 | 	Valid Accuracy     : 0.7864

Epoch : 29
Train Loss     : 0.1520	 | 	Train Accuracy     : 0.9844
Valid Loss     : 0.5468	 | 	Valid Accuracy     : 0.7995

Epoch : 30
Train Loss     : 0.1593	 | 	Train Accuracy     : 0.9375
Valid Loss     : 0.5426	 | 	Valid Accuracy     : 0.8001

Epoch : 31
Train Loss     : 0.2224	 | 	Train Accuracy     : 0.9531
Valid Loss     : 0.5546	 | 	Valid Accuracy     : 0.8022

Epoch : 32
Train Loss     : 0.1434	 | 	Train Accuracy     : 0.9531
Valid Loss     : 0.5459	 | 	Valid Accuracy     : 0.7995

Epoch : 33
Train Loss     : 0.1384	 | 	Train Accuracy     : 0.9688
Valid Loss     : 0.5442	 | 	Valid Accuracy     : 0.7960

Epoch : 34
Train Loss     : 0.2003	 | 	Train Accuracy     : 0.9375
Valid Loss     : 0.5469	 | 	Valid Accuracy     : 0.7981

Epoch : 35
Train Loss     : 0.2079	 | 	Train Accuracy     : 0.9375
Valid Loss     : 0.5585	 | 	Valid Accuracy     : 0.7898

Epoch : 36
Train Loss     : 0.1639	 | 	Train Accuracy     : 0.9688
Valid Loss     : 0.5600	 | 	Valid Accuracy     : 0.7912

Epoch : 37
Train Loss     : 0.1531	 | 	Train Accuracy     : 0.9375
Valid Loss     : 0.5609	 | 	Valid Accuracy     : 0.7946

Epoch : 38
Train Loss     : 0.1375	 | 	Train Accuracy     : 0.9688
Valid Loss     : 0.5697	 | 	Valid Accuracy     : 0.7926

Epoch : 39
Train Loss     : 0.1092	 | 	Train Accuracy     : 0.9688
Valid Loss     : 0.5777	 | 	Valid Accuracy     : 0.7940

Epoch : 40
Train Loss     : 0.2355	 | 	Train Accuracy     : 0.9062
Valid Loss     : 0.6032	 | 	Valid Accuracy     : 0.7837

Evaluate on the Test set:
Test loss      :0.7311	 | Test Accuracy      : 0.7044

################## Training is Done! #########################
Training time is : 0:00:23.463050
