=============================================
Dataset: HAR
Mode:    train_linear_1p
=============================================
Data loaded ...
Training started ....

Epoch : 1
Train Loss     : 1.6903	 | 	Train Accuracy     : 0.2344
Valid Loss     : 1.5095	 | 	Valid Accuracy     : 0.4897

Epoch : 2
Train Loss     : 1.1744	 | 	Train Accuracy     : 0.6250
Valid Loss     : 1.2935	 | 	Valid Accuracy     : 0.5975

Epoch : 3
Train Loss     : 0.8604	 | 	Train Accuracy     : 0.7656
Valid Loss     : 1.1293	 | 	Valid Accuracy     : 0.6257

Epoch : 4
Train Loss     : 0.7328	 | 	Train Accuracy     : 0.8281
Valid Loss     : 0.9822	 | 	Valid Accuracy     : 0.6298

Epoch : 5
Train Loss     : 0.5737	 | 	Train Accuracy     : 0.8906
Valid Loss     : 0.8540	 | 	Valid Accuracy     : 0.6545

Epoch : 6
Train Loss     : 0.5412	 | 	Train Accuracy     : 0.8750
Valid Loss     : 0.7725	 | 	Valid Accuracy     : 0.6848

Epoch : 7
Train Loss     : 0.4796	 | 	Train Accuracy     : 0.9219
Valid Loss     : 0.7101	 | 	Valid Accuracy     : 0.7122

Epoch : 8
Train Loss     : 0.4110	 | 	Train Accuracy     : 0.9219
Valid Loss     : 0.6633	 | 	Valid Accuracy     : 0.7589

Epoch : 9
Train Loss     : 0.3390	 | 	Train Accuracy     : 0.9531
Valid Loss     : 0.6448	 | 	Valid Accuracy     : 0.7555

Epoch : 10
Train Loss     : 0.3946	 | 	Train Accuracy     : 0.8750
Valid Loss     : 0.6366	 | 	Valid Accuracy     : 0.7548

Epoch : 11
Train Loss     : 0.3905	 | 	Train Accuracy     : 0.8906
Valid Loss     : 0.6185	 | 	Valid Accuracy     : 0.7685

Epoch : 12
Train Loss     : 0.3103	 | 	Train Accuracy     : 0.9219
Valid Loss     : 0.6007	 | 	Valid Accuracy     : 0.7823

Epoch : 13
Train Loss     : 0.3132	 | 	Train Accuracy     : 0.9219
Valid Loss     : 0.5922	 | 	Valid Accuracy     : 0.7788

Epoch : 14
Train Loss     : 0.2334	 | 	Train Accuracy     : 0.9688
Valid Loss     : 0.5828	 | 	Valid Accuracy     : 0.7857

Epoch : 15
Train Loss     : 0.2706	 | 	Train Accuracy     : 0.9531
Valid Loss     : 0.5881	 | 	Valid Accuracy     : 0.7782

Epoch : 16
Train Loss     : 0.2579	 | 	Train Accuracy     : 0.9375
Valid Loss     : 0.5793	 | 	Valid Accuracy     : 0.7802

Epoch : 17
Train Loss     : 0.2613	 | 	Train Accuracy     : 0.9531
Valid Loss     : 0.5835	 | 	Valid Accuracy     : 0.7782

Epoch : 18
Train Loss     : 0.2220	 | 	Train Accuracy     : 0.9531
Valid Loss     : 0.5786	 | 	Valid Accuracy     : 0.7761

Epoch : 19
Train Loss     : 0.2537	 | 	Train Accuracy     : 0.9219
Valid Loss     : 0.5731	 | 	Valid Accuracy     : 0.7788

Epoch : 20
Train Loss     : 0.2378	 | 	Train Accuracy     : 0.9219
Valid Loss     : 0.5602	 | 	Valid Accuracy     : 0.7974

Epoch : 21
Train Loss     : 0.2076	 | 	Train Accuracy     : 0.9688
Valid Loss     : 0.5494	 | 	Valid Accuracy     : 0.8084

Epoch : 22
Train Loss     : 0.1864	 | 	Train Accuracy     : 0.9688
Valid Loss     : 0.5494	 | 	Valid Accuracy     : 0.8022

Epoch : 23
Train Loss     : 0.2895	 | 	Train Accuracy     : 0.8750
Valid Loss     : 0.5552	 | 	Valid Accuracy     : 0.7946

Epoch : 24
Train Loss     : 0.1812	 | 	Train Accuracy     : 0.9531
Valid Loss     : 0.5735	 | 	Valid Accuracy     : 0.7850

Epoch : 25
Train Loss     : 0.1424	 | 	Train Accuracy     : 0.9531
Valid Loss     : 0.5839	 | 	Valid Accuracy     : 0.7809

Epoch : 26
Train Loss     : 0.2035	 | 	Train Accuracy     : 0.9531
Valid Loss     : 0.5831	 | 	Valid Accuracy     : 0.7823

Epoch : 27
Train Loss     : 0.3046	 | 	Train Accuracy     : 0.9219
Valid Loss     : 0.5783	 | 	Valid Accuracy     : 0.7891

Epoch : 28
Train Loss     : 0.2695	 | 	Train Accuracy     : 0.9062
Valid Loss     : 0.5482	 | 	Valid Accuracy     : 0.8029

Epoch : 29
Train Loss     : 0.1797	 | 	Train Accuracy     : 0.9531
Valid Loss     : 0.5355	 | 	Valid Accuracy     : 0.8091

Epoch : 30
Train Loss     : 0.1607	 | 	Train Accuracy     : 0.9688
Valid Loss     : 0.5330	 | 	Valid Accuracy     : 0.8070

Epoch : 31
Train Loss     : 0.1686	 | 	Train Accuracy     : 0.9688
Valid Loss     : 0.5428	 | 	Valid Accuracy     : 0.8043

Epoch : 32
Train Loss     : 0.1437	 | 	Train Accuracy     : 0.9844
Valid Loss     : 0.5656	 | 	Valid Accuracy     : 0.7926

Epoch : 33
Train Loss     : 0.1615	 | 	Train Accuracy     : 0.9844
Valid Loss     : 0.5812	 | 	Valid Accuracy     : 0.7898

Epoch : 34
Train Loss     : 0.1192	 | 	Train Accuracy     : 0.9844
Valid Loss     : 0.5989	 | 	Valid Accuracy     : 0.7823

Epoch : 35
Train Loss     : 0.1283	 | 	Train Accuracy     : 0.9375
Valid Loss     : 0.6066	 | 	Valid Accuracy     : 0.7788

Epoch : 36
Train Loss     : 0.1607	 | 	Train Accuracy     : 0.9531
Valid Loss     : 0.6049	 | 	Valid Accuracy     : 0.7830

Epoch : 37
Train Loss     : 0.1862	 | 	Train Accuracy     : 0.9531
Valid Loss     : 0.6079	 | 	Valid Accuracy     : 0.7795

Epoch : 38
Train Loss     : 0.2140	 | 	Train Accuracy     : 0.9062
Valid Loss     : 0.5892	 | 	Valid Accuracy     : 0.7898

Epoch : 39
Train Loss     : 0.1349	 | 	Train Accuracy     : 0.9531
Valid Loss     : 0.5729	 | 	Valid Accuracy     : 0.7933

Epoch : 40
Train Loss     : 0.1333	 | 	Train Accuracy     : 0.9844
Valid Loss     : 0.5637	 | 	Valid Accuracy     : 0.7933

Evaluate on the Test set:
Test loss      :0.6888	 | Test Accuracy      : 0.7226

################## Training is Done! #########################
Training time is : 0:00:25.934984
