=============================================
Dataset: HAR
Mode:    train_linear_1p
=============================================
Data loaded ...
Training started ....

Epoch : 1
Train Loss     : 1.9182	 | 	Train Accuracy     : 0.2031
Valid Loss     : 1.6884	 | 	Valid Accuracy     : 0.4684

Epoch : 2
Train Loss     : 1.4069	 | 	Train Accuracy     : 0.4844
Valid Loss     : 1.4204	 | 	Valid Accuracy     : 0.5158

Epoch : 3
Train Loss     : 1.0408	 | 	Train Accuracy     : 0.6719
Valid Loss     : 1.1899	 | 	Valid Accuracy     : 0.5666

Epoch : 4
Train Loss     : 0.8286	 | 	Train Accuracy     : 0.7812
Valid Loss     : 1.0127	 | 	Valid Accuracy     : 0.6600

Epoch : 5
Train Loss     : 0.6985	 | 	Train Accuracy     : 0.7812
Valid Loss     : 0.8855	 | 	Valid Accuracy     : 0.6971

Epoch : 6
Train Loss     : 0.5625	 | 	Train Accuracy     : 0.8906
Valid Loss     : 0.7905	 | 	Valid Accuracy     : 0.7191

Epoch : 7
Train Loss     : 0.5534	 | 	Train Accuracy     : 0.8750
Valid Loss     : 0.7114	 | 	Valid Accuracy     : 0.7541

Epoch : 8
Train Loss     : 0.4009	 | 	Train Accuracy     : 0.9375
Valid Loss     : 0.6639	 | 	Valid Accuracy     : 0.7569

Epoch : 9
Train Loss     : 0.4005	 | 	Train Accuracy     : 0.9062
Valid Loss     : 0.6416	 | 	Valid Accuracy     : 0.7596

Epoch : 10
Train Loss     : 0.4131	 | 	Train Accuracy     : 0.8750
Valid Loss     : 0.6240	 | 	Valid Accuracy     : 0.7624

Epoch : 11
Train Loss     : 0.3872	 | 	Train Accuracy     : 0.8906
Valid Loss     : 0.6113	 | 	Valid Accuracy     : 0.7734

Epoch : 12
Train Loss     : 0.3587	 | 	Train Accuracy     : 0.9219
Valid Loss     : 0.5984	 | 	Valid Accuracy     : 0.7740

Epoch : 13
Train Loss     : 0.3647	 | 	Train Accuracy     : 0.9219
Valid Loss     : 0.5973	 | 	Valid Accuracy     : 0.7665

Epoch : 14
Train Loss     : 0.3207	 | 	Train Accuracy     : 0.9375
Valid Loss     : 0.5865	 | 	Valid Accuracy     : 0.7699

Epoch : 15
Train Loss     : 0.3086	 | 	Train Accuracy     : 0.9531
Valid Loss     : 0.5693	 | 	Valid Accuracy     : 0.7843

Epoch : 16
Train Loss     : 0.2926	 | 	Train Accuracy     : 0.9062
Valid Loss     : 0.5686	 | 	Valid Accuracy     : 0.7837

Epoch : 17
Train Loss     : 0.2514	 | 	Train Accuracy     : 0.9531
Valid Loss     : 0.5589	 | 	Valid Accuracy     : 0.7816

Epoch : 18
Train Loss     : 0.2164	 | 	Train Accuracy     : 0.9375
Valid Loss     : 0.5484	 | 	Valid Accuracy     : 0.7905

Epoch : 19
Train Loss     : 0.2382	 | 	Train Accuracy     : 0.9375
Valid Loss     : 0.5518	 | 	Valid Accuracy     : 0.7898

Epoch : 20
Train Loss     : 0.2522	 | 	Train Accuracy     : 0.9375
Valid Loss     : 0.5619	 | 	Valid Accuracy     : 0.7871

Epoch : 21
Train Loss     : 0.2176	 | 	Train Accuracy     : 0.9531
Valid Loss     : 0.5745	 | 	Valid Accuracy     : 0.7823

Epoch : 22
Train Loss     : 0.2474	 | 	Train Accuracy     : 0.9375
Valid Loss     : 0.5773	 | 	Valid Accuracy     : 0.7871

Epoch : 23
Train Loss     : 0.2075	 | 	Train Accuracy     : 0.9688
Valid Loss     : 0.5747	 | 	Valid Accuracy     : 0.7885

Epoch : 24
Train Loss     : 0.2635	 | 	Train Accuracy     : 0.9375
Valid Loss     : 0.5586	 | 	Valid Accuracy     : 0.7974

Epoch : 25
Train Loss     : 0.1516	 | 	Train Accuracy     : 0.9688
Valid Loss     : 0.5467	 | 	Valid Accuracy     : 0.8015

Epoch : 26
Train Loss     : 0.2274	 | 	Train Accuracy     : 0.9375
Valid Loss     : 0.5374	 | 	Valid Accuracy     : 0.8070

Epoch : 27
Train Loss     : 0.1728	 | 	Train Accuracy     : 0.9375
Valid Loss     : 0.5369	 | 	Valid Accuracy     : 0.8056

Epoch : 28
Train Loss     : 0.1867	 | 	Train Accuracy     : 0.9688
Valid Loss     : 0.5397	 | 	Valid Accuracy     : 0.8098

Epoch : 29
Train Loss     : 0.1888	 | 	Train Accuracy     : 0.9375
Valid Loss     : 0.5447	 | 	Valid Accuracy     : 0.8008

Epoch : 30
Train Loss     : 0.1443	 | 	Train Accuracy     : 0.9688
Valid Loss     : 0.5801	 | 	Valid Accuracy     : 0.7816

Epoch : 31
Train Loss     : 0.2217	 | 	Train Accuracy     : 0.9531
Valid Loss     : 0.5899	 | 	Valid Accuracy     : 0.7816

Epoch : 32
Train Loss     : 0.2345	 | 	Train Accuracy     : 0.9062
Valid Loss     : 0.5802	 | 	Valid Accuracy     : 0.7843

Epoch : 33
Train Loss     : 0.1628	 | 	Train Accuracy     : 0.9531
Valid Loss     : 0.5825	 | 	Valid Accuracy     : 0.7788

Epoch : 34
Train Loss     : 0.1302	 | 	Train Accuracy     : 0.9844
Valid Loss     : 0.5911	 | 	Valid Accuracy     : 0.7775

Epoch : 35
Train Loss     : 0.1298	 | 	Train Accuracy     : 0.9688
Valid Loss     : 0.5981	 | 	Valid Accuracy     : 0.7761

Epoch : 36
Train Loss     : 0.2030	 | 	Train Accuracy     : 0.9375
Valid Loss     : 0.5830	 | 	Valid Accuracy     : 0.7850

Epoch : 37
Train Loss     : 0.2318	 | 	Train Accuracy     : 0.8906
Valid Loss     : 0.5715	 | 	Valid Accuracy     : 0.7919

Epoch : 38
Train Loss     : 0.1580	 | 	Train Accuracy     : 0.9531
Valid Loss     : 0.5610	 | 	Valid Accuracy     : 0.7960

Epoch : 39
Train Loss     : 0.1333	 | 	Train Accuracy     : 0.9531
Valid Loss     : 0.5606	 | 	Valid Accuracy     : 0.7960

Epoch : 40
Train Loss     : 0.1397	 | 	Train Accuracy     : 0.9688
Valid Loss     : 0.5599	 | 	Valid Accuracy     : 0.7940

Evaluate on the Test set:
Test loss      :0.7104	 | Test Accuracy      : 0.7206

################## Training is Done! #########################
Training time is : 0:00:20.126286
