=============================================
Dataset: HAR
Mode:    train_linear_1p
=============================================
Data loaded ...
Training started ....

Epoch : 1
Train Loss     : 1.6898	 | 	Train Accuracy     : 0.2188
Valid Loss     : 1.5129	 | 	Valid Accuracy     : 0.4773

Epoch : 2
Train Loss     : 1.1743	 | 	Train Accuracy     : 0.6250
Valid Loss     : 1.2970	 | 	Valid Accuracy     : 0.5769

Epoch : 3
Train Loss     : 0.8682	 | 	Train Accuracy     : 0.7500
Valid Loss     : 1.1324	 | 	Valid Accuracy     : 0.6216

Epoch : 4
Train Loss     : 0.7379	 | 	Train Accuracy     : 0.8125
Valid Loss     : 0.9838	 | 	Valid Accuracy     : 0.6367

Epoch : 5
Train Loss     : 0.5702	 | 	Train Accuracy     : 0.8906
Valid Loss     : 0.8567	 | 	Valid Accuracy     : 0.6587

Epoch : 6
Train Loss     : 0.5462	 | 	Train Accuracy     : 0.8906
Valid Loss     : 0.7764	 | 	Valid Accuracy     : 0.6827

Epoch : 7
Train Loss     : 0.4831	 | 	Train Accuracy     : 0.9219
Valid Loss     : 0.7153	 | 	Valid Accuracy     : 0.7129

Epoch : 8
Train Loss     : 0.4180	 | 	Train Accuracy     : 0.9219
Valid Loss     : 0.6691	 | 	Valid Accuracy     : 0.7486

Epoch : 9
Train Loss     : 0.3404	 | 	Train Accuracy     : 0.9375
Valid Loss     : 0.6514	 | 	Valid Accuracy     : 0.7527

Epoch : 10
Train Loss     : 0.3948	 | 	Train Accuracy     : 0.8750
Valid Loss     : 0.6434	 | 	Valid Accuracy     : 0.7548

Epoch : 11
Train Loss     : 0.3892	 | 	Train Accuracy     : 0.9062
Valid Loss     : 0.6267	 | 	Valid Accuracy     : 0.7617

Epoch : 12
Train Loss     : 0.3131	 | 	Train Accuracy     : 0.9219
Valid Loss     : 0.6100	 | 	Valid Accuracy     : 0.7754

Epoch : 13
Train Loss     : 0.3107	 | 	Train Accuracy     : 0.9531
Valid Loss     : 0.5999	 | 	Valid Accuracy     : 0.7788

Epoch : 14
Train Loss     : 0.2365	 | 	Train Accuracy     : 0.9688
Valid Loss     : 0.5892	 | 	Valid Accuracy     : 0.7857

Epoch : 15
Train Loss     : 0.2697	 | 	Train Accuracy     : 0.9531
Valid Loss     : 0.5942	 | 	Valid Accuracy     : 0.7795

Epoch : 16
Train Loss     : 0.2587	 | 	Train Accuracy     : 0.9375
Valid Loss     : 0.5855	 | 	Valid Accuracy     : 0.7809

Epoch : 17
Train Loss     : 0.2603	 | 	Train Accuracy     : 0.9688
Valid Loss     : 0.5895	 | 	Valid Accuracy     : 0.7782

Epoch : 18
Train Loss     : 0.2189	 | 	Train Accuracy     : 0.9531
Valid Loss     : 0.5857	 | 	Valid Accuracy     : 0.7734

Epoch : 19
Train Loss     : 0.2570	 | 	Train Accuracy     : 0.9375
Valid Loss     : 0.5801	 | 	Valid Accuracy     : 0.7761

Epoch : 20
Train Loss     : 0.2409	 | 	Train Accuracy     : 0.9219
Valid Loss     : 0.5664	 | 	Valid Accuracy     : 0.7974

Epoch : 21
Train Loss     : 0.2075	 | 	Train Accuracy     : 0.9688
Valid Loss     : 0.5546	 | 	Valid Accuracy     : 0.8056

Epoch : 22
Train Loss     : 0.1863	 | 	Train Accuracy     : 0.9688
Valid Loss     : 0.5544	 | 	Valid Accuracy     : 0.7988

Epoch : 23
Train Loss     : 0.2892	 | 	Train Accuracy     : 0.8750
Valid Loss     : 0.5605	 | 	Valid Accuracy     : 0.7905

Epoch : 24
Train Loss     : 0.1815	 | 	Train Accuracy     : 0.9531
Valid Loss     : 0.5800	 | 	Valid Accuracy     : 0.7788

Epoch : 25
Train Loss     : 0.1445	 | 	Train Accuracy     : 0.9531
Valid Loss     : 0.5905	 | 	Valid Accuracy     : 0.7782

Epoch : 26
Train Loss     : 0.2080	 | 	Train Accuracy     : 0.9531
Valid Loss     : 0.5888	 | 	Valid Accuracy     : 0.7816

Epoch : 27
Train Loss     : 0.3060	 | 	Train Accuracy     : 0.9219
Valid Loss     : 0.5825	 | 	Valid Accuracy     : 0.7898

Epoch : 28
Train Loss     : 0.2667	 | 	Train Accuracy     : 0.9062
Valid Loss     : 0.5520	 | 	Valid Accuracy     : 0.8015

Epoch : 29
Train Loss     : 0.1778	 | 	Train Accuracy     : 0.9531
Valid Loss     : 0.5391	 | 	Valid Accuracy     : 0.8049

Epoch : 30
Train Loss     : 0.1595	 | 	Train Accuracy     : 0.9688
Valid Loss     : 0.5360	 | 	Valid Accuracy     : 0.8056

Epoch : 31
Train Loss     : 0.1684	 | 	Train Accuracy     : 0.9688
Valid Loss     : 0.5463	 | 	Valid Accuracy     : 0.8008

Epoch : 32
Train Loss     : 0.1448	 | 	Train Accuracy     : 0.9844
Valid Loss     : 0.5697	 | 	Valid Accuracy     : 0.7926

Epoch : 33
Train Loss     : 0.1628	 | 	Train Accuracy     : 0.9844
Valid Loss     : 0.5857	 | 	Valid Accuracy     : 0.7885

Epoch : 34
Train Loss     : 0.1199	 | 	Train Accuracy     : 0.9844
Valid Loss     : 0.6028	 | 	Valid Accuracy     : 0.7830

Epoch : 35
Train Loss     : 0.1274	 | 	Train Accuracy     : 0.9375
Valid Loss     : 0.6102	 | 	Valid Accuracy     : 0.7823

Epoch : 36
Train Loss     : 0.1605	 | 	Train Accuracy     : 0.9531
Valid Loss     : 0.6081	 | 	Valid Accuracy     : 0.7823

Epoch : 37
Train Loss     : 0.1882	 | 	Train Accuracy     : 0.9375
Valid Loss     : 0.6105	 | 	Valid Accuracy     : 0.7727

Epoch : 38
Train Loss     : 0.2180	 | 	Train Accuracy     : 0.9062
Valid Loss     : 0.5924	 | 	Valid Accuracy     : 0.7823

Epoch : 39
Train Loss     : 0.1376	 | 	Train Accuracy     : 0.9531
Valid Loss     : 0.5757	 | 	Valid Accuracy     : 0.7871

Epoch : 40
Train Loss     : 0.1363	 | 	Train Accuracy     : 0.9844
Valid Loss     : 0.5668	 | 	Valid Accuracy     : 0.7933

Evaluate on the Test set:
Test loss      :0.6895	 | Test Accuracy      : 0.7186

################## Training is Done! #########################
Training time is : 0:00:25.669976
