=============================================
Dataset: Epilepsy
Mode:    ft_1p
=============================================
Data loaded ...
Training started ....

Epoch : 1
Train Loss     : 0.5031	 | 	Train Accuracy     : 0.6719
Valid Loss     : 0.7624	 | 	Valid Accuracy     : 0.2565

Epoch : 2
Train Loss     : 0.2647	 | 	Train Accuracy     : 0.9062
Valid Loss     : 0.6931	 | 	Valid Accuracy     : 0.4451

Epoch : 3
Train Loss     : 0.1890	 | 	Train Accuracy     : 0.9688
Valid Loss     : 0.4865	 | 	Valid Accuracy     : 0.8071

Epoch : 4
Train Loss     : 0.1735	 | 	Train Accuracy     : 0.9062
Valid Loss     : 0.2147	 | 	Valid Accuracy     : 0.9462

Epoch : 5
Train Loss     : 0.1053	 | 	Train Accuracy     : 0.9531
Valid Loss     : 0.1588	 | 	Valid Accuracy     : 0.9473

Epoch : 6
Train Loss     : 0.1060	 | 	Train Accuracy     : 0.9688
Valid Loss     : 0.1446	 | 	Valid Accuracy     : 0.9457

Epoch : 7
Train Loss     : 0.0923	 | 	Train Accuracy     : 0.9688
Valid Loss     : 0.1488	 | 	Valid Accuracy     : 0.9429

Epoch : 8
Train Loss     : 0.0836	 | 	Train Accuracy     : 0.9531
Valid Loss     : 0.1485	 | 	Valid Accuracy     : 0.9429

Epoch : 9
Train Loss     : 0.0914	 | 	Train Accuracy     : 0.9844
Valid Loss     : 0.1571	 | 	Valid Accuracy     : 0.9424

Epoch : 10
Train Loss     : 0.0616	 | 	Train Accuracy     : 0.9688
Valid Loss     : 0.1724	 | 	Valid Accuracy     : 0.9370

Epoch : 11
Train Loss     : 0.0409	 | 	Train Accuracy     : 1.0000
Valid Loss     : 0.1771	 | 	Valid Accuracy     : 0.9359

Epoch : 12
Train Loss     : 0.0490	 | 	Train Accuracy     : 0.9844
Valid Loss     : 0.1808	 | 	Valid Accuracy     : 0.9364

Epoch : 13
Train Loss     : 0.0565	 | 	Train Accuracy     : 0.9688
Valid Loss     : 0.1717	 | 	Valid Accuracy     : 0.9386

Epoch : 14
Train Loss     : 0.0516	 | 	Train Accuracy     : 0.9844
Valid Loss     : 0.1706	 | 	Valid Accuracy     : 0.9397

Epoch : 15
Train Loss     : 0.0469	 | 	Train Accuracy     : 0.9844
Valid Loss     : 0.1844	 | 	Valid Accuracy     : 0.9375

Epoch : 16
Train Loss     : 0.0223	 | 	Train Accuracy     : 1.0000
Valid Loss     : 0.2037	 | 	Valid Accuracy     : 0.9337

Epoch : 17
Train Loss     : 0.0213	 | 	Train Accuracy     : 1.0000
Valid Loss     : 0.2174	 | 	Valid Accuracy     : 0.9321

Epoch : 18
Train Loss     : 0.0250	 | 	Train Accuracy     : 1.0000
Valid Loss     : 0.2158	 | 	Valid Accuracy     : 0.9321

Epoch : 19
Train Loss     : 0.0209	 | 	Train Accuracy     : 1.0000
Valid Loss     : 0.2082	 | 	Valid Accuracy     : 0.9342

Epoch : 20
Train Loss     : 0.0405	 | 	Train Accuracy     : 0.9844
Valid Loss     : 0.2073	 | 	Valid Accuracy     : 0.9342

Epoch : 21
Train Loss     : 0.0577	 | 	Train Accuracy     : 0.9688
Valid Loss     : 0.2062	 | 	Valid Accuracy     : 0.9342

Epoch : 22
Train Loss     : 0.0307	 | 	Train Accuracy     : 0.9844
Valid Loss     : 0.1970	 | 	Valid Accuracy     : 0.9375

Epoch : 23
Train Loss     : 0.0241	 | 	Train Accuracy     : 1.0000
Valid Loss     : 0.1920	 | 	Valid Accuracy     : 0.9375

Epoch : 24
Train Loss     : 0.0407	 | 	Train Accuracy     : 0.9844
Valid Loss     : 0.1886	 | 	Valid Accuracy     : 0.9375

Epoch : 25
Train Loss     : 0.0161	 | 	Train Accuracy     : 1.0000
Valid Loss     : 0.1855	 | 	Valid Accuracy     : 0.9380

Epoch : 26
Train Loss     : 0.0285	 | 	Train Accuracy     : 1.0000
Valid Loss     : 0.1778	 | 	Valid Accuracy     : 0.9397

Epoch : 27
Train Loss     : 0.0215	 | 	Train Accuracy     : 1.0000
Valid Loss     : 0.1768	 | 	Valid Accuracy     : 0.9391

Epoch : 28
Train Loss     : 0.0296	 | 	Train Accuracy     : 1.0000
Valid Loss     : 0.1758	 | 	Valid Accuracy     : 0.9397

Epoch : 29
Train Loss     : 0.0317	 | 	Train Accuracy     : 1.0000
Valid Loss     : 0.1761	 | 	Valid Accuracy     : 0.9391

Epoch : 30
Train Loss     : 0.0224	 | 	Train Accuracy     : 1.0000
Valid Loss     : 0.1764	 | 	Valid Accuracy     : 0.9391

Epoch : 31
Train Loss     : 0.0283	 | 	Train Accuracy     : 1.0000
Valid Loss     : 0.1800	 | 	Valid Accuracy     : 0.9386

Epoch : 32
Train Loss     : 0.0269	 | 	Train Accuracy     : 1.0000
Valid Loss     : 0.1771	 | 	Valid Accuracy     : 0.9391

Epoch : 33
Train Loss     : 0.0196	 | 	Train Accuracy     : 1.0000
Valid Loss     : 0.1810	 | 	Valid Accuracy     : 0.9386

Epoch : 34
Train Loss     : 0.0281	 | 	Train Accuracy     : 1.0000
Valid Loss     : 0.1797	 | 	Valid Accuracy     : 0.9386

Epoch : 35
Train Loss     : 0.0212	 | 	Train Accuracy     : 1.0000
Valid Loss     : 0.1791	 | 	Valid Accuracy     : 0.9386

Epoch : 36
Train Loss     : 0.0183	 | 	Train Accuracy     : 1.0000
Valid Loss     : 0.1758	 | 	Valid Accuracy     : 0.9391

Epoch : 37
Train Loss     : 0.0323	 | 	Train Accuracy     : 1.0000
Valid Loss     : 0.1753	 | 	Valid Accuracy     : 0.9397

Epoch : 38
Train Loss     : 0.0197	 | 	Train Accuracy     : 1.0000
Valid Loss     : 0.1754	 | 	Valid Accuracy     : 0.9391

Epoch : 39
Train Loss     : 0.0223	 | 	Train Accuracy     : 1.0000
Valid Loss     : 0.1777	 | 	Valid Accuracy     : 0.9391

Epoch : 40
Train Loss     : 0.0237	 | 	Train Accuracy     : 1.0000
Valid Loss     : 0.1761	 | 	Valid Accuracy     : 0.9391

Evaluate on the Test set:
Test loss      :0.1644	 | Test Accuracy      : 0.9429

################## Training is Done! #########################
Training time is : 0:00:20.765430
