=============================================
Dataset: Epilepsy
Mode:    ft_1p
=============================================
Data loaded ...
Training started ....

Epoch : 1
Train Loss     : 0.5734	 | 	Train Accuracy     : 0.7031
Valid Loss     : 0.9106	 | 	Valid Accuracy     : 0.2065

Epoch : 2
Train Loss     : 0.2624	 | 	Train Accuracy     : 0.9062
Valid Loss     : 1.1114	 | 	Valid Accuracy     : 0.2120

Epoch : 3
Train Loss     : 0.1813	 | 	Train Accuracy     : 0.9531
Valid Loss     : 0.8086	 | 	Valid Accuracy     : 0.3766

Epoch : 4
Train Loss     : 0.1714	 | 	Train Accuracy     : 0.9219
Valid Loss     : 0.2554	 | 	Valid Accuracy     : 0.9353

Epoch : 5
Train Loss     : 0.0905	 | 	Train Accuracy     : 0.9531
Valid Loss     : 0.1678	 | 	Valid Accuracy     : 0.9457

Epoch : 6
Train Loss     : 0.0987	 | 	Train Accuracy     : 0.9688
Valid Loss     : 0.1461	 | 	Valid Accuracy     : 0.9462

Epoch : 7
Train Loss     : 0.0832	 | 	Train Accuracy     : 0.9688
Valid Loss     : 0.1486	 | 	Valid Accuracy     : 0.9413

Epoch : 8
Train Loss     : 0.0922	 | 	Train Accuracy     : 0.9531
Valid Loss     : 0.1481	 | 	Valid Accuracy     : 0.9408

Epoch : 9
Train Loss     : 0.0818	 | 	Train Accuracy     : 0.9844
Valid Loss     : 0.1666	 | 	Valid Accuracy     : 0.9364

Epoch : 10
Train Loss     : 0.0562	 | 	Train Accuracy     : 0.9844
Valid Loss     : 0.1861	 | 	Valid Accuracy     : 0.9326

Epoch : 11
Train Loss     : 0.0465	 | 	Train Accuracy     : 1.0000
Valid Loss     : 0.1807	 | 	Valid Accuracy     : 0.9348

Epoch : 12
Train Loss     : 0.0446	 | 	Train Accuracy     : 1.0000
Valid Loss     : 0.1715	 | 	Valid Accuracy     : 0.9364

Epoch : 13
Train Loss     : 0.0503	 | 	Train Accuracy     : 0.9688
Valid Loss     : 0.1598	 | 	Valid Accuracy     : 0.9408

Epoch : 14
Train Loss     : 0.0513	 | 	Train Accuracy     : 1.0000
Valid Loss     : 0.1671	 | 	Valid Accuracy     : 0.9397

Epoch : 15
Train Loss     : 0.0301	 | 	Train Accuracy     : 1.0000
Valid Loss     : 0.1932	 | 	Valid Accuracy     : 0.9342

Epoch : 16
Train Loss     : 0.0185	 | 	Train Accuracy     : 1.0000
Valid Loss     : 0.2173	 | 	Valid Accuracy     : 0.9321

Epoch : 17
Train Loss     : 0.0196	 | 	Train Accuracy     : 1.0000
Valid Loss     : 0.2274	 | 	Valid Accuracy     : 0.9304

Epoch : 18
Train Loss     : 0.0199	 | 	Train Accuracy     : 1.0000
Valid Loss     : 0.2262	 | 	Valid Accuracy     : 0.9304

Epoch : 19
Train Loss     : 0.0284	 | 	Train Accuracy     : 0.9844
Valid Loss     : 0.2184	 | 	Valid Accuracy     : 0.9326

Epoch : 20
Train Loss     : 0.0457	 | 	Train Accuracy     : 0.9844
Valid Loss     : 0.2169	 | 	Valid Accuracy     : 0.9326

Epoch : 21
Train Loss     : 0.0639	 | 	Train Accuracy     : 0.9375
Valid Loss     : 0.2145	 | 	Valid Accuracy     : 0.9326

Epoch : 22
Train Loss     : 0.0208	 | 	Train Accuracy     : 1.0000
Valid Loss     : 0.2043	 | 	Valid Accuracy     : 0.9332

Epoch : 23
Train Loss     : 0.0255	 | 	Train Accuracy     : 1.0000
Valid Loss     : 0.1977	 | 	Valid Accuracy     : 0.9321

Epoch : 24
Train Loss     : 0.0306	 | 	Train Accuracy     : 1.0000
Valid Loss     : 0.1924	 | 	Valid Accuracy     : 0.9359

Epoch : 25
Train Loss     : 0.0134	 | 	Train Accuracy     : 1.0000
Valid Loss     : 0.1880	 | 	Valid Accuracy     : 0.9375

Epoch : 26
Train Loss     : 0.0285	 | 	Train Accuracy     : 1.0000
Valid Loss     : 0.1811	 | 	Valid Accuracy     : 0.9391

Epoch : 27
Train Loss     : 0.0189	 | 	Train Accuracy     : 1.0000
Valid Loss     : 0.1799	 | 	Valid Accuracy     : 0.9391

Epoch : 28
Train Loss     : 0.0231	 | 	Train Accuracy     : 1.0000
Valid Loss     : 0.1784	 | 	Valid Accuracy     : 0.9386

Epoch : 29
Train Loss     : 0.0246	 | 	Train Accuracy     : 1.0000
Valid Loss     : 0.1784	 | 	Valid Accuracy     : 0.9375

Epoch : 30
Train Loss     : 0.0188	 | 	Train Accuracy     : 1.0000
Valid Loss     : 0.1790	 | 	Valid Accuracy     : 0.9375

Epoch : 31
Train Loss     : 0.0249	 | 	Train Accuracy     : 1.0000
Valid Loss     : 0.1811	 | 	Valid Accuracy     : 0.9386

Epoch : 32
Train Loss     : 0.0196	 | 	Train Accuracy     : 1.0000
Valid Loss     : 0.1788	 | 	Valid Accuracy     : 0.9386

Epoch : 33
Train Loss     : 0.0177	 | 	Train Accuracy     : 1.0000
Valid Loss     : 0.1814	 | 	Valid Accuracy     : 0.9386

Epoch : 34
Train Loss     : 0.0306	 | 	Train Accuracy     : 0.9844
Valid Loss     : 0.1810	 | 	Valid Accuracy     : 0.9391

Epoch : 35
Train Loss     : 0.0202	 | 	Train Accuracy     : 1.0000
Valid Loss     : 0.1811	 | 	Valid Accuracy     : 0.9386

Epoch : 36
Train Loss     : 0.0183	 | 	Train Accuracy     : 1.0000
Valid Loss     : 0.1787	 | 	Valid Accuracy     : 0.9380

Epoch : 37
Train Loss     : 0.0218	 | 	Train Accuracy     : 1.0000
Valid Loss     : 0.1788	 | 	Valid Accuracy     : 0.9380

Epoch : 38
Train Loss     : 0.0211	 | 	Train Accuracy     : 1.0000
Valid Loss     : 0.1794	 | 	Valid Accuracy     : 0.9386

Epoch : 39
Train Loss     : 0.0235	 | 	Train Accuracy     : 1.0000
Valid Loss     : 0.1807	 | 	Valid Accuracy     : 0.9386

Epoch : 40
Train Loss     : 0.0186	 | 	Train Accuracy     : 1.0000
Valid Loss     : 0.1796	 | 	Valid Accuracy     : 0.9386

Evaluate on the Test set:
Test loss      :0.1651	 | Test Accuracy      : 0.9437

################## Training is Done! #########################
Training time is : 0:00:22.208271
